Archive member included to satisfy reference by file (symbol)

/opt/devkitpro/libnx/lib/libnx.a(switch_crt0.o)
                              (_start)
/opt/devkitpro/libnx/lib/libnx.a(dynamic.o)
                              /opt/devkitpro/libnx/lib/libnx.a(switch_crt0.o) (__nx_dynamic)
/opt/devkitpro/libnx/lib/libnx.a(init.o)
                              /opt/devkitpro/libnx/lib/libnx.a(switch_crt0.o) (__libnx_init)
/opt/devkitpro/libnx/lib/libnx.a(env.o)
                              /opt/devkitpro/libnx/lib/libnx.a(init.o) (envSetup)
/opt/devkitpro/libnx/lib/libnx.a(newlib.o)
                              /opt/devkitpro/libnx/lib/libnx.a(init.o) (__libnx_init_time)
/opt/devkitpro/libnx/lib/libnx.a(diag.o)
                              /opt/devkitpro/libnx/lib/libnx.a(dynamic.o) (diagAbortWithResult)
/opt/devkitpro/libnx/lib/libnx.a(argv.o)
                              /opt/devkitpro/libnx/lib/libnx.a(init.o) (argvSetup)
/opt/devkitpro/libnx/lib/libnx.a(fs_dev.o)
                              /opt/devkitpro/libnx/lib/libnx.a(init.o) (fsdevMountSdmc)
/opt/devkitpro/libnx/lib/libnx.a(decode_utf8.o)
                              /opt/devkitpro/libnx/lib/libnx.a(fs_dev.o) (decode_utf8)
/opt/devkitpro/libnx/lib/libnx.a(svc.o)
                              /opt/devkitpro/libnx/lib/libnx.a(init.o) (svcSetHeapSize)
/opt/devkitpro/libnx/lib/libnx.a(exception.o)
                              /opt/devkitpro/libnx/lib/libnx.a(switch_crt0.o) (__libnx_exception_entry)
/opt/devkitpro/libnx/lib/libnx.a(readtp.o)
                              /opt/devkitpro/libnx/lib/libnx.a(fs_dev.o) (__aarch64_read_tp)
/opt/devkitpro/libnx/lib/libnx.a(mutex.o)
                              /opt/devkitpro/libnx/lib/libnx.a(newlib.o) (mutexLock)
/opt/devkitpro/libnx/lib/libnx.a(virtmem.o)
                              /opt/devkitpro/libnx/lib/libnx.a(init.o) (virtmemSetup)
/opt/devkitpro/libnx/lib/libnx.a(condvar.o)
                              /opt/devkitpro/libnx/lib/libnx.a(newlib.o) (condvarWaitTimeout)
/opt/devkitpro/libnx/lib/libnx.a(random.o)
                              /opt/devkitpro/libnx/lib/libnx.a(virtmem.o) (randomGet64)
/opt/devkitpro/libnx/lib/libnx.a(thread.o)
                              /opt/devkitpro/libnx/lib/libnx.a(init.o) (__libnx_init_thread)
/opt/devkitpro/libnx/lib/libnx.a(set.o)
                              /opt/devkitpro/libnx/lib/libnx.a(init.o) (setsysInitialize)
/opt/devkitpro/libnx/lib/libnx.a(fs.o)
                              /opt/devkitpro/libnx/lib/libnx.a(init.o) (fsInitialize)
/opt/devkitpro/libnx/lib/libnx.a(sm.o)
                              /opt/devkitpro/libnx/lib/libnx.a(env.o) (smAddOverrideHandle)
/opt/devkitpro/libnx/lib/libnx.a(applet.o)
                              /opt/devkitpro/libnx/lib/libnx.a(init.o) (__nx_applet_type)
/opt/devkitpro/libnx/lib/libnx.a(time.o)
                              /opt/devkitpro/libnx/lib/libnx.a(init.o) (timeInitialize)
/opt/devkitpro/libnx/lib/libnx.a(hid.o)
                              /opt/devkitpro/libnx/lib/libnx.a(init.o) (hidInitialize)
/opt/devkitpro/libnx/lib/libnx.a(hosversion.o)
                              /opt/devkitpro/libnx/lib/libnx.a(init.o) (hosversionGet)
/opt/devkitpro/libnx/lib/libnx.a(nxlink.o)
                              /opt/devkitpro/libnx/lib/libnx.a(argv.o) (nxlinkSetup)
/opt/devkitpro/libnx/lib/libnx.a(alloc.o)
                              /opt/devkitpro/libnx/lib/libnx.a(newlib.o) (__libnx_alloc)
/opt/devkitpro/libnx/lib/libnx.a(path_buf.o)
                              /opt/devkitpro/libnx/lib/libnx.a(fs_dev.o) (__nx_dev_path_buf)
/opt/devkitpro/libnx/lib/libnx.a(shmem.o)
                              /opt/devkitpro/libnx/lib/libnx.a(time.o) (shmemLoadRemote)
/opt/devkitpro/libnx/lib/libnx.a(wait.o)
                              /opt/devkitpro/libnx/lib/libnx.a(applet.o) (waitObjects)
/opt/devkitpro/libnx/lib/libnx.a(tmem.o)
                              /opt/devkitpro/libnx/lib/libnx.a(applet.o) (tmemCreate)
/opt/devkitpro/libnx/lib/libnx.a(event.o)
                              /opt/devkitpro/libnx/lib/libnx.a(set.o) (eventLoadRemote)
/opt/devkitpro/libnx/lib/libnx.a(sessionmgr.o)
                              /opt/devkitpro/libnx/lib/libnx.a(fs.o) (sessionmgrCreate)
/opt/devkitpro/libnx/lib/libnx.a(apm.o)
                              /opt/devkitpro/libnx/lib/libnx.a(applet.o) (apmInitialize)
/opt/devkitpro/devkitA64/lib/gcc/aarch64-none-elf/15.2.0/../../../../aarch64-none-elf/lib/pic/libg.a(libc_a-memset.o)
                              /opt/devkitpro/libnx/lib/libnx.a(dynamic.o) (memset)
/opt/devkitpro/devkitA64/lib/gcc/aarch64-none-elf/15.2.0/../../../../aarch64-none-elf/lib/pic/libg.a(libc_a-setenv.o)
                              /opt/devkitpro/libnx/lib/libnx.a(newlib.o) (setenv)
/opt/devkitpro/devkitA64/lib/gcc/aarch64-none-elf/15.2.0/../../../../aarch64-none-elf/lib/pic/libg.a(libc_a-strcmp.o)
                              /opt/devkitpro/libnx/lib/libnx.a(fs_dev.o) (strcmp)
[...]
Memory Configuration

Name             Origin             Length             Attributes
*default*        0x0000000000000000 0xffffffffffffffff

Linker script and memory map

                0x0000000000000000                PROVIDE (__start__ = 0x0)
                0x0000000000000000                . = __start__
                [!provide]                        PROVIDE (__code_start = .)

.text           0x0000000000000000     0xf648
 *(.crt0)
 .crt0          0x0000000000000000      0x130 /opt/devkitpro/libnx/lib/libnx.a(switch_crt0.o)
                0x0000000000000000                _start
                0x00000000000000e0                __nx_exit
                0x00000000000000f0                __nx_mod0
 *(.text.unlikely .text.*_unlikely .text.unlikely.*)
 *(.text.exit .text.exit.*)
 *fill*         0x0000000000000130       0x10 
 .text.exit     0x0000000000000140       0x34 /opt/devkitpro/devkitA64/lib/gcc/aarch64-none-elf/15.2.0/../../../../aarch64-none-elf/lib/pic/libg.a(libc_a-exit.o)
                0x0000000000000140                exit
 *(.text.startup .text.startup.*)
 *fill*         0x0000000000000174        0xc 
 .text.startup.main
                0x0000000000000180       0x2c build/src/main.o
                0x0000000000000180                main
 *(.text.hot .text.hot.*)
 *(.text .stub .text.* .gnu.linkonce.t.*)
 *fill*         0x00000000000001ac       0x14 
 .text.__do_global_dtors_aux
                0x00000000000001c0       0x50 /opt/devkitpro/devkitA64/lib/gcc/aarch64-none-elf/15.2.0/pic/crtbegin.o
 *fill*         0x0000000000000210       0x10 
 .text.frame_dummy
                0x0000000000000220       0x24 /opt/devkitpro/devkitA64/lib/gcc/aarch64-none-elf/15.2.0/pic/crtbegin.o
 *fill*         0x0000000000000244        0xc 
 .text.__nx_dynamic
                0x0000000000000250      0x1fc /opt/devkitpro/libnx/lib/libnx.a(dynamic.o)
                0x0000000000000250                __nx_dynamic
 *fill*         0x000000000000044c        0x4 
 .text.__libnx_initheap
                0x0000000000000450       0xd0 /opt/devkitpro/libnx/lib/libnx.a(init.o)
                0x0000000000000450                __libnx_initheap
 .text.__appInit
                0x0000000000000520       0xec /opt/devkitpro/libnx/lib/libnx.a(init.o)
                0x0000000000000520                __appInit
 *fill*         0x000000000000060c        0x4 
 .text.__appExit
                0x0000000000000610       0x44 /opt/devkitpro/libnx/lib/libnx.a(init.o)
                0x0000000000000610                __appExit
 *fill*         0x0000000000000654        0xc 
 .text.__libnx_init
                0x0000000000000660       0x2c /opt/devkitpro/libnx/lib/libnx.a(init.o)
                0x0000000000000660                __libnx_init
 *fill*         0x000000000000068c        0x4 
 .text.__libnx_exit
                0x0000000000000690       0x1c /opt/devkitpro/libnx/lib/libnx.a(init.o)
                0x0000000000000690                __libnx_exit
 *fill*         0x00000000000006ac        0x4 
 .text.envSetup
                0x00000000000006b0      0x208 /opt/devkitpro/libnx/lib/libnx.a(env.o)
                0x00000000000006b0                envSetup
 *fill*         0x00000000000008b8        0x8 
 .text.envGetMainThreadHandle
                0x00000000000008c0       0x20 /opt/devkitpro/libnx/lib/libnx.a(env.o)
                0x00000000000008c0                envGetMainThreadHandle
 .text.envIsNso
                0x00000000000008e0        0xc /opt/devkitpro/libnx/lib/libnx.a(env.o)
                0x00000000000008e0                envIsNso
 *fill*         0x00000000000008ec        0x4 
 .text.envHasHeapOverride
                0x00000000000008f0       0x14 /opt/devkitpro/libnx/lib/libnx.a(env.o)
                0x00000000000008f0                envHasHeapOverride
 *fill*         0x0000000000000904        0xc 
 .text.envGetHeapOverrideAddr
                0x0000000000000910        0xc /opt/devkitpro/libnx/lib/libnx.a(env.o)
                0x0000000000000910                envGetHeapOverrideAddr
 *fill*         0x000000000000091c        0x4 
 .text.envGetHeapOverrideSize
                0x0000000000000920        0xc /opt/devkitpro/libnx/lib/libnx.a(env.o)
                0x0000000000000920                envGetHeapOverrideSize
 *fill*         0x000000000000092c        0x4 
 .text.envHasArgv
                0x0000000000000930       0x14 /opt/devkitpro/libnx/lib/libnx.a(env.o)
                0x0000000000000930                envHasArgv
 *fill*         0x0000000000000944        0xc 
 .text.envGetArgv
                0x0000000000000950        0xc /opt/devkitpro/libnx/lib/libnx.a(env.o)
                0x0000000000000950                envGetArgv
 *fill*         0x000000000000095c        0x4 
 .text.envGetExitFuncPtr
                0x0000000000000960        0xc /opt/devkitpro/libnx/lib/libnx.a(env.o)
                0x0000000000000960                envGetExitFuncPtr
 *fill*         0x000000000000096c        0x4 
 .text.envSetExitFuncPtr
                0x0000000000000970        0xc /opt/devkitpro/libnx/lib/libnx.a(env.o)
                0x0000000000000970                envSetExitFuncPtr
 *fill*         0x000000000000097c        0x4 
 .text.envHasRandomSeed
                0x0000000000000980        0xc /opt/devkitpro/libnx/lib/libnx.a(env.o)
                0x0000000000000980                envHasRandomSeed
 *fill*         0x000000000000098c        0x4 
 .text.envGetRandomSeed
                0x0000000000000990       0x10 /opt/devkitpro/libnx/lib/libnx.a(env.o)
                0x0000000000000990                envGetRandomSeed
 .text.__syscall_exit
                0x00000000000009a0       0x1c /opt/devkitpro/libnx/lib/libnx.a(newlib.o)
                0x00000000000009a0                __syscall_exit
 *fill*         0x00000000000009bc        0x4 
 .text.__syscall_getreent
                0x00000000000009c0       0x34 /opt/devkitpro/libnx/lib/libnx.a(newlib.o)
                0x00000000000009c0                __syscall_getreent
 *fill*         0x00000000000009f4        0xc 
 .text.__syscall_lock_acquire
                0x0000000000000a00        0x4 /opt/devkitpro/libnx/lib/libnx.a(newlib.o)
                0x0000000000000a00                __syscall_lock_acquire
 *fill*         0x0000000000000a04        0xc 
 .text.__syscall_lock_release
                0x0000000000000a10        0x4 /opt/devkitpro/libnx/lib/libnx.a(newlib.o)
                0x0000000000000a10                __syscall_lock_release
 *fill*         0x0000000000000a14        0xc 
 .text.__syscall_lock_acquire_recursive
                0x0000000000000a20        0x4 /opt/devkitpro/libnx/lib/libnx.a(newlib.o)
                0x0000000000000a20                __syscall_lock_acquire_recursive
 *fill*         0x0000000000000a24        0xc 
 .text.__syscall_lock_release_recursive
                0x0000000000000a30        0x4 /opt/devkitpro/libnx/lib/libnx.a(newlib.o)
                0x0000000000000a30                __syscall_lock_release_recursive
 *fill*         0x0000000000000a34        0xc 
 .text.__libnx_init_time
                0x0000000000000a40      0x25c /opt/devkitpro/libnx/lib/libnx.a(newlib.o)
                0x0000000000000a40                __libnx_init_time
 *fill*         0x0000000000000c9c        0x4 
 .text.newlibSetup
                0x0000000000000ca0       0x98 /opt/devkitpro/libnx/lib/libnx.a(newlib.o)
                0x0000000000000ca0                newlibSetup
 *fill*         0x0000000000000d38        0x8 
 .text.diagAbortWithResult
                0x0000000000000d40       0x1c /opt/devkitpro/libnx/lib/libnx.a(diag.o)
                0x0000000000000d40                diagAbortWithResult
 *fill*         0x0000000000000d5c        0x4 
 .text.argvSetup
                0x0000000000000d60      0x314 /opt/devkitpro/libnx/lib/libnx.a(argv.o)
                0x0000000000000d60                argvSetup
 *fill*         0x0000000000001074        0xc 
 .text.fsdev_link
                0x0000000000001080       0x10 /opt/devkitpro/libnx/lib/libnx.a(fs_dev.o)
 .text.fsdev_dirreset
                0x0000000000001090       0x10 /opt/devkitpro/libnx/lib/libnx.a(fs_dev.o)
 .text.fsdev_chmod
                0x00000000000010a0       0x10 /opt/devkitpro/libnx/lib/libnx.a(fs_dev.o)
 .text.error_cmp
                0x00000000000010b0       0x18 /opt/devkitpro/libnx/lib/libnx.a(fs_dev.o)
 *fill*         0x00000000000010c8        0x8 
 .text.fsdev_dirclose
                0x00000000000010d0       0x20 /opt/devkitpro/libnx/lib/libnx.a(fs_dev.o)
 .text.fsdev_close
                0x00000000000010f0       0x1c /opt/devkitpro/libnx/lib/libnx.a(fs_dev.o)
 *fill*         0x000000000000110c        0x4 
 .text.fsdev_converttimetoutc
                0x0000000000001110       0x74 /opt/devkitpro/libnx/lib/libnx.a(fs_dev.o)
 *fill*         0x0000000000001184        0xc 
 .text.fsdevFindDevice.part.0
                0x0000000000001190       0xd4 /opt/devkitpro/libnx/lib/libnx.a(fs_dev.o)
 *fill*         0x0000000000001264        0xc 
 .text.fsdev_fixpath
                0x0000000000001270      0x1cc /opt/devkitpro/libnx/lib/libnx.a(fs_dev.o)
 *fill*         0x000000000000143c        0x4 
 .text._fsdevUnmountDeviceStruct.part.0
                0x0000000000001440       0x9c /opt/devkitpro/libnx/lib/libnx.a(fs_dev.o)
 *fill*         0x00000000000014dc        0x4 
 .text.fsdev_fchmod
                0x00000000000014e0       0x10 /opt/devkitpro/libnx/lib/libnx.a(fs_dev.o)
 .text.fsdev_diropen
                0x00000000000014f0      0x100 /opt/devkitpro/libnx/lib/libnx.a(fs_dev.o)
 .text.fsdev_statvfs
                0x00000000000015f0       0xf8 /opt/devkitpro/libnx/lib/libnx.a(fs_dev.o)
 *fill*         0x00000000000016e8        0x8 
 .text.fsdev_fsync
                0x00000000000016f0       0x7c /opt/devkitpro/libnx/lib/libnx.a(fs_dev.o)
 *fill*         0x000000000000176c        0x4 
 .text.fsdev_fstat
                0x0000000000001770       0xec /opt/devkitpro/libnx/lib/libnx.a(fs_dev.o)
 *fill*         0x000000000000185c        0x4 
 .text.fsdev_ftruncate
                0x0000000000001860       0x94 /opt/devkitpro/libnx/lib/libnx.a(fs_dev.o)
 *fill*         0x00000000000018f4        0xc 
 .text.fsdev_stat
                0x0000000000001900      0x1d8 /opt/devkitpro/libnx/lib/libnx.a(fs_dev.o)
 *fill*         0x0000000000001ad8        0x8 
 .text.fsdev_rename
                0x0000000000001ae0      0x14c /opt/devkitpro/libnx/lib/libnx.a(fs_dev.o)
 *fill*         0x0000000000001c2c        0x4 
 .text.fsdev_chdir
                0x0000000000001c30      0x13c /opt/devkitpro/libnx/lib/libnx.a(fs_dev.o)
 *fill*         0x0000000000001d6c        0x4 
 .text.fsdev_rmdir
                0x0000000000001d70       0xa4 /opt/devkitpro/libnx/lib/libnx.a(fs_dev.o)
 *fill*         0x0000000000001e14        0xc 
 .text.fsdev_mkdir
                0x0000000000001e20       0xa4 /opt/devkitpro/libnx/lib/libnx.a(fs_dev.o)
 *fill*         0x0000000000001ec4        0xc 
 .text.fsdev_unlink
                0x0000000000001ed0       0xa4 /opt/devkitpro/libnx/lib/libnx.a(fs_dev.o)
 *fill*         0x0000000000001f74        0xc 
 .text.fsdev_write_safe
                0x0000000000001f80      0x13c /opt/devkitpro/libnx/lib/libnx.a(fs_dev.o)
 *fill*         0x00000000000020bc        0x4 
 .text.fsdev_read_safe
                0x00000000000020c0      0x134 /opt/devkitpro/libnx/lib/libnx.a(fs_dev.o)
 *fill*         0x00000000000021f4        0xc 
 .text.fsdev_read
                0x0000000000002200      0x100 /opt/devkitpro/libnx/lib/libnx.a(fs_dev.o)
 .text.fsdev_dirnext
                0x0000000000002300      0x1d4 /opt/devkitpro/libnx/lib/libnx.a(fs_dev.o)
 *fill*         0x00000000000024d4        0xc 
 .text.fsdev_write
                0x00000000000024e0      0x124 /opt/devkitpro/libnx/lib/libnx.a(fs_dev.o)
 *fill*         0x0000000000002604        0xc 
 .text.fsdev_seek
                0x0000000000002610      0x110 /opt/devkitpro/libnx/lib/libnx.a(fs_dev.o)
 .text.fsdev_open
                0x0000000000002720      0x230 /opt/devkitpro/libnx/lib/libnx.a(fs_dev.o)
 .text.fsdevMountDevice
                0x0000000000002950      0x324 /opt/devkitpro/libnx/lib/libnx.a(fs_dev.o)
                0x0000000000002950                fsdevMountDevice
 *fill*         0x0000000000002c74        0xc 
 .text.fsdevMountSdmc
                0x0000000000002c80       0x40 /opt/devkitpro/libnx/lib/libnx.a(fs_dev.o)
                0x0000000000002c80                fsdevMountSdmc
 .text.__libnx_init_cwd
                0x0000000000002cc0       0xbc /opt/devkitpro/libnx/lib/libnx.a(fs_dev.o)
                0x0000000000002cc0                __libnx_init_cwd
 *fill*         0x0000000000002d7c        0x4 
 .text.fsdevUnmountAll
                0x0000000000002d80       0x64 /opt/devkitpro/libnx/lib/libnx.a(fs_dev.o)
                0x0000000000002d80                fsdevUnmountAll
 *fill*         0x0000000000002de4        0xc 
 .text.decode_utf8
                0x0000000000002df0      0x128 /opt/devkitpro/libnx/lib/libnx.a(decode_utf8.o)
                0x0000000000002df0                decode_utf8
 .text.svcSetHeapSize
                0x0000000000002f18       0x14 /opt/devkitpro/libnx/lib/libnx.a(svc.o)
                0x0000000000002f18                svcSetHeapSize
 .text.svcSetMemoryPermission
                0x0000000000002f2c        0x8 /opt/devkitpro/libnx/lib/libnx.a(svc.o)
                0x0000000000002f2c                svcSetMemoryPermission
 .text.svcSetMemoryAttribute
                0x0000000000002f34        0x8 /opt/devkitpro/libnx/lib/libnx.a(svc.o)
                0x0000000000002f34                svcSetMemoryAttribute
 .text.svcUnmapMemory
                0x0000000000002f3c        0x8 /opt/devkitpro/libnx/lib/libnx.a(svc.o)
                0x0000000000002f3c                svcUnmapMemory
 .text.svcQueryMemory
                0x0000000000002f44       0x14 /opt/devkitpro/libnx/lib/libnx.a(svc.o)
                0x0000000000002f44                svcQueryMemory
 .text.svcExitProcess
                0x0000000000002f58        0x8 /opt/devkitpro/libnx/lib/libnx.a(svc.o)
                0x0000000000002f58                svcExitProcess
 .text.svcSleepThread
                0x0000000000002f60        0x8 /opt/devkitpro/libnx/lib/libnx.a(svc.o)
                0x0000000000002f60                svcSleepThread
 .text.svcMapSharedMemory
                0x0000000000002f68        0x8 /opt/devkitpro/libnx/lib/libnx.a(svc.o)
                0x0000000000002f68                svcMapSharedMemory
 .text.svcUnmapSharedMemory
                0x0000000000002f70        0x8 /opt/devkitpro/libnx/lib/libnx.a(svc.o)
                0x0000000000002f70                svcUnmapSharedMemory
 .text.svcCloseHandle
                0x0000000000002f78        0x8 /opt/devkitpro/libnx/lib/libnx.a(svc.o)
                0x0000000000002f78                svcCloseHandle
 .text.svcResetSignal
                0x0000000000002f80        0x8 /opt/devkitpro/libnx/lib/libnx.a(svc.o)
                0x0000000000002f80                svcResetSignal
 .text.svcWaitSynchronization
                0x0000000000002f88       0x14 /opt/devkitpro/libnx/lib/libnx.a(svc.o)
                0x0000000000002f88                svcWaitSynchronization
 .text.svcArbitrateLock
                0x0000000000002f9c        0x8 /opt/devkitpro/libnx/lib/libnx.a(svc.o)
                0x0000000000002f9c                svcArbitrateLock
 .text.svcArbitrateUnlock
                0x0000000000002fa4        0x8 /opt/devkitpro/libnx/lib/libnx.a(svc.o)
                0x0000000000002fa4                svcArbitrateUnlock
 .text.svcWaitProcessWideKeyAtomic
                0x0000000000002fac        0x8 /opt/devkitpro/libnx/lib/libnx.a(svc.o)
                0x0000000000002fac                svcWaitProcessWideKeyAtomic
 .text.svcSignalProcessWideKey
                0x0000000000002fb4        0x8 /opt/devkitpro/libnx/lib/libnx.a(svc.o)
                0x0000000000002fb4                svcSignalProcessWideKey
 .text.svcConnectToNamedPort
                0x0000000000002fbc       0x14 /opt/devkitpro/libnx/lib/libnx.a(svc.o)
                0x0000000000002fbc                svcConnectToNamedPort
 .text.svcSendSyncRequest
                0x0000000000002fd0        0x8 /opt/devkitpro/libnx/lib/libnx.a(svc.o)
                0x0000000000002fd0                svcSendSyncRequest
 .text.svcBreak
                0x0000000000002fd8        0x8 /opt/devkitpro/libnx/lib/libnx.a(svc.o)
                0x0000000000002fd8                svcBreak
 .text.svcReturnFromException
                0x0000000000002fe0        0x8 /opt/devkitpro/libnx/lib/libnx.a(svc.o)
                0x0000000000002fe0                svcReturnFromException
 .text.svcGetInfo
                0x0000000000002fe8       0x14 /opt/devkitpro/libnx/lib/libnx.a(svc.o)
                0x0000000000002fe8                svcGetInfo
 .text.svcUnmapTransferMemory
                0x0000000000002ffc        0x8 /opt/devkitpro/libnx/lib/libnx.a(svc.o)
                0x0000000000002ffc                svcUnmapTransferMemory
 .text.__libnx_exception_entry
                0x0000000000003004      0x1c0 /opt/devkitpro/libnx/lib/libnx.a(exception.o)
                0x0000000000003004                __libnx_exception_entry
 .text.__libnx_exception_returnentry
                0x00000000000031c4       0x18 /opt/devkitpro/libnx/lib/libnx.a(exception.o)
                0x00000000000031c4                __libnx_exception_returnentry
 .text.__aarch64_read_tp
                0x00000000000031dc        0xc /opt/devkitpro/libnx/lib/libnx.a(readtp.o)
                0x00000000000031dc                __aarch64_read_tp
 *fill*         0x00000000000031e8        0x8 
 .text.mutexLock
                0x00000000000031f0       0xc8 /opt/devkitpro/libnx/lib/libnx.a(mutex.o)
                0x00000000000031f0                mutexLock
 *fill*         0x00000000000032b8        0x8 
 .text.mutexUnlock
                0x00000000000032c0       0x68 /opt/devkitpro/libnx/lib/libnx.a(mutex.o)
                0x00000000000032c0                mutexUnlock
 *fill*         0x0000000000003328        0x8 
 .text.mutexIsLockedByCurrentThread
                0x0000000000003330       0x1c /opt/devkitpro/libnx/lib/libnx.a(mutex.o)
                0x0000000000003330                mutexIsLockedByCurrentThread
 *fill*         0x000000000000334c        0x4 
 .text.rmutexLock
                0x0000000000003350       0x58 /opt/devkitpro/libnx/lib/libnx.a(mutex.o)
                0x0000000000003350                rmutexLock
 *fill*         0x00000000000033a8        0x8 
 .text.rmutexUnlock
                0x00000000000033b0       0x1c /opt/devkitpro/libnx/lib/libnx.a(mutex.o)
                0x00000000000033b0                rmutexUnlock
 *fill*         0x00000000000033cc        0x4 
 .text._memregionInitWithInfo
                0x00000000000033d0       0x64 /opt/devkitpro/libnx/lib/libnx.a(virtmem.o)
 *fill*         0x0000000000003434        0xc 
 .text.__libnx_virtmem_rng
                0x0000000000003440        0x4 /opt/devkitpro/libnx/lib/libnx.a(virtmem.o)
                0x0000000000003440                __libnx_virtmem_rng
 *fill*         0x0000000000003444        0xc 
 .text._memregionFindRandom
                0x0000000000003450      0x164 /opt/devkitpro/libnx/lib/libnx.a(virtmem.o)
 *fill*         0x00000000000035b4        0xc 
 .text.virtmemSetup
                0x00000000000035c0      0x140 /opt/devkitpro/libnx/lib/libnx.a(virtmem.o)
                0x00000000000035c0                virtmemSetup
 .text.virtmemLock
                0x0000000000003700        0xc /opt/devkitpro/libnx/lib/libnx.a(virtmem.o)
                0x0000000000003700                virtmemLock
 *fill*         0x000000000000370c        0x4 
 .text.virtmemUnlock
                0x0000000000003710        0xc /opt/devkitpro/libnx/lib/libnx.a(virtmem.o)
                0x0000000000003710                virtmemUnlock
 *fill*         0x000000000000371c        0x4 
 .text.virtmemFindAslr
                0x0000000000003720       0x50 /opt/devkitpro/libnx/lib/libnx.a(virtmem.o)
                0x0000000000003720                virtmemFindAslr
 .text.condvarWaitTimeout
                0x0000000000003770       0x70 /opt/devkitpro/libnx/lib/libnx.a(condvar.o)
                0x0000000000003770                condvarWaitTimeout
 .text.randomGet
                0x00000000000037e0      0x410 /opt/devkitpro/libnx/lib/libnx.a(random.o)
                0x00000000000037e0                randomGet
 .text.randomGet64
                0x0000000000003bf0       0x20 /opt/devkitpro/libnx/lib/libnx.a(random.o)
                0x0000000000003bf0                randomGet64
 .text.__libnx_init_thread
                0x0000000000003c10       0xb0 /opt/devkitpro/libnx/lib/libnx.a(thread.o)
                0x0000000000003c10                __libnx_init_thread
 .text._setsysGetFirmwareVersionImpl
                0x0000000000003cc0       0xd0 /opt/devkitpro/libnx/lib/libnx.a(set.o)
 .text._setsysCleanup
                0x0000000000003d90       0x78 /opt/devkitpro/libnx/lib/libnx.a(set.o)
 *fill*         0x0000000000003e08        0x8 
 .text.setsysInitialize
                0x0000000000003e10       0xa0 /opt/devkitpro/libnx/lib/libnx.a(set.o)
                0x0000000000003e10                setsysInitialize
 .text.setsysExit
                0x0000000000003eb0       0x48 /opt/devkitpro/libnx/lib/libnx.a(set.o)
                0x0000000000003eb0                setsysExit
 *fill*         0x0000000000003ef8        0x8 
 .text.setsysGetFirmwareVersion
                0x0000000000003f00       0x48 /opt/devkitpro/libnx/lib/libnx.a(set.o)
                0x0000000000003f00                setsysGetFirmwareVersion
 *fill*         0x0000000000003f48        0x8 
 .text._fsCleanup
                0x0000000000003f50       0xb4 /opt/devkitpro/libnx/lib/libnx.a(fs.o)
 *fill*         0x0000000000004004        0xc 
 .text._fsCmdNoIO
                0x0000000000004010      0x1c0 /opt/devkitpro/libnx/lib/libnx.a(fs.o)
 .text._fsFsCmdWithInPath
                0x00000000000041d0      0x1e0 /opt/devkitpro/libnx/lib/libnx.a(fs.o)
 .text._fsFsCmdWithTwoInPaths
                0x00000000000043b0      0x1f8 /opt/devkitpro/libnx/lib/libnx.a(fs.o)
 *fill*         0x00000000000045a8        0x8 
 .text._fsFsOpenCommon
                0x00000000000045b0      0x28c /opt/devkitpro/libnx/lib/libnx.a(fs.o)
 *fill*         0x000000000000483c        0x4 
 .text._fsFsCmdWithInPathAndOutU64
                0x0000000000004840      0x1fc /opt/devkitpro/libnx/lib/libnx.a(fs.o)
 *fill*         0x0000000000004a3c        0x4 
 .text._fsObjectClose
                0x0000000000004a40       0xf8 /opt/devkitpro/libnx/lib/libnx.a(fs.o)
 *fill*         0x0000000000004b38        0x8 
 .text._fsCmdGetSession.constprop.0
                0x0000000000004b40      0x17c /opt/devkitpro/libnx/lib/libnx.a(fs.o)
 *fill*         0x0000000000004cbc        0x4 
 .text.fsInitialize
                0x0000000000004cc0      0x2f8 /opt/devkitpro/libnx/lib/libnx.a(fs.o)
                0x0000000000004cc0                fsInitialize
 *fill*         0x0000000000004fb8        0x8 
 .text.fsExit   0x0000000000004fc0       0x48 /opt/devkitpro/libnx/lib/libnx.a(fs.o)
                0x0000000000004fc0                fsExit
 *fill*         0x0000000000005008        0x8 
 .text.fsOpenSdCardFileSystem
                0x0000000000005010        0x8 /opt/devkitpro/libnx/lib/libnx.a(fs.o)
                0x0000000000005010                fsOpenSdCardFileSystem
 *fill*         0x0000000000005018        0x8 
 .text.fsFsCreateFile
                0x0000000000005020      0x1ec /opt/devkitpro/libnx/lib/libnx.a(fs.o)
                0x0000000000005020                fsFsCreateFile
 *fill*         0x000000000000520c        0x4 
 .text.fsFsDeleteFile
                0x0000000000005210        0x8 /opt/devkitpro/libnx/lib/libnx.a(fs.o)
                0x0000000000005210                fsFsDeleteFile
 *fill*         0x0000000000005218        0x8 
 .text.fsFsCreateDirectory
                0x0000000000005220        0x8 /opt/devkitpro/libnx/lib/libnx.a(fs.o)
                0x0000000000005220                fsFsCreateDirectory
 *fill*         0x0000000000005228        0x8 
 .text.fsFsDeleteDirectory
                0x0000000000005230        0x8 /opt/devkitpro/libnx/lib/libnx.a(fs.o)
                0x0000000000005230                fsFsDeleteDirectory
 *fill*         0x0000000000005238        0x8 
 .text.fsFsRenameFile
                0x0000000000005240        0x8 /opt/devkitpro/libnx/lib/libnx.a(fs.o)
                0x0000000000005240                fsFsRenameFile
 *fill*         0x0000000000005248        0x8 
 .text.fsFsRenameDirectory
                0x0000000000005250        0x8 /opt/devkitpro/libnx/lib/libnx.a(fs.o)
                0x0000000000005250                fsFsRenameDirectory
 *fill*         0x0000000000005258        0x8 
 .text.fsFsGetEntryType
                0x0000000000005260      0x1f0 /opt/devkitpro/libnx/lib/libnx.a(fs.o)
                0x0000000000005260                fsFsGetEntryType
 .text.fsFsOpenFile
                0x0000000000005450        0x8 /opt/devkitpro/libnx/lib/libnx.a(fs.o)
                0x0000000000005450                fsFsOpenFile
 *fill*         0x0000000000005458        0x8 
 .text.fsFsOpenDirectory
                0x0000000000005460        0x8 /opt/devkitpro/libnx/lib/libnx.a(fs.o)
                0x0000000000005460                fsFsOpenDirectory
 *fill*         0x0000000000005468        0x8 
 .text.fsFsGetFreeSpace
                0x0000000000005470        0x8 /opt/devkitpro/libnx/lib/libnx.a(fs.o)
                0x0000000000005470                fsFsGetFreeSpace
 *fill*         0x0000000000005478        0x8 
 .text.fsFsGetTotalSpace
                0x0000000000005480        0x8 /opt/devkitpro/libnx/lib/libnx.a(fs.o)
                0x0000000000005480                fsFsGetTotalSpace
 *fill*         0x0000000000005488        0x8 
 .text.fsFsGetFileTimeStampRaw
                0x0000000000005490      0x230 /opt/devkitpro/libnx/lib/libnx.a(fs.o)
                0x0000000000005490                fsFsGetFileTimeStampRaw
 .text.fsFsClose
                0x00000000000056c0        0x4 /opt/devkitpro/libnx/lib/libnx.a(fs.o)
                0x00000000000056c0                fsFsClose
 *fill*         0x00000000000056c4        0xc 
 .text.fsFileRead
                0x00000000000056d0      0x214 /opt/devkitpro/libnx/lib/libnx.a(fs.o)
                0x00000000000056d0                fsFileRead
 *fill*         0x00000000000058e4        0xc 
 .text.fsFileWrite
                0x00000000000058f0      0x1f8 /opt/devkitpro/libnx/lib/libnx.a(fs.o)
                0x00000000000058f0                fsFileWrite
 *fill*         0x0000000000005ae8        0x8 
 .text.fsFileFlush
                0x0000000000005af0        0x8 /opt/devkitpro/libnx/lib/libnx.a(fs.o)
                0x0000000000005af0                fsFileFlush
 *fill*         0x0000000000005af8        0x8 
 .text.fsFileSetSize
                0x0000000000005b00      0x1c0 /opt/devkitpro/libnx/lib/libnx.a(fs.o)
                0x0000000000005b00                fsFileSetSize
 .text.fsFileGetSize
                0x0000000000005cc0      0x1d4 /opt/devkitpro/libnx/lib/libnx.a(fs.o)
                0x0000000000005cc0                fsFileGetSize
 *fill*         0x0000000000005e94        0xc 
 .text.fsFileClose
                0x0000000000005ea0        0x4 /opt/devkitpro/libnx/lib/libnx.a(fs.o)
                0x0000000000005ea0                fsFileClose
 *fill*         0x0000000000005ea4        0xc 
 .text.fsDirClose
                0x0000000000005eb0        0x4 /opt/devkitpro/libnx/lib/libnx.a(fs.o)
                0x0000000000005eb0                fsDirClose
 *fill*         0x0000000000005eb4        0xc 
 .text.fsDirRead
                0x0000000000005ec0      0x204 /opt/devkitpro/libnx/lib/libnx.a(fs.o)
                0x0000000000005ec0                fsDirRead
 *fill*         0x00000000000060c4        0xc 
 .text._smCmifCmdInPid
                0x00000000000060d0       0xcc /opt/devkitpro/libnx/lib/libnx.a(sm.o)
 *fill*         0x000000000000619c        0x4 
 .text._smCleanup
                0x00000000000061a0       0x78 /opt/devkitpro/libnx/lib/libnx.a(sm.o)
 *fill*         0x0000000000006218        0x8 
 .text.smAddOverrideHandle
                0x0000000000006220       0x48 /opt/devkitpro/libnx/lib/libnx.a(sm.o)
                0x0000000000006220                smAddOverrideHandle
 *fill*         0x0000000000006268        0x8 
 .text.smGetServiceOverride
                0x0000000000006270       0x54 /opt/devkitpro/libnx/lib/libnx.a(sm.o)
                0x0000000000006270                smGetServiceOverride
 *fill*         0x00000000000062c4        0xc 
 .text.smInitialize
                0x00000000000062d0      0x1ac /opt/devkitpro/libnx/lib/libnx.a(sm.o)
                0x00000000000062d0                smInitialize
 *fill*         0x000000000000647c        0x4 
 .text.smExit   0x0000000000006480       0x48 /opt/devkitpro/libnx/lib/libnx.a(sm.o)
                0x0000000000006480                smExit
 *fill*         0x00000000000064c8        0x8 
 .text.smGetServiceOriginal
                0x00000000000064d0       0xd0 /opt/devkitpro/libnx/lib/libnx.a(sm.o)
                0x00000000000064d0                smGetServiceOriginal
 .text.smGetServiceWrapper
                0x00000000000065a0      0x120 /opt/devkitpro/libnx/lib/libnx.a(sm.o)
                0x00000000000065a0                smGetServiceWrapper
 .text._appletInfiniteSleepLoop
                0x00000000000066c0       0x18 /opt/devkitpro/libnx/lib/libnx.a(applet.o)
 *fill*         0x00000000000066d8        0x8 
 .text._appletCmdGetSession
                0x00000000000066e0      0x108 /opt/devkitpro/libnx/lib/libnx.a(applet.o)
 *fill*         0x00000000000067e8        0x8 
 .text._appletCmdInU8NoOut
                0x00000000000067f0       0xcc /opt/devkitpro/libnx/lib/libnx.a(applet.o)
 *fill*         0x00000000000068bc        0x4 
 .text._appletCmdInU32NoOut
                0x00000000000068c0       0xcc /opt/devkitpro/libnx/lib/libnx.a(applet.o)
 *fill*         0x000000000000698c        0x4 
 .text._appletGetSessionProxy.constprop.0
                0x0000000000006990      0x12c /opt/devkitpro/libnx/lib/libnx.a(applet.o)
 *fill*         0x0000000000006abc        0x4 
 .text._appletOpenLibraryAppletProxy.constprop.0
                0x0000000000006ac0      0x148 /opt/devkitpro/libnx/lib/libnx.a(applet.o)
 *fill*         0x0000000000006c08        0x8 
 .text._appletCmdGetEvent
                0x0000000000006c10       0xf8 /opt/devkitpro/libnx/lib/libnx.a(applet.o)
 *fill*         0x0000000000006d08        0x8 
 .text._appletCmdNoInOutU8.isra.0
                0x0000000000006d10       0xd4 /opt/devkitpro/libnx/lib/libnx.a(applet.o)
 *fill*         0x0000000000006de4        0xc 
 .text._appletCmdNoInOutU32.isra.0
                0x0000000000006df0       0xd4 /opt/devkitpro/libnx/lib/libnx.a(applet.o)
 *fill*         0x0000000000006ec4        0xc 
 .text._appletCmdNoInOutU64.isra.0
                0x0000000000006ed0       0xd4 /opt/devkitpro/libnx/lib/libnx.a(applet.o)
 *fill*         0x0000000000006fa4        0xc 
 .text._appletCmdNoIO.isra.0
                0x0000000000006fb0       0xc0 /opt/devkitpro/libnx/lib/libnx.a(applet.o)
 .text.appletSetFocusHandlingMode
                0x0000000000007070      0x1b8 /opt/devkitpro/libnx/lib/libnx.a(applet.o)
                0x0000000000007070                appletSetFocusHandlingMode
 *fill*         0x0000000000007228        0x8 
 .text.appletSetCpuBoostMode
                0x0000000000007230       0x5c /opt/devkitpro/libnx/lib/libnx.a(applet.o)
                0x0000000000007230                appletSetCpuBoostMode
 *fill*         0x000000000000728c        0x4 
 .text.appletGetAppletResourceUserId
                0x0000000000007290        0xc /opt/devkitpro/libnx/lib/libnx.a(applet.o)
                0x0000000000007290                appletGetAppletResourceUserId
 *fill*         0x000000000000729c        0x4 
 .text._appletHolderCreateState
                0x00000000000072a0      0x138 /opt/devkitpro/libnx/lib/libnx.a(applet.o)
 *fill*         0x00000000000073d8        0x8 
 .text.appletHolderClose
                0x00000000000073e0       0xb0 /opt/devkitpro/libnx/lib/libnx.a(applet.o)
                0x00000000000073e0                appletHolderClose
 .text.appletHolderGetLibraryAppletInfo
                0x0000000000007490       0x24 /opt/devkitpro/libnx/lib/libnx.a(applet.o)
                0x0000000000007490                appletHolderGetLibraryAppletInfo
 *fill*         0x00000000000074b4        0xc 
 .text.appletNotifyRunning
                0x00000000000074c0       0x90 /opt/devkitpro/libnx/lib/libnx.a(applet.o)
                0x00000000000074c0                appletNotifyRunning
 .text.appletSetGamePlayRecordingState
                0x0000000000007550       0x78 /opt/devkitpro/libnx/lib/libnx.a(applet.o)
                0x0000000000007550                appletSetGamePlayRecordingState
 *fill*         0x00000000000075c8        0x8 
 .text._appletCleanup
                0x00000000000075d0      0xad4 /opt/devkitpro/libnx/lib/libnx.a(applet.o)
 *fill*         0x00000000000080a4        0xc 
 .text.appletExit
                0x00000000000080b0       0x48 /opt/devkitpro/libnx/lib/libnx.a(applet.o)
                0x00000000000080b0                appletExit
 *fill*         0x00000000000080f8        0x8 
 .text.appletGetLibraryAppletInfo
                0x0000000000008100       0x40 /opt/devkitpro/libnx/lib/libnx.a(applet.o)
                0x0000000000008100                appletGetLibraryAppletInfo
 .text.appletInitialize
                0x0000000000008140      0xc14 /opt/devkitpro/libnx/lib/libnx.a(applet.o)
                0x0000000000008140                appletInitialize
 *fill*         0x0000000000008d54        0xc 
 .text._appletExitProcess
                0x0000000000008d60       0x24 /opt/devkitpro/libnx/lib/libnx.a(applet.o)
 *fill*         0x0000000000008d84        0xc 
 .text._timeCleanup
                0x0000000000008d90      0x27c /opt/devkitpro/libnx/lib/libnx.a(time.o)
 *fill*         0x000000000000900c        0x4 
 .text._timeCmdGetSession.constprop.0
                0x0000000000009010      0x100 /opt/devkitpro/libnx/lib/libnx.a(time.o)
 .text._timeReadClockFromSharedMem
                0x0000000000009110      0x104 /opt/devkitpro/libnx/lib/libnx.a(time.o)
 *fill*         0x0000000000009214        0xc 
 .text.timeInitialize
                0x0000000000009220      0x300 /opt/devkitpro/libnx/lib/libnx.a(time.o)
                0x0000000000009220                timeInitialize
 .text.timeExit
                0x0000000000009520       0x48 /opt/devkitpro/libnx/lib/libnx.a(time.o)
                0x0000000000009520                timeExit
 *fill*         0x0000000000009568        0x8 
 .text.timeGetServiceSession_SystemClock
                0x0000000000009570       0x38 /opt/devkitpro/libnx/lib/libnx.a(time.o)
                0x0000000000009570                timeGetServiceSession_SystemClock
 *fill*         0x00000000000095a8        0x8 
 .text.timeGetCurrentTime
                0x00000000000095b0       0xfc /opt/devkitpro/libnx/lib/libnx.a(time.o)
                0x00000000000095b0                timeGetCurrentTime
 *fill*         0x00000000000096ac        0x4 
 .text.timeToCalendarTimeWithMyRule
                0x00000000000096b0      0x108 /opt/devkitpro/libnx/lib/libnx.a(time.o)
                0x00000000000096b0                timeToCalendarTimeWithMyRule
 *fill*         0x00000000000097b8        0x8 
 .text.timeToPosixTimeWithMyRule
                0x00000000000097c0      0x114 /opt/devkitpro/libnx/lib/libnx.a(time.o)
                0x00000000000097c0                timeToPosixTimeWithMyRule
 *fill*         0x00000000000098d4        0xc 
 .text._hidCleanup
                0x00000000000098e0      0x12c /opt/devkitpro/libnx/lib/libnx.a(hid.o)
 *fill*         0x0000000000009a0c        0x4 
 .text.hidInitialize
                0x0000000000009a10      0x26c /opt/devkitpro/libnx/lib/libnx.a(hid.o)
                0x0000000000009a10                hidInitialize
 *fill*         0x0000000000009c7c        0x4 
 .text.hidExit  0x0000000000009c80       0x48 /opt/devkitpro/libnx/lib/libnx.a(hid.o)
                0x0000000000009c80                hidExit
 *fill*         0x0000000000009cc8        0x8 
 .text.hosversionGet
                0x0000000000009cd0       0x14 /opt/devkitpro/libnx/lib/libnx.a(hosversion.o)
                0x0000000000009cd0                hosversionGet
 *fill*         0x0000000000009ce4        0xc 
 .text.hosversionSet
                0x0000000000009cf0       0x10 /opt/devkitpro/libnx/lib/libnx.a(hosversion.o)
                0x0000000000009cf0                hosversionSet
 .text.nxlinkSetup
                0x0000000000009d00       0xe8 /opt/devkitpro/libnx/lib/libnx.a(nxlink.o)
                0x0000000000009d00                nxlinkSetup
 *fill*         0x0000000000009de8        0x8 
 .text.__libnx_alloc
                0x0000000000009df0        0x4 /opt/devkitpro/libnx/lib/libnx.a(alloc.o)
                0x0000000000009df0                __libnx_alloc
 *fill*         0x0000000000009df4        0xc 
 .text.__libnx_free
                0x0000000000009e00        0x4 /opt/devkitpro/libnx/lib/libnx.a(alloc.o)
                0x0000000000009e00                __libnx_free
 *fill*         0x0000000000009e04        0xc 
 .text.shmemLoadRemote
                0x0000000000009e10       0x14 /opt/devkitpro/libnx/lib/libnx.a(shmem.o)
                0x0000000000009e10                shmemLoadRemote
 *fill*         0x0000000000009e24        0xc 
 .text.shmemMap
                0x0000000000009e30       0x70 /opt/devkitpro/libnx/lib/libnx.a(shmem.o)
                0x0000000000009e30                shmemMap
 .text.shmemUnmap
                0x0000000000009ea0       0x34 /opt/devkitpro/libnx/lib/libnx.a(shmem.o)
                0x0000000000009ea0                shmemUnmap
 *fill*         0x0000000000009ed4        0xc 
 .text.shmemClose
                0x0000000000009ee0       0x4c /opt/devkitpro/libnx/lib/libnx.a(shmem.o)
                0x0000000000009ee0                shmemClose
 *fill*         0x0000000000009f2c        0x4 
 .text.waitObjects
                0x0000000000009f30      0x57c /opt/devkitpro/libnx/lib/libnx.a(wait.o)
                0x0000000000009f30                waitObjects
 *fill*         0x000000000000a4ac        0x4 
 .text.tmemUnmap
                0x000000000000a4b0       0x34 /opt/devkitpro/libnx/lib/libnx.a(tmem.o)
                0x000000000000a4b0                tmemUnmap
 *fill*         0x000000000000a4e4        0xc 
 .text.tmemCloseHandle
                0x000000000000a4f0       0x30 /opt/devkitpro/libnx/lib/libnx.a(tmem.o)
                0x000000000000a4f0                tmemCloseHandle
 .text.tmemClose
                0x000000000000a520       0x50 /opt/devkitpro/libnx/lib/libnx.a(tmem.o)
                0x000000000000a520                tmemClose
 .text.eventLoadRemote
                0x000000000000a570        0xc /opt/devkitpro/libnx/lib/libnx.a(event.o)
                0x000000000000a570                eventLoadRemote
 *fill*         0x000000000000a57c        0x4 
 .text.eventWait
                0x000000000000a580       0x34 /opt/devkitpro/libnx/lib/libnx.a(event.o)
                0x000000000000a580                eventWait
 *fill*         0x000000000000a5b4        0xc 
 .text.eventClose
                0x000000000000a5c0       0x54 /opt/devkitpro/libnx/lib/libnx.a(event.o)
                0x000000000000a5c0                eventClose
 *fill*         0x000000000000a614        0xc 
 .text.sessionmgrCreate
                0x000000000000a620      0x184 /opt/devkitpro/libnx/lib/libnx.a(sessionmgr.o)
                0x000000000000a620                sessionmgrCreate
 *fill*         0x000000000000a7a4        0xc 
 .text.sessionmgrClose
                0x000000000000a7b0       0x84 /opt/devkitpro/libnx/lib/libnx.a(sessionmgr.o)
                0x000000000000a7b0                sessionmgrClose
 *fill*         0x000000000000a834        0xc 
 .text.sessionmgrAttachClient
                0x000000000000a840       0xa8 /opt/devkitpro/libnx/lib/libnx.a(sessionmgr.o)
                0x000000000000a840                sessionmgrAttachClient
 *fill*         0x000000000000a8e8        0x8 
 .text.sessionmgrDetachClient
                0x000000000000a8f0       0x60 /opt/devkitpro/libnx/lib/libnx.a(sessionmgr.o)
                0x000000000000a8f0                sessionmgrDetachClient
 .text._apmCleanup
                0x000000000000a950       0xd4 /opt/devkitpro/libnx/lib/libnx.a(apm.o)
 *fill*         0x000000000000aa24        0xc 
 .text.apmInitialize
                0x000000000000aa30      0x194 /opt/devkitpro/libnx/lib/libnx.a(apm.o)
                0x000000000000aa30                apmInitialize
 *fill*         0x000000000000abc4        0xc 
 .text.apmExit  0x000000000000abd0       0x48 /opt/devkitpro/libnx/lib/libnx.a(apm.o)
                0x000000000000abd0                apmExit
 *fill*         0x000000000000ac18        0x8 
 .text.apmSetPerformanceConfiguration
                0x000000000000ac20       0xc8 /opt/devkitpro/libnx/lib/libnx.a(apm.o)
                0x000000000000ac20                apmSetPerformanceConfiguration
 *fill*         0x000000000000ace8       0x18 
 .text          0x000000000000ad00      0x104 /opt/devkitpro/devkitA64/lib/gcc/aarch64-none-elf/15.2.0/../../../../aarch64-none-elf/lib/pic/libg.a(libc_a-memset.o)
                0x000000000000ad00                memset
 *fill*         0x000000000000ae04       0x1c 
 .text.setenv   0x000000000000ae20       0x34 /opt/devkitpro/devkitA64/lib/gcc/aarch64-none-elf/15.2.0/../../../../aarch64-none-elf/lib/pic/libg.a(libc_a-setenv.o)
                0x000000000000ae20                setenv
 *fill*         0x000000000000ae54       0x2c 
 .text          0x000000000000ae80      0x134 /opt/devkitpro/devkitA64/lib/gcc/aarch64-none-elf/15.2.0/../../../../aarch64-none-elf/lib/pic/libg.a(libc_a-strcmp.o)
                0x000000000000ae80                strcmp
 *fill*         0x000000000000afb4        0xc 
 .text          0x000000000000afc0      0x1b4 /opt/devkitpro/devkitA64/lib/gcc/aarch64-none-elf/15.2.0/../../../../aarch64-none-elf/lib/pic/libg.a(libc_a-strncmp.o)
                0x000000000000afc0                strncmp
 *fill*         0x000000000000b174        0xc 
 .text.stdio_exit_handler
                0x000000000000b180       0x1c /opt/devkitpro/devkitA64/lib/gcc/aarch64-none-elf/15.2.0/../../../../aarch64-none-elf/lib/pic/libg.a(libc_a-findfp.o)
 *fill*         0x000000000000b19c        0x4 
 .text.cleanup_stdio
                0x000000000000b1a0       0x6c /opt/devkitpro/devkitA64/lib/gcc/aarch64-none-elf/15.2.0/../../../../aarch64-none-elf/lib/pic/libg.a(libc_a-findfp.o)
 *fill*         0x000000000000b20c       0x14 
 .text.global_stdio_init.part.0
                0x000000000000b220      0x134 /opt/devkitpro/devkitA64/lib/gcc/aarch64-none-elf/15.2.0/../../../../aarch64-none-elf/lib/pic/libg.a(libc_a-findfp.o)
 *fill*         0x000000000000b354        0xc 
 .text.__sfp_lock_acquire
                0x000000000000b360        0xc /opt/devkitpro/devkitA64/lib/gcc/aarch64-none-elf/15.2.0/../../../../aarch64-none-elf/lib/pic/libg.a(libc_a-findfp.o)
                0x000000000000b360                __sfp_lock_acquire
 *fill*         0x000000000000b36c       0x14 
 .text.__sfp_lock_release
                0x000000000000b380        0xc /opt/devkitpro/devkitA64/lib/gcc/aarch64-none-elf/15.2.0/../../../../aarch64-none-elf/lib/pic/libg.a(libc_a-findfp.o)
                0x000000000000b380                __sfp_lock_release
 *fill*         0x000000000000b38c       0x14 
 .text.__sinit  0x000000000000b3a0       0x54 /opt/devkitpro/devkitA64/lib/gcc/aarch64-none-elf/15.2.0/../../../../aarch64-none-elf/lib/pic/libg.a(libc_a-findfp.o)
                0x000000000000b3a0                __sinit
 *fill*         0x000000000000b3f4        0xc 
 .text._strtoul_l.isra.0
                0x000000000000b400      0x1a4 /opt/devkitpro/devkitA64/lib/gcc/aarch64-none-elf/15.2.0/../../../../aarch64-none-elf/lib/pic/libg.a(libc_a-strtoul.o)
 *fill*         0x000000000000b5a4       0x1c 
 .text.strtoul  0x000000000000b5c0       0x40 /opt/devkitpro/devkitA64/lib/gcc/aarch64-none-elf/15.2.0/../../../../aarch64-none-elf/lib/pic/libg.a(libc_a-strtoul.o)
                0x000000000000b5c0                strtoul
 .text.__libc_init_array
                0x000000000000b600       0xa4 /opt/devkitpro/devkitA64/lib/gcc/aarch64-none-elf/15.2.0/../../../../aarch64-none-elf/lib/pic/libg.a(libc_a-init.o)
                0x000000000000b600                __libc_init_array
 *fill*         0x000000000000b6a4       0x1c 
 .text.strncat  0x000000000000b6c0       0x88 /opt/devkitpro/devkitA64/lib/gcc/aarch64-none-elf/15.2.0/../../../../aarch64-none-elf/lib/pic/libg.a(libc_a-strncat.o)
                0x000000000000b6c0                strncat
 *fill*         0x000000000000b748       0x18 
 .text._fwalk_sglue
                0x000000000000b760       0x98 /opt/devkitpro/devkitA64/lib/gcc/aarch64-none-elf/15.2.0/../../../../aarch64-none-elf/lib/pic/libg.a(libc_a-fwalk.o)
                0x000000000000b760                _fwalk_sglue
 *fill*         0x000000000000b7f8        0x8 
 .text.bsearch  0x000000000000b800       0xb4 /opt/devkitpro/devkitA64/lib/gcc/aarch64-none-elf/15.2.0/../../../../aarch64-none-elf/lib/pic/libg.a(libc_a-bsearch.o)
                0x000000000000b800                bsearch
 *fill*         0x000000000000b8b4        0xc 
 .text.__errno  0x000000000000b8c0       0x14 /opt/devkitpro/devkitA64/lib/gcc/aarch64-none-elf/15.2.0/../../../../aarch64-none-elf/lib/pic/libg.a(libc_a-errno.o)
                0x000000000000b8c0                __errno
 *fill*         0x000000000000b8d4        0xc 
 .text._puts_r  0x000000000000b8e0       0xd4 /opt/devkitpro/devkitA64/lib/gcc/aarch64-none-elf/15.2.0/../../../../aarch64-none-elf/lib/pic/libg.a(libc_a-puts.o)
                0x000000000000b8e0                _puts_r
 *fill*         0x000000000000b9b4        0xc 
 .text.puts     0x000000000000b9c0       0x1c /opt/devkitpro/devkitA64/lib/gcc/aarch64-none-elf/15.2.0/../../../../aarch64-none-elf/lib/pic/libg.a(libc_a-puts.o)
                0x000000000000b9c0                puts
 *fill*         0x000000000000b9dc       0x24 
 .text          0x000000000000ba00      0x22c /opt/devkitpro/devkitA64/lib/gcc/aarch64-none-elf/15.2.0/../../../../aarch64-none-elf/lib/pic/libg.a(libc_a-memcpy.o)
                0x000000000000ba00                memmove
                0x000000000000ba00                memcpy
 *fill*         0x000000000000bc2c       0x14 
 .text._malloc_r
                0x000000000000bc40      0x840 /opt/devkitpro/devkitA64/lib/gcc/aarch64-none-elf/15.2.0/../../../../aarch64-none-elf/lib/pic/libg.a(libc_a-mallocr.o)
                0x000000000000bc40                _malloc_r
 .text._malloc_trim_r
                0x000000000000c480      0x11c /opt/devkitpro/devkitA64/lib/gcc/aarch64-none-elf/15.2.0/../../../../aarch64-none-elf/lib/pic/libg.a(libc_a-freer.o)
                0x000000000000c480                _malloc_trim_r
 *fill*         0x000000000000c59c        0x4 
 .text._free_r  0x000000000000c5a0      0x2d8 /opt/devkitpro/devkitA64/lib/gcc/aarch64-none-elf/15.2.0/../../../../aarch64-none-elf/lib/pic/libg.a(libc_a-freer.o)
                0x000000000000c5a0                _free_r
 *fill*         0x000000000000c878        0x8 
 .text.malloc   0x000000000000c880       0x38 /opt/devkitpro/devkitA64/lib/gcc/aarch64-none-elf/15.2.0/../../../../aarch64-none-elf/lib/pic/libg.a(libc_a-malloc.o)
                0x000000000000c880                malloc
 *fill*         0x000000000000c8b8        0x8 
 .text.free     0x000000000000c8c0       0x1c /opt/devkitpro/devkitA64/lib/gcc/aarch64-none-elf/15.2.0/../../../../aarch64-none-elf/lib/pic/libg.a(libc_a-malloc.o)
                0x000000000000c8c0                free
 *fill*         0x000000000000c8dc        0x4 
 .text.gmtime   0x000000000000c8e0       0x28 /opt/devkitpro/devkitA64/lib/gcc/aarch64-none-elf/15.2.0/../../../../aarch64-none-elf/lib/pic/libg.a(libc_a-gmtime.o)
                0x000000000000c8e0                gmtime
 *fill*         0x000000000000c908       0x38 
 .text          0x000000000000c940      0x130 /opt/devkitpro/devkitA64/lib/gcc/aarch64-none-elf/15.2.0/../../../../aarch64-none-elf/lib/pic/libg.a(libc_a-strlen.o)
                0x000000000000c940                strlen
 *fill*         0x000000000000ca70       0x10 
 .text          0x000000000000ca80       0xb8 /opt/devkitpro/devkitA64/lib/gcc/aarch64-none-elf/15.2.0/../../../../aarch64-none-elf/lib/pic/libg.a(libc_a-strnlen.o)
                0x000000000000ca80                strnlen
 *fill*         0x000000000000cb38        0x8 
 .text.__malloc_lock
                0x000000000000cb40        0xc /opt/devkitpro/devkitA64/lib/gcc/aarch64-none-elf/15.2.0/../../../../aarch64-none-elf/lib/pic/libg.a(libc_a-mlock.o)
                0x000000000000cb40                __malloc_lock
 *fill*         0x000000000000cb4c       0x14 
 .text.__malloc_unlock
                0x000000000000cb60        0xc /opt/devkitpro/devkitA64/lib/gcc/aarch64-none-elf/15.2.0/../../../../aarch64-none-elf/lib/pic/libg.a(libc_a-mlock.o)
                0x000000000000cb60                __malloc_unlock
 *fill*         0x000000000000cb6c       0x14 
 .text._setenv_r
                0x000000000000cb80      0x258 /opt/devkitpro/devkitA64/lib/gcc/aarch64-none-elf/15.2.0/../../../../aarch64-none-elf/lib/pic/libg.a(libc_a-setenv_r.o)
                0x000000000000cb80                _setenv_r
 *fill*         0x000000000000cdd8        0x8 
 .text.__call_exitprocs
                0x000000000000cde0        0x4 /opt/devkitpro/devkitA64/lib/gcc/aarch64-none-elf/15.2.0/../../../../aarch64-none-elf/lib/pic/libg.a(libc_a-exit.o)
                0x000000000000cde0                __call_exitprocs
 *fill*         0x000000000000cde4       0x1c 
 .text.strncpy  0x000000000000ce00       0xac /opt/devkitpro/devkitA64/lib/gcc/aarch64-none-elf/15.2.0/../../../../aarch64-none-elf/lib/pic/libg.a(libc_a-strncpy.o)
                0x000000000000ce00                strncpy
 *fill*         0x000000000000ceac       0x14 
 .text.__sfvwrite_r
                0x000000000000cec0      0x4a4 /opt/devkitpro/devkitA64/lib/gcc/aarch64-none-elf/15.2.0/../../../../aarch64-none-elf/lib/pic/libg.a(libc_a-fvwrite.o)
                0x000000000000cec0                __sfvwrite_r
 *fill*         0x000000000000d364       0x1c 
 .text.__sread  0x000000000000d380       0x4c /opt/devkitpro/devkitA64/lib/gcc/aarch64-none-elf/15.2.0/../../../../aarch64-none-elf/lib/pic/libg.a(libc_a-stdio.o)
                0x000000000000d380                __sread
 *fill*         0x000000000000d3cc       0x14 
 .text.__swrite
                0x000000000000d3e0       0x70 /opt/devkitpro/devkitA64/lib/gcc/aarch64-none-elf/15.2.0/../../../../aarch64-none-elf/lib/pic/libg.a(libc_a-stdio.o)
                0x000000000000d3e0                __swrite
 *fill*         0x000000000000d450       0x10 
 .text.__sseek  0x000000000000d460       0x50 /opt/devkitpro/devkitA64/lib/gcc/aarch64-none-elf/15.2.0/../../../../aarch64-none-elf/lib/pic/libg.a(libc_a-stdio.o)
                0x000000000000d460                __sseek
 *fill*         0x000000000000d4b0       0x10 
 .text.__sclose
                0x000000000000d4c0        0x8 /opt/devkitpro/devkitA64/lib/gcc/aarch64-none-elf/15.2.0/../../../../aarch64-none-elf/lib/pic/libg.a(libc_a-stdio.o)
                0x000000000000d4c0                __sclose
 *fill*         0x000000000000d4c8       0x18 
 .text.__env_lock
                0x000000000000d4e0        0xc /opt/devkitpro/devkitA64/lib/gcc/aarch64-none-elf/15.2.0/../../../../aarch64-none-elf/lib/pic/libg.a(libc_a-envlock.o)
                0x000000000000d4e0                __env_lock
 *fill*         0x000000000000d4ec       0x14 
 .text.__env_unlock
                0x000000000000d500        0xc /opt/devkitpro/devkitA64/lib/gcc/aarch64-none-elf/15.2.0/../../../../aarch64-none-elf/lib/pic/libg.a(libc_a-envlock.o)
                0x000000000000d500                __env_unlock
 *fill*         0x000000000000d50c       0x14 
 .text._fclose_r
                0x000000000000d520      0x130 /opt/devkitpro/devkitA64/lib/gcc/aarch64-none-elf/15.2.0/../../../../aarch64-none-elf/lib/pic/libg.a(libc_a-fclose.o)
                0x000000000000d520                _fclose_r
 *fill*         0x000000000000d650       0x10 
 .text.gmtime_r
                0x000000000000d660      0x2a0 /opt/devkitpro/devkitA64/lib/gcc/aarch64-none-elf/15.2.0/../../../../aarch64-none-elf/lib/pic/libg.a(libc_a-gmtime_r.o)
                0x000000000000d660                gmtime_r
 .text._memalign_r
                0x000000000000d900      0x18c /opt/devkitpro/devkitA64/lib/gcc/aarch64-none-elf/15.2.0/../../../../aarch64-none-elf/lib/pic/libg.a(libc_a-malignr.o)
                0x000000000000d900                _memalign_r
 *fill*         0x000000000000da8c       0x34 
 .text          0x000000000000dac0       0xdc /opt/devkitpro/devkitA64/lib/gcc/aarch64-none-elf/15.2.0/../../../../aarch64-none-elf/lib/pic/libg.a(libc_a-memchr.o)
                0x000000000000dac0                memchr
 *fill*         0x000000000000db9c       0x24 
 .text          0x000000000000dbc0       0xcc /opt/devkitpro/devkitA64/lib/gcc/aarch64-none-elf/15.2.0/../../../../aarch64-none-elf/lib/pic/libg.a(libc_a-strchr.o)
                0x000000000000dbc0                strchr
 *fill*         0x000000000000dc8c       0x14 
 .text.__libc_fini_array
                0x000000000000dca0       0x44 /opt/devkitpro/devkitA64/lib/gcc/aarch64-none-elf/15.2.0/../../../../aarch64-none-elf/lib/pic/libg.a(libc_a-fini.o)
                0x000000000000dca0                __libc_fini_array
 *fill*         0x000000000000dce4       0x1c 
 .text.__sflush_r
                0x000000000000dd00      0x1ec /opt/devkitpro/devkitA64/lib/gcc/aarch64-none-elf/15.2.0/../../../../aarch64-none-elf/lib/pic/libg.a(libc_a-fflush.o)
                0x000000000000dd00                __sflush_r
 *fill*         0x000000000000deec       0x14 
 .text._fflush_r
                0x000000000000df00       0xbc /opt/devkitpro/devkitA64/lib/gcc/aarch64-none-elf/15.2.0/../../../../aarch64-none-elf/lib/pic/libg.a(libc_a-fflush.o)
                0x000000000000df00                _fflush_r
 *fill*         0x000000000000dfbc        0x4 
 .text._findenv_r
                0x000000000000dfc0       0xf4 /opt/devkitpro/devkitA64/lib/gcc/aarch64-none-elf/15.2.0/../../../../aarch64-none-elf/lib/pic/libg.a(libc_a-getenv_r.o)
                0x000000000000dfc0                _findenv_r
 *fill*         0x000000000000e0b4        0xc 
 .text._realloc_r
                0x000000000000e0c0      0x568 /opt/devkitpro/devkitA64/lib/gcc/aarch64-none-elf/15.2.0/../../../../aarch64-none-elf/lib/pic/libg.a(libc_a-reallocr.o)
                0x000000000000e0c0                _realloc_r
 *fill*         0x000000000000e628       0x18 
 .text.__swsetup_r
                0x000000000000e640      0x12c /opt/devkitpro/devkitA64/lib/gcc/aarch64-none-elf/15.2.0/../../../../aarch64-none-elf/lib/pic/libg.a(libc_a-wsetup.o)
                0x000000000000e640                __swsetup_r
 *fill*         0x000000000000e76c       0x14 
 .text.__swhatbuf_r
                0x000000000000e780       0xb0 /opt/devkitpro/devkitA64/lib/gcc/aarch64-none-elf/15.2.0/../../../../aarch64-none-elf/lib/pic/libg.a(libc_a-makebuf.o)
                0x000000000000e780                __swhatbuf_r
 *fill*         0x000000000000e830       0x10 
 .text.__smakebuf_r
                0x000000000000e840       0xe8 /opt/devkitpro/devkitA64/lib/gcc/aarch64-none-elf/15.2.0/../../../../aarch64-none-elf/lib/pic/libg.a(libc_a-makebuf.o)
                0x000000000000e840                __smakebuf_r
 *fill*         0x000000000000e928       0x18 
 .text._exit    0x000000000000e940       0x20 /opt/devkitpro/devkitA64/lib/gcc/aarch64-none-elf/15.2.0/../../../../aarch64-none-elf/lib/pic/libsysbase.a(libsysbase_libsysbase_a-_exit.o)
                0x000000000000e940                _exit
 .text.chdir    0x000000000000e960      0x16c /opt/devkitpro/devkitA64/lib/gcc/aarch64-none-elf/15.2.0/../../../../aarch64-none-elf/lib/pic/libsysbase.a(libsysbase_libsysbase_a-chdir.o)
                0x000000000000e960                chdir
 *fill*         0x000000000000eacc       0x14 
 .text._concatenate_path
                0x000000000000eae0      0x218 /opt/devkitpro/devkitA64/lib/gcc/aarch64-none-elf/15.2.0/../../../../aarch64-none-elf/lib/pic/libsysbase.a(libsysbase_libsysbase_a-concatenate.o)
                0x000000000000eae0                _concatenate_path
 *fill*         0x000000000000ecf8        0x8 
 .text._fstat_r
                0x000000000000ed00       0x9c /opt/devkitpro/devkitA64/lib/gcc/aarch64-none-elf/15.2.0/../../../../aarch64-none-elf/lib/pic/libsysbase.a(libsysbase_libsysbase_a-fstat.o)
                0x000000000000ed00                _fstat_r
 *fill*         0x000000000000ed9c        0x4 
 .text.__getreent
                0x000000000000eda0       0x20 /opt/devkitpro/devkitA64/lib/gcc/aarch64-none-elf/15.2.0/../../../../aarch64-none-elf/lib/pic/libsysbase.a(libsysbase_libsysbase_a-getreent.o)
                0x000000000000eda0                __getreent
 .text.__get_handle
                0x000000000000edc0       0x60 /opt/devkitpro/devkitA64/lib/gcc/aarch64-none-elf/15.2.0/../../../../aarch64-none-elf/lib/pic/libsysbase.a(libsysbase_libsysbase_a-handle_manager.o)
                0x000000000000edc0                __get_handle
 .text._close_r
                0x000000000000ee20       0xf4 /opt/devkitpro/devkitA64/lib/gcc/aarch64-none-elf/15.2.0/../../../../aarch64-none-elf/lib/pic/libsysbase.a(libsysbase_libsysbase_a-handle_manager.o)
                0x000000000000ee20                _close_r
 *fill*         0x000000000000ef14        0xc 
 .text.null_write
                0x000000000000ef20        0x8 /opt/devkitpro/devkitA64/lib/gcc/aarch64-none-elf/15.2.0/../../../../aarch64-none-elf/lib/pic/libsysbase.a(libsysbase_libsysbase_a-iosupport.o)
 *fill*         0x000000000000ef28       0x18 
 .text.setDefaultDevice
                0x000000000000ef40       0x18 /opt/devkitpro/devkitA64/lib/gcc/aarch64-none-elf/15.2.0/../../../../aarch64-none-elf/lib/pic/libsysbase.a(libsysbase_libsysbase_a-iosupport.o)
                0x000000000000ef40                setDefaultDevice
 *fill*         0x000000000000ef58        0x8 
 .text.FindDevice
                0x000000000000ef60      0x110 /opt/devkitpro/devkitA64/lib/gcc/aarch64-none-elf/15.2.0/../../../../aarch64-none-elf/lib/pic/libsysbase.a(libsysbase_libsysbase_a-iosupport.o)
                0x000000000000ef60                FindDevice
 *fill*         0x000000000000f070       0x10 
 .text.RemoveDevice
                0x000000000000f080       0x34 /opt/devkitpro/devkitA64/lib/gcc/aarch64-none-elf/15.2.0/../../../../aarch64-none-elf/lib/pic/libsysbase.a(libsysbase_libsysbase_a-iosupport.o)
                0x000000000000f080                RemoveDevice
 *fill*         0x000000000000f0b4        0xc 
 .text.AddDevice
                0x000000000000f0c0       0xc4 /opt/devkitpro/devkitA64/lib/gcc/aarch64-none-elf/15.2.0/../../../../aarch64-none-elf/lib/pic/libsysbase.a(libsysbase_libsysbase_a-iosupport.o)
                0x000000000000f0c0                AddDevice
 *fill*         0x000000000000f184       0x1c 
 .text.GetDeviceOpTab
                0x000000000000f1a0       0x34 /opt/devkitpro/devkitA64/lib/gcc/aarch64-none-elf/15.2.0/../../../../aarch64-none-elf/lib/pic/libsysbase.a(libsysbase_libsysbase_a-iosupport.o)
                0x000000000000f1a0                GetDeviceOpTab
 *fill*         0x000000000000f1d4        0xc 
 .text._isatty_r
                0x000000000000f1e0        0x8 /opt/devkitpro/devkitA64/lib/gcc/aarch64-none-elf/15.2.0/../../../../aarch64-none-elf/lib/pic/libsysbase.a(libsysbase_libsysbase_a-isatty.o)
                0x000000000000f1e0                _isatty_r
 *fill*         0x000000000000f1e8       0x18 
 .text._lseek_r
                0x000000000000f200       0xa0 /opt/devkitpro/devkitA64/lib/gcc/aarch64-none-elf/15.2.0/../../../../aarch64-none-elf/lib/pic/libsysbase.a(libsysbase_libsysbase_a-lseek.o)
                0x000000000000f200                _lseek_r
 .text._read_r  0x000000000000f2a0       0xb0 /opt/devkitpro/devkitA64/lib/gcc/aarch64-none-elf/15.2.0/../../../../aarch64-none-elf/lib/pic/libsysbase.a(libsysbase_libsysbase_a-read.o)
                0x000000000000f2a0                _read_r
 *fill*         0x000000000000f350       0x10 
 .text._sbrk_r  0x000000000000f360       0x78 /opt/devkitpro/devkitA64/lib/gcc/aarch64-none-elf/15.2.0/../../../../aarch64-none-elf/lib/pic/libsysbase.a(libsysbase_libsysbase_a-sbrk.o)
                0x000000000000f360                _sbrk_r
 *fill*         0x000000000000f3d8        0x8 
 .text.__libc_lock_acquire
                0x000000000000f3e0       0x14 /opt/devkitpro/devkitA64/lib/gcc/aarch64-none-elf/15.2.0/../../../../aarch64-none-elf/lib/pic/libsysbase.a(libsysbase_libsysbase_a-syscall_support.o)
                0x000000000000f3e0                __libc_lock_acquire
 *fill*         0x000000000000f3f4        0xc 
 .text.__libc_lock_release
                0x000000000000f400       0x14 /opt/devkitpro/devkitA64/lib/gcc/aarch64-none-elf/15.2.0/../../../../aarch64-none-elf/lib/pic/libsysbase.a(libsysbase_libsysbase_a-syscall_support.o)
                0x000000000000f400                __libc_lock_release
 *fill*         0x000000000000f414        0xc 
 .text.__libc_lock_acquire_recursive
                0x000000000000f420       0x14 /opt/devkitpro/devkitA64/lib/gcc/aarch64-none-elf/15.2.0/../../../../aarch64-none-elf/lib/pic/libsysbase.a(libsysbase_libsysbase_a-syscall_support.o)
                0x000000000000f420                __libc_lock_acquire_recursive
 *fill*         0x000000000000f434        0xc 
 .text.__libc_lock_release_recursive
                0x000000000000f440       0x14 /opt/devkitpro/devkitA64/lib/gcc/aarch64-none-elf/15.2.0/../../../../aarch64-none-elf/lib/pic/libsysbase.a(libsysbase_libsysbase_a-syscall_support.o)
                0x000000000000f440                __libc_lock_release_recursive
 *fill*         0x000000000000f454        0xc 
 .text._write_r
                0x000000000000f460       0xb0 /opt/devkitpro/devkitA64/lib/gcc/aarch64-none-elf/15.2.0/../../../../aarch64-none-elf/lib/pic/libsysbase.a(libsysbase_libsysbase_a-write.o)
                0x000000000000f460                _write_r
 *fill*         0x000000000000f510       0x30 
 .text          0x000000000000f540      0x104 /opt/devkitpro/devkitA64/lib/gcc/aarch64-none-elf/15.2.0/../../../../aarch64-none-elf/lib/pic/libg.a(libc_a-strrchr.o)
                0x000000000000f540                strrchr
                0x000000000000f648                . = ALIGN (0x8)
 *fill*         0x000000000000f644        0x4 

.init           0x000000000000f648       0x38
 *(.init)
 .init          0x000000000000f648       0x18 /opt/devkitpro/devkitA64/lib/gcc/aarch64-none-elf/15.2.0/pic/crti.o
                0x000000000000f648                _init
 .init          0x000000000000f660       0x1c /opt/devkitpro/devkitA64/lib/gcc/aarch64-none-elf/15.2.0/pic/crtn.o
                0x000000000000f680                . = ALIGN (0x8)
 *fill*         0x000000000000f67c        0x4 

.plt            0x000000000000f680        0x0
 *(.plt)
 .plt           0x000000000000f680        0x0 /opt/devkitpro/devkitA64/lib/gcc/aarch64-none-elf/15.2.0/pic/crti.o
 *(.iplt)
                0x000000000000f680                . = ALIGN (0x8)

.fini           0x000000000000f680       0x38
 *(.fini)
 .fini          0x000000000000f680       0x18 /opt/devkitpro/devkitA64/lib/gcc/aarch64-none-elf/15.2.0/pic/crti.o
                0x000000000000f680                _fini
 .fini          0x000000000000f698       0x1c /opt/devkitpro/devkitA64/lib/gcc/aarch64-none-elf/15.2.0/pic/crtn.o
                0x000000000000f6b8                . = ALIGN (0x8)
 *fill*         0x000000000000f6b4        0x4 
                0x0000000000010000                . = ALIGN (0x1000)
                [!provide]                        PROVIDE (__rodata_start = .)

.nx-module-name
                0x0000000000010000       0x14
 *(.nx-module-name)
 .nx-module-name
                0x0000000000010000       0x14 /opt/devkitpro/devkitA64/lib/gcc/aarch64-none-elf/15.2.0/pic/crti.o

.rela.dyn       0x0000000000010018        0x0
 *(.rela.*)
 .rela.got      0x0000000000010018        0x0 /opt/devkitpro/devkitA64/lib/gcc/aarch64-none-elf/15.2.0/pic/crti.o
 .rela.plt      0x0000000000010018        0x0 /opt/devkitpro/devkitA64/lib/gcc/aarch64-none-elf/15.2.0/pic/crti.o
 .rela.bss      0x0000000000010018        0x0 /opt/devkitpro/devkitA64/lib/gcc/aarch64-none-elf/15.2.0/pic/crti.o
 .rela.data.rel.ro
                0x0000000000010018        0x0 /opt/devkitpro/devkitA64/lib/gcc/aarch64-none-elf/15.2.0/pic/crti.o
 .rela.init_array
                0x0000000000010018        0x0 /opt/devkitpro/devkitA64/lib/gcc/aarch64-none-elf/15.2.0/pic/crti.o
 .rela.fini_array
                0x0000000000010018        0x0 /opt/devkitpro/devkitA64/lib/gcc/aarch64-none-elf/15.2.0/pic/crti.o
 .rela.ifunc    0x0000000000010018        0x0 /opt/devkitpro/devkitA64/lib/gcc/aarch64-none-elf/15.2.0/pic/crti.o
 .rela.data.rel.ro.local.fsdev_devoptab
                0x0000000000010018        0x0 /opt/devkitpro/devkitA64/lib/gcc/aarch64-none-elf/15.2.0/pic/crti.o
 .rela.data.rel.__sglue
                0x0000000000010018        0x0 /opt/devkitpro/devkitA64/lib/gcc/aarch64-none-elf/15.2.0/pic/crti.o
 .rela.data.rel.__malloc_av_
                0x0000000000010018        0x0 /opt/devkitpro/devkitA64/lib/gcc/aarch64-none-elf/15.2.0/pic/crti.o
 .rela.data.rel._impure_ptr
                0x0000000000010018        0x0 /opt/devkitpro/devkitA64/lib/gcc/aarch64-none-elf/15.2.0/pic/crti.o
 .rela.data.rel._impure_data
                0x0000000000010018        0x0 /opt/devkitpro/devkitA64/lib/gcc/aarch64-none-elf/15.2.0/pic/crti.o
 .rela.data.rel.local.environ
                0x0000000000010018        0x0 /opt/devkitpro/devkitA64/lib/gcc/aarch64-none-elf/15.2.0/pic/crti.o
 .rela.data.rel.local.handles
                0x0000000000010018        0x0 /opt/devkitpro/devkitA64/lib/gcc/aarch64-none-elf/15.2.0/pic/crti.o
 .rela.data.rel.devoptab_list
                0x0000000000010018        0x0 /opt/devkitpro/devkitA64/lib/gcc/aarch64-none-elf/15.2.0/pic/crti.o
 .rela.data.rel.ro.local.dotab_stdnull
                0x0000000000010018        0x0 /opt/devkitpro/devkitA64/lib/gcc/aarch64-none-elf/15.2.0/pic/crti.o

.relr.dyn       0x0000000000010018       0x70
 *(.relr.*)
 .relr.dyn      0x0000000000010018       0x70 /opt/devkitpro/devkitA64/lib/gcc/aarch64-none-elf/15.2.0/pic/crti.o

.hash           0x0000000000010088       0x18
 *(.hash)
 .hash          0x0000000000010088       0x18 /opt/devkitpro/devkitA64/lib/gcc/aarch64-none-elf/15.2.0/pic/crti.o

.gnu.hash
 *(.gnu.hash)

.dynsym         0x00000000000100a0       0x48
 *(.dynsym)
 .dynsym        0x00000000000100a0       0x48 /opt/devkitpro/devkitA64/lib/gcc/aarch64-none-elf/15.2.0/pic/crti.o

.dynstr         0x00000000000100e8        0x1
 *(.dynstr)
 .dynstr        0x00000000000100e8        0x1 /opt/devkitpro/devkitA64/lib/gcc/aarch64-none-elf/15.2.0/pic/crti.o

.rodata         0x00000000000100f0      0x200
 *(.rodata .rodata.* .gnu.linkonce.r.*)
 .rodata.str1.8
                0x00000000000100f0       0x72 build/src/main.o
                                         0x29 (size before relaxing)
 *fill*         0x0000000000010162        0x2 
 .rodata.envSetup
                0x0000000000010164       0x11 /opt/devkitpro/libnx/lib/libnx.a(env.o)
 .rodata.__libnx_init_time.str1.8
                0x0000000000010175        0x0 /opt/devkitpro/libnx/lib/libnx.a(newlib.o)
                                          0x3 (size before relaxing)
 .rodata.fsdev_fixpath.str1.8
                0x0000000000010175        0x0 /opt/devkitpro/libnx/lib/libnx.a(fs_dev.o)
                                          0x2 (size before relaxing)
 .rodata._fsdevUnmountDeviceStruct.part.0.str1.8
                0x0000000000010175        0x0 /opt/devkitpro/libnx/lib/libnx.a(fs_dev.o)
                                          0x2 (size before relaxing)
 .rodata.fsdevMountDevice.str1.8
                0x0000000000010175        0x0 /opt/devkitpro/libnx/lib/libnx.a(fs_dev.o)
                                         0x10 (size before relaxing)
 .rodata.fsdevMountSdmc.str1.8
                0x0000000000010175        0x0 /opt/devkitpro/libnx/lib/libnx.a(fs_dev.o)
                                          0x5 (size before relaxing)
 *fill*         0x0000000000010175        0x3 
 .rodata.error_table
                0x0000000000010178       0x20 /opt/devkitpro/libnx/lib/libnx.a(fs_dev.o)
 *fill*         0x0000000000010198        0x8 
 .rodata.cst16  0x00000000000101a0       0x30 /opt/devkitpro/libnx/lib/libnx.a(fs_dev.o)
                                         0x20 (size before relaxing)
 .rodata.smInitialize.str1.8
                0x00000000000101d0        0x0 /opt/devkitpro/libnx/lib/libnx.a(sm.o)
                                          0x4 (size before relaxing)
 .rodata.CSWTCH.1000
                0x00000000000101d0       0x14 /opt/devkitpro/libnx/lib/libnx.a(applet.o)
 .rodata.nxlinkSetup.str1.8
                0x00000000000101e4        0x0 /opt/devkitpro/libnx/lib/libnx.a(nxlink.o)
                                          0x9 (size before relaxing)
 .rodata._puts_r.str1.8
                0x00000000000101e4        0x0 /opt/devkitpro/devkitA64/lib/gcc/aarch64-none-elf/15.2.0/../../../../aarch64-none-elf/lib/pic/libg.a(libc_a-puts.o)
                                          0x2 (size before relaxing)
 .rodata.cst16  0x00000000000101e4        0x0 /opt/devkitpro/devkitA64/lib/gcc/aarch64-none-elf/15.2.0/../../../../aarch64-none-elf/lib/pic/libg.a(libc_a-mallocr.o)
                                         0x10 (size before relaxing)
 *fill*         0x00000000000101e4        0x4 
 .rodata._ctype_
                0x00000000000101e8      0x101 /opt/devkitpro/devkitA64/lib/gcc/aarch64-none-elf/15.2.0/../../../../aarch64-none-elf/lib/pic/libg.a(libc_a-ctype_.o)
                0x00000000000101e8                _ctype_
 .rodata.AddDevice.str1.8
                0x00000000000102e9        0x0 /opt/devkitpro/devkitA64/lib/gcc/aarch64-none-elf/15.2.0/../../../../aarch64-none-elf/lib/pic/libsysbase.a(libsysbase_libsysbase_a-iosupport.o)
                                          0x8 (size before relaxing)
                0x00000000000102f0                . = ALIGN (0x8)
 *fill*         0x00000000000102e9        0x7 

.tls.align      0x00000000000102f0        0x8
                0x00000000000102f0        0x8 QUAD 0x8 MAX (ALIGNOF (.tdata), ALIGNOF (.tbss))
                0x00000000000102f0                PROVIDE (__tls_align = ADDR (.tls.align))

.gcc_except_table
 *(.gcc_except_table .gcc_except_table.*)

.eh_frame_hdr   0x00000000000102f8        0x0
 *(.eh_frame_hdr)
 *(.eh_frame_entry .eh_frame_entry.*)

.eh_frame       0x00000000000102f8     0x2c68
 *(.eh_frame)
 .eh_frame      0x00000000000102f8       0x48 /opt/devkitpro/devkitA64/lib/gcc/aarch64-none-elf/15.2.0/pic/crtbegin.o
 .eh_frame      0x0000000000010340       0x20 build/src/main.o
                                         0x38 (size before relaxing)
 .eh_frame      0x0000000000010360       0x38 /opt/devkitpro/libnx/lib/libnx.a(dynamic.o)
                                         0x48 (size before relaxing)
 .eh_frame      0x0000000000010398       0xa8 /opt/devkitpro/libnx/lib/libnx.a(init.o)
                                         0xb8 (size before relaxing)
 .eh_frame      0x0000000000010440      0x148 /opt/devkitpro/libnx/lib/libnx.a(env.o)
                                        0x210 (size before relaxing)
 .eh_frame      0x0000000000010588       0xf0 /opt/devkitpro/libnx/lib/libnx.a(newlib.o)
                                        0x3f8 (size before relaxing)
 .eh_frame      0x0000000000010678       0x18 /opt/devkitpro/libnx/lib/libnx.a(diag.o)
                                         0x30 (size before relaxing)
 .eh_frame      0x0000000000010690       0x38 /opt/devkitpro/libnx/lib/libnx.a(argv.o)
                                         0x48 (size before relaxing)
 .eh_frame      0x00000000000106c8      0x6b0 /opt/devkitpro/libnx/lib/libnx.a(fs_dev.o)
                                        0x9b0 (size before relaxing)
 .eh_frame      0x0000000000010d78       0x18 /opt/devkitpro/libnx/lib/libnx.a(decode_utf8.o)
                                         0x28 (size before relaxing)
 .eh_frame      0x0000000000010d90      0x1b8 /opt/devkitpro/libnx/lib/libnx.a(svc.o)
                                        0xa00 (size before relaxing)
 .eh_frame      0x0000000000010f48       0x28 /opt/devkitpro/libnx/lib/libnx.a(exception.o)
                                         0x40 (size before relaxing)
 .eh_frame      0x0000000000010f70       0x18 /opt/devkitpro/libnx/lib/libnx.a(readtp.o)
                                         0x28 (size before relaxing)
 .eh_frame      0x0000000000010f88       0x98 /opt/devkitpro/libnx/lib/libnx.a(mutex.o)
                                         0xe0 (size before relaxing)
 .eh_frame      0x0000000000011020      0x140 /opt/devkitpro/libnx/lib/libnx.a(virtmem.o)
                                        0x218 (size before relaxing)
 .eh_frame      0x0000000000011160       0x30 /opt/devkitpro/libnx/lib/libnx.a(condvar.o)
                                         0x40 (size before relaxing)
 .eh_frame      0x0000000000011190       0x58 /opt/devkitpro/libnx/lib/libnx.a(random.o)
                                         0x70 (size before relaxing)
 .eh_frame      0x00000000000111e8       0x28 /opt/devkitpro/libnx/lib/libnx.a(thread.o)
                                        0x298 (size before relaxing)
 .eh_frame      0x0000000000011210       0xd0 /opt/devkitpro/libnx/lib/libnx.a(set.o)
                                       0x2b38 (size before relaxing)
 .eh_frame      0x00000000000112e0      0x470 /opt/devkitpro/libnx/lib/libnx.a(fs.o)
                                       0x1680 (size before relaxing)
 .eh_frame      0x0000000000011750      0x128 /opt/devkitpro/libnx/lib/libnx.a(sm.o)
                                        0x2c0 (size before relaxing)
 .eh_frame      0x0000000000011878      0x480 /opt/devkitpro/libnx/lib/libnx.a(applet.o)
                                       0x3860 (size before relaxing)
 .eh_frame      0x0000000000011cf8      0x170 /opt/devkitpro/libnx/lib/libnx.a(time.o)
                                        0x378 (size before relaxing)
 .eh_frame      0x0000000000011e68       0x88 /opt/devkitpro/libnx/lib/libnx.a(hid.o)
                                       0x1a50 (size before relaxing)
 .eh_frame      0x0000000000011ef0       0x28 /opt/devkitpro/libnx/lib/libnx.a(hosversion.o)
                                         0x50 (size before relaxing)
 .eh_frame      0x0000000000011f18       0x30 /opt/devkitpro/libnx/lib/libnx.a(nxlink.o)
                                         0x40 (size before relaxing)
 .eh_frame      0x0000000000011f48       0x28 /opt/devkitpro/libnx/lib/libnx.a(alloc.o)
                                         0x50 (size before relaxing)
 .eh_frame      0x0000000000011f70       0x78 /opt/devkitpro/libnx/lib/libnx.a(shmem.o)
                                         0xa0 (size before relaxing)
 .eh_frame      0x0000000000011fe8       0x48 /opt/devkitpro/libnx/lib/libnx.a(wait.o)
                                         0xb0 (size before relaxing)
 .eh_frame      0x0000000000012030       0x68 /opt/devkitpro/libnx/lib/libnx.a(tmem.o)
                                        0x128 (size before relaxing)
 .eh_frame      0x0000000000012098       0x60 /opt/devkitpro/libnx/lib/libnx.a(event.o)
                                         0xc0 (size before relaxing)
 .eh_frame      0x00000000000120f8      0x100 /opt/devkitpro/libnx/lib/libnx.a(sessionmgr.o)
                                        0x110 (size before relaxing)
 .eh_frame      0x00000000000121f8       0xb0 /opt/devkitpro/libnx/lib/libnx.a(apm.o)
                                        0x138 (size before relaxing)
 .eh_frame      0x00000000000122a8       0x18 /opt/devkitpro/devkitA64/lib/gcc/aarch64-none-elf/15.2.0/../../../../aarch64-none-elf/lib/pic/libg.a(libc_a-memset.o)
                                         0x28 (size before relaxing)
 .eh_frame      0x00000000000122c0       0x28 /opt/devkitpro/devkitA64/lib/gcc/aarch64-none-elf/15.2.0/../../../../aarch64-none-elf/lib/pic/libg.a(libc_a-setenv.o)
                                         0x58 (size before relaxing)
 .eh_frame      0x00000000000122e8       0x18 /opt/devkitpro/devkitA64/lib/gcc/aarch64-none-elf/15.2.0/../../../../aarch64-none-elf/lib/pic/libg.a(libc_a-strcmp.o)
                                         0x28 (size before relaxing)
 .eh_frame      0x0000000000012300       0x18 /opt/devkitpro/devkitA64/lib/gcc/aarch64-none-elf/15.2.0/../../../../aarch64-none-elf/lib/pic/libg.a(libc_a-strncmp.o)
                                         0x28 (size before relaxing)
 .eh_frame      0x0000000000012318       0xc8 /opt/devkitpro/devkitA64/lib/gcc/aarch64-none-elf/15.2.0/../../../../aarch64-none-elf/lib/pic/libg.a(libc_a-findfp.o)
                                        0x188 (size before relaxing)
 .eh_frame      0x00000000000123e0       0x38 /opt/devkitpro/devkitA64/lib/gcc/aarch64-none-elf/15.2.0/../../../../aarch64-none-elf/lib/pic/libg.a(libc_a-strtoul.o)
                                         0x98 (size before relaxing)
 .eh_frame      0x0000000000012418       0x28 /opt/devkitpro/devkitA64/lib/gcc/aarch64-none-elf/15.2.0/../../../../aarch64-none-elf/lib/pic/libg.a(libc_a-init.o)
                                         0x40 (size before relaxing)
 .eh_frame      0x0000000000012440       0x18 /opt/devkitpro/devkitA64/lib/gcc/aarch64-none-elf/15.2.0/../../../../aarch64-none-elf/lib/pic/libg.a(libc_a-strncat.o)
                                         0x28 (size before relaxing)
 .eh_frame      0x0000000000012458       0x38 /opt/devkitpro/devkitA64/lib/gcc/aarch64-none-elf/15.2.0/../../../../aarch64-none-elf/lib/pic/libg.a(libc_a-fwalk.o)
                                         0x50 (size before relaxing)
 .eh_frame      0x0000000000012490       0x68 /opt/devkitpro/devkitA64/lib/gcc/aarch64-none-elf/15.2.0/../../../../aarch64-none-elf/lib/pic/libg.a(libc_a-bsearch.o)
                                         0x78 (size before relaxing)
 .eh_frame      0x00000000000124f8       0x20 /opt/devkitpro/devkitA64/lib/gcc/aarch64-none-elf/15.2.0/../../../../aarch64-none-elf/lib/pic/libg.a(libc_a-errno.o)
                                         0x38 (size before relaxing)
 .eh_frame      0x0000000000012518        0x0 /opt/devkitpro/devkitA64/lib/gcc/aarch64-none-elf/15.2.0/../../../../aarch64-none-elf/lib/pic/libg.a(libc_a-aligned_alloc.o)
                                         0x38 (size before relaxing)
 .eh_frame      0x0000000000012518       0x58 /opt/devkitpro/devkitA64/lib/gcc/aarch64-none-elf/15.2.0/../../../../aarch64-none-elf/lib/pic/libg.a(libc_a-puts.o)
                                         0x68 (size before relaxing)
 .eh_frame      0x0000000000012570       0x18 /opt/devkitpro/devkitA64/lib/gcc/aarch64-none-elf/15.2.0/../../../../aarch64-none-elf/lib/pic/libg.a(libc_a-memcpy.o)
                                         0x28 (size before relaxing)
 .eh_frame      0x0000000000012588       0x50 /opt/devkitpro/devkitA64/lib/gcc/aarch64-none-elf/15.2.0/../../../../aarch64-none-elf/lib/pic/libg.a(libc_a-mallocr.o)
                                         0x60 (size before relaxing)
 .eh_frame      0x00000000000125d8       0x78 /opt/devkitpro/devkitA64/lib/gcc/aarch64-none-elf/15.2.0/../../../../aarch64-none-elf/lib/pic/libg.a(libc_a-freer.o)
                                         0x90 (size before relaxing)
 .eh_frame      0x0000000000012650        0x0 /opt/devkitpro/devkitA64/lib/gcc/aarch64-none-elf/15.2.0/../../../../aarch64-none-elf/lib/pic/libg.a(libc_a-strcpy.o)
                                         0x28 (size before relaxing)
 .eh_frame      0x0000000000012650       0x48 /opt/devkitpro/devkitA64/lib/gcc/aarch64-none-elf/15.2.0/../../../../aarch64-none-elf/lib/pic/libg.a(libc_a-malloc.o)
                                         0x60 (size before relaxing)
 .eh_frame      0x0000000000012698        0x0 /opt/devkitpro/devkitA64/lib/gcc/aarch64-none-elf/15.2.0/../../../../aarch64-none-elf/lib/pic/libg.a(libc_a-ctype_.o)
                                         0x28 (size before relaxing)
 .eh_frame      0x0000000000012698       0x28 /opt/devkitpro/devkitA64/lib/gcc/aarch64-none-elf/15.2.0/../../../../aarch64-none-elf/lib/pic/libg.a(libc_a-gmtime.o)
                                         0x38 (size before relaxing)
 .eh_frame      0x00000000000126c0       0x18 /opt/devkitpro/devkitA64/lib/gcc/aarch64-none-elf/15.2.0/../../../../aarch64-none-elf/lib/pic/libg.a(libc_a-strlen.o)
                                         0x28 (size before relaxing)
 .eh_frame      0x00000000000126d8       0x18 /opt/devkitpro/devkitA64/lib/gcc/aarch64-none-elf/15.2.0/../../../../aarch64-none-elf/lib/pic/libg.a(libc_a-strnlen.o)
                                         0x28 (size before relaxing)
 .eh_frame      0x00000000000126f0       0x28 /opt/devkitpro/devkitA64/lib/gcc/aarch64-none-elf/15.2.0/../../../../aarch64-none-elf/lib/pic/libg.a(libc_a-mlock.o)
                                         0x40 (size before relaxing)
 .eh_frame      0x0000000000012718       0x58 /opt/devkitpro/devkitA64/lib/gcc/aarch64-none-elf/15.2.0/../../../../aarch64-none-elf/lib/pic/libg.a(libc_a-setenv_r.o)
                                         0xa8 (size before relaxing)
 .eh_frame      0x0000000000012770       0x30 /opt/devkitpro/devkitA64/lib/gcc/aarch64-none-elf/15.2.0/../../../../aarch64-none-elf/lib/pic/libg.a(libc_a-exit.o)
                                         0x48 (size before relaxing)
 .eh_frame      0x00000000000127a0       0x18 /opt/devkitpro/devkitA64/lib/gcc/aarch64-none-elf/15.2.0/../../../../aarch64-none-elf/lib/pic/libg.a(libc_a-strncpy.o)
                                         0x28 (size before relaxing)
 .eh_frame      0x00000000000127b8       0xa0 /opt/devkitpro/devkitA64/lib/gcc/aarch64-none-elf/15.2.0/../../../../aarch64-none-elf/lib/pic/libg.a(libc_a-fvwrite.o)
                                         0xb8 (size before relaxing)
 .eh_frame      0x0000000000012858       0x90 /opt/devkitpro/devkitA64/lib/gcc/aarch64-none-elf/15.2.0/../../../../aarch64-none-elf/lib/pic/libg.a(libc_a-stdio.o)
                                         0xb8 (size before relaxing)
 .eh_frame      0x00000000000128e8       0x28 /opt/devkitpro/devkitA64/lib/gcc/aarch64-none-elf/15.2.0/../../../../aarch64-none-elf/lib/pic/libg.a(libc_a-envlock.o)
                                         0x40 (size before relaxing)
 .eh_frame      0x0000000000012910       0x48 /opt/devkitpro/devkitA64/lib/gcc/aarch64-none-elf/15.2.0/../../../../aarch64-none-elf/lib/pic/libg.a(libc_a-fclose.o)
                                         0x80 (size before relaxing)
 .eh_frame      0x0000000000012958       0x18 /opt/devkitpro/devkitA64/lib/gcc/aarch64-none-elf/15.2.0/../../../../aarch64-none-elf/lib/pic/libg.a(libc_a-gmtime_r.o)
                                         0x28 (size before relaxing)
 .eh_frame      0x0000000000012970       0x48 /opt/devkitpro/devkitA64/lib/gcc/aarch64-none-elf/15.2.0/../../../../aarch64-none-elf/lib/pic/libg.a(libc_a-malignr.o)
                                         0x60 (size before relaxing)
 .eh_frame      0x00000000000129b8       0x18 /opt/devkitpro/devkitA64/lib/gcc/aarch64-none-elf/15.2.0/../../../../aarch64-none-elf/lib/pic/libg.a(libc_a-memchr.o)
                                         0x28 (size before relaxing)
 .eh_frame      0x00000000000129d0       0x18 /opt/devkitpro/devkitA64/lib/gcc/aarch64-none-elf/15.2.0/../../../../aarch64-none-elf/lib/pic/libg.a(libc_a-strchr.o)
                                         0x28 (size before relaxing)
 .eh_frame      0x00000000000129e8       0x28 /opt/devkitpro/devkitA64/lib/gcc/aarch64-none-elf/15.2.0/../../../../aarch64-none-elf/lib/pic/libg.a(libc_a-fini.o)
                                         0x38 (size before relaxing)
 .eh_frame      0x0000000000012a10       0x68 /opt/devkitpro/devkitA64/lib/gcc/aarch64-none-elf/15.2.0/../../../../aarch64-none-elf/lib/pic/libg.a(libc_a-fflush.o)
                                         0x98 (size before relaxing)
 .eh_frame      0x0000000000012a78       0x40 /opt/devkitpro/devkitA64/lib/gcc/aarch64-none-elf/15.2.0/../../../../aarch64-none-elf/lib/pic/libg.a(libc_a-getenv_r.o)
                                         0x78 (size before relaxing)
 .eh_frame      0x0000000000012ab8       0x50 /opt/devkitpro/devkitA64/lib/gcc/aarch64-none-elf/15.2.0/../../../../aarch64-none-elf/lib/pic/libg.a(libc_a-reallocr.o)
                                         0x68 (size before relaxing)
 .eh_frame      0x0000000000012b08       0x28 /opt/devkitpro/devkitA64/lib/gcc/aarch64-none-elf/15.2.0/../../../../aarch64-none-elf/lib/pic/libg.a(libc_a-wsetup.o)
                                         0x40 (size before relaxing)
 .eh_frame      0x0000000000012b30       0x50 /opt/devkitpro/devkitA64/lib/gcc/aarch64-none-elf/15.2.0/../../../../aarch64-none-elf/lib/pic/libg.a(libc_a-makebuf.o)
                                         0x68 (size before relaxing)
 .eh_frame      0x0000000000012b80       0x20 /opt/devkitpro/devkitA64/lib/gcc/aarch64-none-elf/15.2.0/../../../../aarch64-none-elf/lib/pic/libsysbase.a(libsysbase_libsysbase_a-_exit.o)
                                         0x38 (size before relaxing)
 .eh_frame      0x0000000000012ba0       0x30 /opt/devkitpro/devkitA64/lib/gcc/aarch64-none-elf/15.2.0/../../../../aarch64-none-elf/lib/pic/libsysbase.a(libsysbase_libsysbase_a-chdir.o)
                                         0x78 (size before relaxing)
 .eh_frame      0x0000000000012bd0       0x88 /opt/devkitpro/devkitA64/lib/gcc/aarch64-none-elf/15.2.0/../../../../aarch64-none-elf/lib/pic/libsysbase.a(libsysbase_libsysbase_a-concatenate.o)
                                         0xa0 (size before relaxing)
 .eh_frame      0x0000000000012c58       0x38 /opt/devkitpro/devkitA64/lib/gcc/aarch64-none-elf/15.2.0/../../../../aarch64-none-elf/lib/pic/libsysbase.a(libsysbase_libsysbase_a-fstat.o)
                                         0x50 (size before relaxing)
 .eh_frame      0x0000000000012c90       0x18 /opt/devkitpro/devkitA64/lib/gcc/aarch64-none-elf/15.2.0/../../../../aarch64-none-elf/lib/pic/libsysbase.a(libsysbase_libsysbase_a-getreent.o)
                                         0x28 (size before relaxing)
 .eh_frame      0x0000000000012ca8       0x50 /opt/devkitpro/devkitA64/lib/gcc/aarch64-none-elf/15.2.0/../../../../aarch64-none-elf/lib/pic/libsysbase.a(libsysbase_libsysbase_a-handle_manager.o)
                                        0x110 (size before relaxing)
 .eh_frame      0x0000000000012cf8      0x128 /opt/devkitpro/devkitA64/lib/gcc/aarch64-none-elf/15.2.0/../../../../aarch64-none-elf/lib/pic/libsysbase.a(libsysbase_libsysbase_a-iosupport.o)
                                        0x138 (size before relaxing)
 .eh_frame      0x0000000000012e20       0x18 /opt/devkitpro/devkitA64/lib/gcc/aarch64-none-elf/15.2.0/../../../../aarch64-none-elf/lib/pic/libsysbase.a(libsysbase_libsysbase_a-isatty.o)
                                         0x28 (size before relaxing)
 .eh_frame      0x0000000000012e38       0x38 /opt/devkitpro/devkitA64/lib/gcc/aarch64-none-elf/15.2.0/../../../../aarch64-none-elf/lib/pic/libsysbase.a(libsysbase_libsysbase_a-lseek.o)
                                         0x50 (size before relaxing)
 .eh_frame      0x0000000000012e70       0x38 /opt/devkitpro/devkitA64/lib/gcc/aarch64-none-elf/15.2.0/../../../../aarch64-none-elf/lib/pic/libsysbase.a(libsysbase_libsysbase_a-read.o)
                                         0x48 (size before relaxing)
 .eh_frame      0x0000000000012ea8       0x18 /opt/devkitpro/devkitA64/lib/gcc/aarch64-none-elf/15.2.0/../../../../aarch64-none-elf/lib/pic/libsysbase.a(libsysbase_libsysbase_a-sbrk.o)
                                         0x28 (size before relaxing)
 .eh_frame      0x0000000000012ec0       0x50 /opt/devkitpro/devkitA64/lib/gcc/aarch64-none-elf/15.2.0/../../../../aarch64-none-elf/lib/pic/libsysbase.a(libsysbase_libsysbase_a-syscall_support.o)
                                        0x118 (size before relaxing)
 .eh_frame      0x0000000000012f10       0x38 /opt/devkitpro/devkitA64/lib/gcc/aarch64-none-elf/15.2.0/../../../../aarch64-none-elf/lib/pic/libsysbase.a(libsysbase_libsysbase_a-write.o)
                                         0x48 (size before relaxing)
 .eh_frame      0x0000000000012f48        0x0 /opt/devkitpro/devkitA64/lib/gcc/aarch64-none-elf/15.2.0/../../../../aarch64-none-elf/lib/pic/libsysbase.a(libsysbase_libsysbase_a-clocks.o)
                                         0x78 (size before relaxing)
 .eh_frame      0x0000000000012f48       0x14 /opt/devkitpro/devkitA64/lib/gcc/aarch64-none-elf/15.2.0/../../../../aarch64-none-elf/lib/pic/libg.a(libc_a-strrchr.o)
                                         0x28 (size before relaxing)
 .eh_frame      0x0000000000012f5c        0x4 /opt/devkitpro/devkitA64/lib/gcc/aarch64-none-elf/15.2.0/pic/crtend.o
 *(.eh_frame.*)

.gnu_extab
 *(.gnu_extab*)

.exception_ranges
 *(.exception_ranges .exception_ranges*)
                0x00000000000102f8                PROVIDE (__eh_frame_hdr_start = ADDR (.eh_frame_hdr))
                0x00000000000102f8                PROVIDE (__eh_frame_hdr_end = (ADDR (.eh_frame_hdr) + SIZEOF (.eh_frame_hdr)))

.gnu.version    0x0000000000012f60        0x0
 *(.gnu.version)
 .gnu.version   0x0000000000012f60        0x0 /opt/devkitpro/devkitA64/lib/gcc/aarch64-none-elf/15.2.0/pic/crti.o

.gnu.version_d  0x0000000000012f60        0x0
 *(.gnu.version_d)
 .gnu.version_d
                0x0000000000012f60        0x0 /opt/devkitpro/devkitA64/lib/gcc/aarch64-none-elf/15.2.0/pic/crti.o

.gnu.version_r  0x0000000000012f60        0x0
 *(.gnu.version_r)
 .gnu.version_r
                0x0000000000012f60        0x0 /opt/devkitpro/devkitA64/lib/gcc/aarch64-none-elf/15.2.0/pic/crti.o

.note.gnu.build-id
                0x0000000000012f60       0x24
 *(.note.gnu.build-id)
 .note.gnu.build-id
                0x0000000000012f60       0x24 /opt/devkitpro/devkitA64/lib/gcc/aarch64-none-elf/15.2.0/pic/crti.o
                0x0000000000013000                . = ALIGN (0x1000)
                0x0000000000013000                PROVIDE (__relro_start = .)

.preinit_array  0x0000000000013000        0x0
                0x0000000000013000                PROVIDE (__preinit_array_start = .)
 *(.preinit_array)
                0x0000000000013000                PROVIDE (__preinit_array_end = .)

.init_array     0x0000000000013000        0x8
                0x0000000000013000                PROVIDE (__init_array_start = .)
 *(SORT_BY_INIT_PRIORITY(.init_array.*) SORT_BY_INIT_PRIORITY(.ctors.*))
 *(.init_array .ctors)
 .init_array    0x0000000000013000        0x8 /opt/devkitpro/devkitA64/lib/gcc/aarch64-none-elf/15.2.0/pic/crtbegin.o
                0x0000000000013008                PROVIDE (__init_array_end = .)

.fini_array     0x0000000000013008        0x8
                0x0000000000013008                PROVIDE (__fini_array_start = .)
 *(SORT_BY_INIT_PRIORITY(.fini_array.*) SORT_BY_INIT_PRIORITY(.dtors.*))
 *(.fini_array .dtors)
 .fini_array    0x0000000000013008        0x8 /opt/devkitpro/devkitA64/lib/gcc/aarch64-none-elf/15.2.0/pic/crtbegin.o
                0x0000000000013010                PROVIDE (__fini_array_end = .)

.data.rel.ro    0x0000000000013010      0x200
 *(.data.rel.ro.local* .gnu.linkonce.d.rel.ro.local.*)
 .data.rel.ro.local.fsdev_devoptab
                0x0000000000013010      0x100 /opt/devkitpro/libnx/lib/libnx.a(fs_dev.o)
 .data.rel.ro.local.dotab_stdnull
                0x0000000000013110      0x100 /opt/devkitpro/devkitA64/lib/gcc/aarch64-none-elf/15.2.0/../../../../aarch64-none-elf/lib/pic/libsysbase.a(libsysbase_libsysbase_a-iosupport.o)
                0x0000000000013110                dotab_stdnull
 *(.data.rel.ro .data.rel.ro.* .gnu.linkonce.d.rel.ro.*)
 .data.rel.ro   0x0000000000013210        0x0 /opt/devkitpro/devkitA64/lib/gcc/aarch64-none-elf/15.2.0/pic/crti.o
                0x0000000000013210                . = ALIGN (0x8)

.dynamic        0x0000000000013210      0x150
 *(.dynamic)
 .dynamic       0x0000000000013210      0x150 /opt/devkitpro/devkitA64/lib/gcc/aarch64-none-elf/15.2.0/pic/crti.o
                0x0000000000013210                _DYNAMIC

.got            0x0000000000013360      0x218
 *(.got)
 .got           0x0000000000013360      0x218 /opt/devkitpro/devkitA64/lib/gcc/aarch64-none-elf/15.2.0/pic/crti.o
                0x0000000000013360                _GLOBAL_OFFSET_TABLE_
 *(.igot)

.got.plt        0x0000000000013578       0x18
 *(.got.plt)
 .got.plt       0x0000000000013578       0x18 /opt/devkitpro/devkitA64/lib/gcc/aarch64-none-elf/15.2.0/pic/crti.o
 *(.igot.plt)
                0x0000000000013360                PROVIDE (__got_start__ = ADDR (.got))
                0x0000000000013590                PROVIDE (__got_end__ = (ADDR (.got.plt) + SIZEOF (.got.plt)))
                0x0000000000014000                . = ALIGN (0x1000)
                0x0000000000014000                PROVIDE (__data_start = .)

.data           0x0000000000014000     0x2f50
 *(.data .data.* .gnu.linkonce.d.*)
 .data.__nx_exception_stack_size
                0x0000000000014000        0x8 /opt/devkitpro/libnx/lib/libnx.a(init.o)
                0x0000000000014000                __nx_exception_stack_size
 .data.__nx_fsdev_support_cwd
                0x0000000000014008        0x1 /opt/devkitpro/libnx/lib/libnx.a(fs_dev.o)
                0x0000000000014008                __nx_fsdev_support_cwd
 *fill*         0x0000000000014009        0x3 
 .data.__nx_fsdev_direntry_cache_size
                0x000000000001400c        0x4 /opt/devkitpro/libnx/lib/libnx.a(fs_dev.o)
                0x000000000001400c                __nx_fsdev_direntry_cache_size
 .data.__nx_fs_num_sessions
                0x0000000000014010        0x4 /opt/devkitpro/libnx/lib/libnx.a(fs.o)