Archive member included to satisfy reference by file (symbol)

/opt/devkitpro/libnx/lib/libnx.a(switch_crt0.o)
                              (_start)
/opt/devkitpro/libnx/lib/libnx.a(dynamic.o)
                              /opt/devkitpro/libnx/lib/libnx.a(switch_crt0.o) (__nx_dynamic)
/opt/devkitpro/libnx/lib/libnx.a(init.o)
                              /opt/devkitpro/libnx/lib/libnx.a(switch_crt0.o) (__libnx_init)
/opt/devkitpro/libnx/lib/libnx.a(env.o)
                              /opt/devkitpro/libnx/lib/libnx.a(init.o) (envSetup)
/opt/devkitpro/libnx/lib/libnx.a(newlib.o)
                              /opt/devkitpro/libnx/lib/libnx.a(init.o) (__libnx_init_time)
/opt/devkitpro/libnx/lib/libnx.a(diag.o)
                              /opt/devkitpro/libnx/lib/libnx.a(dynamic.o) (diagAbortWithResult)
/opt/devkitpro/libnx/lib/libnx.a(argv.o)
                              /opt/devkitpro/libnx/lib/libnx.a(init.o) (argvSetup)
/opt/devkitpro/libnx/lib/libnx.a(fs_dev.o)
                              /opt/devkitpro/libnx/lib/libnx.a(init.o) (fsdevMountSdmc)
/opt/devkitpro/libnx/lib/libnx.a(decode_utf8.o)
                              /opt/devkitpro/libnx/lib/libnx.a(fs_dev.o) (decode_utf8)
/opt/devkitpro/libnx/lib/libnx.a(svc.o)
                              /opt/devkitpro/libnx/lib/libnx.a(init.o) (svcSetHeapSize)
/opt/devkitpro/libnx/lib/libnx.a(exception.o)
                              /opt/devkitpro/libnx/lib/libnx.a(switch_crt0.o) (__libnx_exception_entry)
/opt/devkitpro/libnx/lib/libnx.a(readtp.o)
                              /opt/devkitpro/libnx/lib/libnx.a(fs_dev.o) (__aarch64_read_tp)
/opt/devkitpro/libnx/lib/libnx.a(mutex.o)
                              /opt/devkitpro/libnx/lib/libnx.a(newlib.o) (mutexLock)
/opt/devkitpro/libnx/lib/libnx.a(virtmem.o)
                              /opt/devkitpro/libnx/lib/libnx.a(init.o) (virtmemSetup)
/opt/devkitpro/libnx/lib/libnx.a(condvar.o)
                              /opt/devkitpro/libnx/lib/libnx.a(newlib.o) (condvarWaitTimeout)
/opt/devkitpro/libnx/lib/libnx.a(random.o)
                              /opt/devkitpro/libnx/lib/libnx.a(virtmem.o) (randomGet64)
/opt/devkitpro/libnx/lib/libnx.a(thread.o)
                              /opt/devkitpro/libnx/lib/libnx.a(init.o) (__libnx_init_thread)
/opt/devkitpro/libnx/lib/libnx.a(set.o)
                              /opt/devkitpro/libnx/lib/libnx.a(init.o) (setsysInitialize)
/opt/devkitpro/libnx/lib/libnx.a(fs.o)
                              /opt/devkitpro/libnx/lib/libnx.a(init.o) (fsInitialize)
/opt/devkitpro/libnx/lib/libnx.a(sm.o)
                              /opt/devkitpro/libnx/lib/libnx.a(env.o) (smAddOverrideHandle)
/opt/devkitpro/libnx/lib/libnx.a(applet.o)
                              /opt/devkitpro/libnx/lib/libnx.a(init.o) (__nx_applet_type)
/opt/devkitpro/libnx/lib/libnx.a(time.o)
                              /opt/devkitpro/libnx/lib/libnx.a(init.o) (timeInitialize)
/opt/devkitpro/libnx/lib/libnx.a(hid.o)
                              /opt/devkitpro/libnx/lib/libnx.a(init.o) (hidInitialize)
/opt/devkitpro/libnx/lib/libnx.a(hosversion.o)
                              /opt/devkitpro/libnx/lib/libnx.a(init.o) (hosversionGet)
/opt/devkitpro/libnx/lib/libnx.a(nxlink.o)
                              /opt/devkitpro/libnx/lib/libnx.a(argv.o) (nxlinkSetup)
/opt/devkitpro/libnx/lib/libnx.a(alloc.o)
                              /opt/devkitpro/libnx/lib/libnx.a(newlib.o) (__libnx_alloc)
/opt/devkitpro/libnx/lib/libnx.a(path_buf.o)
                              /opt/devkitpro/libnx/lib/libnx.a(fs_dev.o) (__nx_dev_path_buf)
/opt/devkitpro/libnx/lib/libnx.a(shmem.o)
                              /opt/devkitpro/libnx/lib/libnx.a(time.o) (shmemLoadRemote)
/opt/devkitpro/libnx/lib/libnx.a(wait.o)
                              /opt/devkitpro/libnx/lib/libnx.a(applet.o) (waitObjects)
/opt/devkitpro/libnx/lib/libnx.a(tmem.o)
                              /opt/devkitpro/libnx/lib/libnx.a(applet.o) (tmemCreate)
/opt/devkitpro/libnx/lib/libnx.a(event.o)
                              /opt/devkitpro/libnx/lib/libnx.a(set.o) (eventLoadRemote)
/opt/devkitpro/libnx/lib/libnx.a(sessionmgr.o)
                              /opt/devkitpro/libnx/lib/libnx.a(fs.o) (sessionmgrCreate)
/opt/devkitpro/libnx/lib/libnx.a(apm.o)
                              /opt/devkitpro/libnx/lib/libnx.a(applet.o) (apmInitialize)
/opt/devkitpro/devkitA64/lib/gcc/aarch64-none-elf/15.2.0/../../../../aarch64-none-elf/lib/pic/libg.a(libc_a-memset.o)
                              /opt/devkitpro/libnx/lib/libnx.a(dynamic.o) (memset)
/opt/devkitpro/devkitA64/lib/gcc/aarch64-none-elf/15.2.0/../../../../aarch64-none-elf/lib/pic/libg.a(libc_a-setenv.o)
                              /opt/devkitpro/libnx/lib/libnx.a(newlib.o) (setenv)
/opt/devkitpro/devkitA64/lib/gcc/aarch64-none-elf/15.2.0/../../../../aarch64-none-elf/lib/pic/libg.a(libc_a-strcmp.o)
                              /opt/devkitpro/libnx/lib/libnx.a(fs_dev.o) (strcmp)
[...]
Memory Configuration

Name             Origin             Length             Attributes
*default*        0x0000000000000000 0xffffffffffffffff

Linker script and memory map

                0x0000000000000000                PROVIDE (__start__ = 0x0)
                0x0000000000000000                . = __start__
                [!provide]                        PROVIDE (__code_start = .)

.text           0x0000000000000000    0x19d48
 *(.crt0)
 .crt0          0x0000000000000000      0x130 /opt/devkitpro/libnx/lib/libnx.a(switch_crt0.o)
                0x0000000000000000                _start
                0x00000000000000e0                __nx_exit
                0x00000000000000f0                __nx_mod0
 *(.text.unlikely .text.*_unlikely .text.unlikely.*)
 *(.text.exit .text.exit.*)
 *fill*         0x0000000000000130       0x10 
 .text.exit     0x0000000000000140       0x34 /opt/devkitpro/devkitA64/lib/gcc/aarch64-none-elf/15.2.0/../../../../aarch64-none-elf/lib/pic/libg.a(libc_a-exit.o)
                0x0000000000000140                exit
 *(.text.startup .text.startup.*)
 *fill*         0x0000000000000174        0xc 
 .text.startup.main
                0x0000000000000180       0xa8 build/src/main.o
                0x0000000000000180                main
 *(.text.hot .text.hot.*)
 *(.text .stub .text.* .gnu.linkonce.t.*)
 *fill*         0x0000000000000228       0x18 
 .text.__do_global_dtors_aux
                0x0000000000000240       0x50 /opt/devkitpro/devkitA64/lib/gcc/aarch64-none-elf/15.2.0/pic/crtbegin.o
 *fill*         0x0000000000000290       0x10 
 .text.frame_dummy
                0x00000000000002a0       0x24 /opt/devkitpro/devkitA64/lib/gcc/aarch64-none-elf/15.2.0/pic/crtbegin.o
 *fill*         0x00000000000002c4        0xc 
 .text.__nx_dynamic
                0x00000000000002d0      0x1fc /opt/devkitpro/libnx/lib/libnx.a(dynamic.o)
                0x00000000000002d0                __nx_dynamic
 *fill*         0x00000000000004cc        0x4 
 .text.__libnx_initheap
                0x00000000000004d0       0xd0 /opt/devkitpro/libnx/lib/libnx.a(init.o)
                0x00000000000004d0                __libnx_initheap
 .text.__appInit
                0x00000000000005a0       0xec /opt/devkitpro/libnx/lib/libnx.a(init.o)
                0x00000000000005a0                __appInit
 *fill*         0x000000000000068c        0x4 
 .text.__appExit
                0x0000000000000690       0x44 /opt/devkitpro/libnx/lib/libnx.a(init.o)
                0x0000000000000690                __appExit
 *fill*         0x00000000000006d4        0xc 
 .text.__libnx_init
                0x00000000000006e0       0x2c /opt/devkitpro/libnx/lib/libnx.a(init.o)
                0x00000000000006e0                __libnx_init
 *fill*         0x000000000000070c        0x4 
 .text.__libnx_exit
                0x0000000000000710       0x1c /opt/devkitpro/libnx/lib/libnx.a(init.o)
                0x0000000000000710                __libnx_exit
 *fill*         0x000000000000072c        0x4 
 .text.envSetup
                0x0000000000000730      0x208 /opt/devkitpro/libnx/lib/libnx.a(env.o)
                0x0000000000000730                envSetup
 *fill*         0x0000000000000938        0x8 
 .text.envGetMainThreadHandle
                0x0000000000000940       0x20 /opt/devkitpro/libnx/lib/libnx.a(env.o)
                0x0000000000000940                envGetMainThreadHandle
 .text.envIsNso
                0x0000000000000960        0xc /opt/devkitpro/libnx/lib/libnx.a(env.o)
                0x0000000000000960                envIsNso
 *fill*         0x000000000000096c        0x4 
 .text.envHasHeapOverride
                0x0000000000000970       0x14 /opt/devkitpro/libnx/lib/libnx.a(env.o)
                0x0000000000000970                envHasHeapOverride
 *fill*         0x0000000000000984        0xc 
 .text.envGetHeapOverrideAddr
                0x0000000000000990        0xc /opt/devkitpro/libnx/lib/libnx.a(env.o)
                0x0000000000000990                envGetHeapOverrideAddr
 *fill*         0x000000000000099c        0x4 
 .text.envGetHeapOverrideSize
                0x00000000000009a0        0xc /opt/devkitpro/libnx/lib/libnx.a(env.o)
                0x00000000000009a0                envGetHeapOverrideSize
 *fill*         0x00000000000009ac        0x4 
 .text.envHasArgv
                0x00000000000009b0       0x14 /opt/devkitpro/libnx/lib/libnx.a(env.o)
                0x00000000000009b0                envHasArgv
 *fill*         0x00000000000009c4        0xc 
 .text.envGetArgv
                0x00000000000009d0        0xc /opt/devkitpro/libnx/lib/libnx.a(env.o)
                0x00000000000009d0                envGetArgv
 *fill*         0x00000000000009dc        0x4 
 .text.envGetExitFuncPtr
                0x00000000000009e0        0xc /opt/devkitpro/libnx/lib/libnx.a(env.o)
                0x00000000000009e0                envGetExitFuncPtr
 *fill*         0x00000000000009ec        0x4 
 .text.envSetExitFuncPtr
                0x00000000000009f0        0xc /opt/devkitpro/libnx/lib/libnx.a(env.o)
                0x00000000000009f0                envSetExitFuncPtr
 *fill*         0x00000000000009fc        0x4 
 .text.envHasRandomSeed
                0x0000000000000a00        0xc /opt/devkitpro/libnx/lib/libnx.a(env.o)
                0x0000000000000a00                envHasRandomSeed
 *fill*         0x0000000000000a0c        0x4 
 .text.envGetRandomSeed
                0x0000000000000a10       0x10 /opt/devkitpro/libnx/lib/libnx.a(env.o)
                0x0000000000000a10                envGetRandomSeed
 .text.__syscall_exit
                0x0000000000000a20       0x1c /opt/devkitpro/libnx/lib/libnx.a(newlib.o)
                0x0000000000000a20                __syscall_exit
 *fill*         0x0000000000000a3c        0x4 
 .text.__syscall_getreent
                0x0000000000000a40       0x34 /opt/devkitpro/libnx/lib/libnx.a(newlib.o)
                0x0000000000000a40                __syscall_getreent
 *fill*         0x0000000000000a74        0xc 
 .text.__syscall_lock_acquire
                0x0000000000000a80        0x4 /opt/devkitpro/libnx/lib/libnx.a(newlib.o)
                0x0000000000000a80                __syscall_lock_acquire
 *fill*         0x0000000000000a84        0xc 
 .text.__syscall_lock_release
                0x0000000000000a90        0x4 /opt/devkitpro/libnx/lib/libnx.a(newlib.o)
                0x0000000000000a90                __syscall_lock_release
 *fill*         0x0000000000000a94        0xc 
 .text.__syscall_lock_acquire_recursive
                0x0000000000000aa0        0x4 /opt/devkitpro/libnx/lib/libnx.a(newlib.o)
                0x0000000000000aa0                __syscall_lock_acquire_recursive
 *fill*         0x0000000000000aa4        0xc 
 .text.__syscall_lock_release_recursive
                0x0000000000000ab0        0x4 /opt/devkitpro/libnx/lib/libnx.a(newlib.o)
                0x0000000000000ab0                __syscall_lock_release_recursive
 *fill*         0x0000000000000ab4        0xc 
 .text.__libnx_init_time
                0x0000000000000ac0      0x25c /opt/devkitpro/libnx/lib/libnx.a(newlib.o)
                0x0000000000000ac0                __libnx_init_time
 *fill*         0x0000000000000d1c        0x4 
 .text.newlibSetup
                0x0000000000000d20       0x98 /opt/devkitpro/libnx/lib/libnx.a(newlib.o)
                0x0000000000000d20                newlibSetup
 *fill*         0x0000000000000db8        0x8 
 .text.diagAbortWithResult
                0x0000000000000dc0       0x1c /opt/devkitpro/libnx/lib/libnx.a(diag.o)
                0x0000000000000dc0                diagAbortWithResult
 *fill*         0x0000000000000ddc        0x4 
 .text.argvSetup
                0x0000000000000de0      0x314 /opt/devkitpro/libnx/lib/libnx.a(argv.o)
                0x0000000000000de0                argvSetup
 *fill*         0x00000000000010f4        0xc 
 .text.fsdev_link
                0x0000000000001100       0x10 /opt/devkitpro/libnx/lib/libnx.a(fs_dev.o)
 .text.fsdev_dirreset
                0x0000000000001110       0x10 /opt/devkitpro/libnx/lib/libnx.a(fs_dev.o)
 .text.fsdev_chmod
                0x0000000000001120       0x10 /opt/devkitpro/libnx/lib/libnx.a(fs_dev.o)
 .text.error_cmp
                0x0000000000001130       0x18 /opt/devkitpro/libnx/lib/libnx.a(fs_dev.o)
 *fill*         0x0000000000001148        0x8 
 .text.fsdev_dirclose
                0x0000000000001150       0x20 /opt/devkitpro/libnx/lib/libnx.a(fs_dev.o)
 .text.fsdev_close
                0x0000000000001170       0x1c /opt/devkitpro/libnx/lib/libnx.a(fs_dev.o)
 *fill*         0x000000000000118c        0x4 
 .text.fsdev_converttimetoutc
                0x0000000000001190       0x74 /opt/devkitpro/libnx/lib/libnx.a(fs_dev.o)
 *fill*         0x0000000000001204        0xc 
 .text.fsdevFindDevice.part.0
                0x0000000000001210       0xd4 /opt/devkitpro/libnx/lib/libnx.a(fs_dev.o)
 *fill*         0x00000000000012e4        0xc 
 .text.fsdev_fixpath
                0x00000000000012f0      0x1cc /opt/devkitpro/libnx/lib/libnx.a(fs_dev.o)
 *fill*         0x00000000000014bc        0x4 
 .text._fsdevUnmountDeviceStruct.part.0
                0x00000000000014c0       0x9c /opt/devkitpro/libnx/lib/libnx.a(fs_dev.o)
 *fill*         0x000000000000155c        0x4 
 .text.fsdev_fchmod
                0x0000000000001560       0x10 /opt/devkitpro/libnx/lib/libnx.a(fs_dev.o)
 .text.fsdev_diropen
                0x0000000000001570      0x100 /opt/devkitpro/libnx/lib/libnx.a(fs_dev.o)
 .text.fsdev_statvfs
                0x0000000000001670       0xf8 /opt/devkitpro/libnx/lib/libnx.a(fs_dev.o)
 *fill*         0x0000000000001768        0x8 
 .text.fsdev_fsync
                0x0000000000001770       0x7c /opt/devkitpro/libnx/lib/libnx.a(fs_dev.o)
 *fill*         0x00000000000017ec        0x4 
 .text.fsdev_fstat
                0x00000000000017f0       0xec /opt/devkitpro/libnx/lib/libnx.a(fs_dev.o)
 *fill*         0x00000000000018dc        0x4 
 .text.fsdev_ftruncate
                0x00000000000018e0       0x94 /opt/devkitpro/libnx/lib/libnx.a(fs_dev.o)
 *fill*         0x0000000000001974        0xc 
 .text.fsdev_stat
                0x0000000000001980      0x1d8 /opt/devkitpro/libnx/lib/libnx.a(fs_dev.o)
 *fill*         0x0000000000001b58        0x8 
 .text.fsdev_rename
                0x0000000000001b60      0x14c /opt/devkitpro/libnx/lib/libnx.a(fs_dev.o)
 *fill*         0x0000000000001cac        0x4 
 .text.fsdev_chdir
                0x0000000000001cb0      0x13c /opt/devkitpro/libnx/lib/libnx.a(fs_dev.o)
 *fill*         0x0000000000001dec        0x4 
 .text.fsdev_rmdir
                0x0000000000001df0       0xa4 /opt/devkitpro/libnx/lib/libnx.a(fs_dev.o)
 *fill*         0x0000000000001e94        0xc 
 .text.fsdev_mkdir
                0x0000000000001ea0       0xa4 /opt/devkitpro/libnx/lib/libnx.a(fs_dev.o)
 *fill*         0x0000000000001f44        0xc 
 .text.fsdev_unlink
                0x0000000000001f50       0xa4 /opt/devkitpro/libnx/lib/libnx.a(fs_dev.o)
 *fill*         0x0000000000001ff4        0xc 
 .text.fsdev_write_safe
                0x0000000000002000      0x13c /opt/devkitpro/libnx/lib/libnx.a(fs_dev.o)
 *fill*         0x000000000000213c        0x4 
 .text.fsdev_read_safe
                0x0000000000002140      0x134 /opt/devkitpro/libnx/lib/libnx.a(fs_dev.o)
 *fill*         0x0000000000002274        0xc 
 .text.fsdev_read
                0x0000000000002280      0x100 /opt/devkitpro/libnx/lib/libnx.a(fs_dev.o)
 .text.fsdev_dirnext
                0x0000000000002380      0x1d4 /opt/devkitpro/libnx/lib/libnx.a(fs_dev.o)
 *fill*         0x0000000000002554        0xc 
 .text.fsdev_write
                0x0000000000002560      0x124 /opt/devkitpro/libnx/lib/libnx.a(fs_dev.o)
 *fill*         0x0000000000002684        0xc 
 .text.fsdev_seek
                0x0000000000002690      0x110 /opt/devkitpro/libnx/lib/libnx.a(fs_dev.o)
 .text.fsdev_open
                0x00000000000027a0      0x230 /opt/devkitpro/libnx/lib/libnx.a(fs_dev.o)
 .text.fsdevMountDevice
                0x00000000000029d0      0x324 /opt/devkitpro/libnx/lib/libnx.a(fs_dev.o)
                0x00000000000029d0                fsdevMountDevice
 *fill*         0x0000000000002cf4        0xc 
 .text.fsdevMountSdmc
                0x0000000000002d00       0x40 /opt/devkitpro/libnx/lib/libnx.a(fs_dev.o)
                0x0000000000002d00                fsdevMountSdmc
 .text.__libnx_init_cwd
                0x0000000000002d40       0xbc /opt/devkitpro/libnx/lib/libnx.a(fs_dev.o)
                0x0000000000002d40                __libnx_init_cwd
 *fill*         0x0000000000002dfc        0x4 
 .text.fsdevUnmountAll
                0x0000000000002e00       0x64 /opt/devkitpro/libnx/lib/libnx.a(fs_dev.o)
                0x0000000000002e00                fsdevUnmountAll
 *fill*         0x0000000000002e64        0xc 
 .text.decode_utf8
                0x0000000000002e70      0x128 /opt/devkitpro/libnx/lib/libnx.a(decode_utf8.o)
                0x0000000000002e70                decode_utf8
 .text.svcSetHeapSize
                0x0000000000002f98       0x14 /opt/devkitpro/libnx/lib/libnx.a(svc.o)
                0x0000000000002f98                svcSetHeapSize
 .text.svcSetMemoryPermission
                0x0000000000002fac        0x8 /opt/devkitpro/libnx/lib/libnx.a(svc.o)
                0x0000000000002fac                svcSetMemoryPermission
 .text.svcSetMemoryAttribute
                0x0000000000002fb4        0x8 /opt/devkitpro/libnx/lib/libnx.a(svc.o)
                0x0000000000002fb4                svcSetMemoryAttribute
 .text.svcUnmapMemory
                0x0000000000002fbc        0x8 /opt/devkitpro/libnx/lib/libnx.a(svc.o)
                0x0000000000002fbc                svcUnmapMemory
 .text.svcQueryMemory
                0x0000000000002fc4       0x14 /opt/devkitpro/libnx/lib/libnx.a(svc.o)
                0x0000000000002fc4                svcQueryMemory
 .text.svcExitProcess
                0x0000000000002fd8        0x8 /opt/devkitpro/libnx/lib/libnx.a(svc.o)
                0x0000000000002fd8                svcExitProcess
 .text.svcSleepThread
                0x0000000000002fe0        0x8 /opt/devkitpro/libnx/lib/libnx.a(svc.o)
                0x0000000000002fe0                svcSleepThread
 .text.svcMapSharedMemory
                0x0000000000002fe8        0x8 /opt/devkitpro/libnx/lib/libnx.a(svc.o)
                0x0000000000002fe8                svcMapSharedMemory
 .text.svcUnmapSharedMemory
                0x0000000000002ff0        0x8 /opt/devkitpro/libnx/lib/libnx.a(svc.o)
                0x0000000000002ff0                svcUnmapSharedMemory
 .text.svcCloseHandle
                0x0000000000002ff8        0x8 /opt/devkitpro/libnx/lib/libnx.a(svc.o)
                0x0000000000002ff8                svcCloseHandle
 .text.svcResetSignal
                0x0000000000003000        0x8 /opt/devkitpro/libnx/lib/libnx.a(svc.o)
                0x0000000000003000                svcResetSignal
 .text.svcWaitSynchronization
                0x0000000000003008       0x14 /opt/devkitpro/libnx/lib/libnx.a(svc.o)
                0x0000000000003008                svcWaitSynchronization
 .text.svcArbitrateLock
                0x000000000000301c        0x8 /opt/devkitpro/libnx/lib/libnx.a(svc.o)
                0x000000000000301c                svcArbitrateLock
 .text.svcArbitrateUnlock
                0x0000000000003024        0x8 /opt/devkitpro/libnx/lib/libnx.a(svc.o)
                0x0000000000003024                svcArbitrateUnlock
 .text.svcWaitProcessWideKeyAtomic
                0x000000000000302c        0x8 /opt/devkitpro/libnx/lib/libnx.a(svc.o)
                0x000000000000302c                svcWaitProcessWideKeyAtomic
 .text.svcSignalProcessWideKey
                0x0000000000003034        0x8 /opt/devkitpro/libnx/lib/libnx.a(svc.o)
                0x0000000000003034                svcSignalProcessWideKey
 .text.svcConnectToNamedPort
                0x000000000000303c       0x14 /opt/devkitpro/libnx/lib/libnx.a(svc.o)
                0x000000000000303c                svcConnectToNamedPort
 .text.svcSendSyncRequest
                0x0000000000003050        0x8 /opt/devkitpro/libnx/lib/libnx.a(svc.o)
                0x0000000000003050                svcSendSyncRequest
 .text.svcBreak
                0x0000000000003058        0x8 /opt/devkitpro/libnx/lib/libnx.a(svc.o)
                0x0000000000003058                svcBreak
 .text.svcReturnFromException
                0x0000000000003060        0x8 /opt/devkitpro/libnx/lib/libnx.a(svc.o)
                0x0000000000003060                svcReturnFromException
 .text.svcGetInfo
                0x0000000000003068       0x14 /opt/devkitpro/libnx/lib/libnx.a(svc.o)
                0x0000000000003068                svcGetInfo
 .text.svcUnmapTransferMemory
                0x000000000000307c        0x8 /opt/devkitpro/libnx/lib/libnx.a(svc.o)
                0x000000000000307c                svcUnmapTransferMemory
 .text.__libnx_exception_entry
                0x0000000000003084      0x1c0 /opt/devkitpro/libnx/lib/libnx.a(exception.o)
                0x0000000000003084                __libnx_exception_entry
 .text.__libnx_exception_returnentry
                0x0000000000003244       0x18 /opt/devkitpro/libnx/lib/libnx.a(exception.o)
                0x0000000000003244                __libnx_exception_returnentry
 .text.__aarch64_read_tp
                0x000000000000325c        0xc /opt/devkitpro/libnx/lib/libnx.a(readtp.o)
                0x000000000000325c                __aarch64_read_tp
 *fill*         0x0000000000003268        0x8 
 .text.mutexLock
                0x0000000000003270       0xc8 /opt/devkitpro/libnx/lib/libnx.a(mutex.o)
                0x0000000000003270                mutexLock
 *fill*         0x0000000000003338        0x8 
 .text.mutexUnlock
                0x0000000000003340       0x68 /opt/devkitpro/libnx/lib/libnx.a(mutex.o)
                0x0000000000003340                mutexUnlock
 *fill*         0x00000000000033a8        0x8 
 .text.mutexIsLockedByCurrentThread
                0x00000000000033b0       0x1c /opt/devkitpro/libnx/lib/libnx.a(mutex.o)
                0x00000000000033b0                mutexIsLockedByCurrentThread
 *fill*         0x00000000000033cc        0x4 
 .text.rmutexLock
                0x00000000000033d0       0x58 /opt/devkitpro/libnx/lib/libnx.a(mutex.o)
                0x00000000000033d0                rmutexLock
 *fill*         0x0000000000003428        0x8 
 .text.rmutexUnlock
                0x0000000000003430       0x1c /opt/devkitpro/libnx/lib/libnx.a(mutex.o)
                0x0000000000003430                rmutexUnlock
 *fill*         0x000000000000344c        0x4 
 .text._memregionInitWithInfo
                0x0000000000003450       0x64 /opt/devkitpro/libnx/lib/libnx.a(virtmem.o)
 *fill*         0x00000000000034b4        0xc 
 .text.__libnx_virtmem_rng
                0x00000000000034c0        0x4 /opt/devkitpro/libnx/lib/libnx.a(virtmem.o)
                0x00000000000034c0                __libnx_virtmem_rng
 *fill*         0x00000000000034c4        0xc 
 .text._memregionFindRandom
                0x00000000000034d0      0x164 /opt/devkitpro/libnx/lib/libnx.a(virtmem.o)
 *fill*         0x0000000000003634        0xc 
 .text.virtmemSetup
                0x0000000000003640      0x140 /opt/devkitpro/libnx/lib/libnx.a(virtmem.o)
                0x0000000000003640                virtmemSetup
 .text.virtmemLock
                0x0000000000003780        0xc /opt/devkitpro/libnx/lib/libnx.a(virtmem.o)
                0x0000000000003780                virtmemLock
 *fill*         0x000000000000378c        0x4 
 .text.virtmemUnlock
                0x0000000000003790        0xc /opt/devkitpro/libnx/lib/libnx.a(virtmem.o)
                0x0000000000003790                virtmemUnlock
 *fill*         0x000000000000379c        0x4 
 .text.virtmemFindAslr
                0x00000000000037a0       0x50 /opt/devkitpro/libnx/lib/libnx.a(virtmem.o)
                0x00000000000037a0                virtmemFindAslr
 .text.condvarWaitTimeout
                0x00000000000037f0       0x70 /opt/devkitpro/libnx/lib/libnx.a(condvar.o)
                0x00000000000037f0                condvarWaitTimeout
 .text.randomGet
                0x0000000000003860      0x410 /opt/devkitpro/libnx/lib/libnx.a(random.o)
                0x0000000000003860                randomGet
 .text.randomGet64
                0x0000000000003c70       0x20 /opt/devkitpro/libnx/lib/libnx.a(random.o)
                0x0000000000003c70                randomGet64
 .text.__libnx_init_thread
                0x0000000000003c90       0xb0 /opt/devkitpro/libnx/lib/libnx.a(thread.o)
                0x0000000000003c90                __libnx_init_thread
 .text._setsysGetFirmwareVersionImpl
                0x0000000000003d40       0xd0 /opt/devkitpro/libnx/lib/libnx.a(set.o)
 .text._setsysCleanup
                0x0000000000003e10       0x78 /opt/devkitpro/libnx/lib/libnx.a(set.o)
 *fill*         0x0000000000003e88        0x8 
 .text.setsysInitialize
                0x0000000000003e90       0xa0 /opt/devkitpro/libnx/lib/libnx.a(set.o)
                0x0000000000003e90                setsysInitialize
 .text.setsysExit
                0x0000000000003f30       0x48 /opt/devkitpro/libnx/lib/libnx.a(set.o)
                0x0000000000003f30                setsysExit
 *fill*         0x0000000000003f78        0x8 
 .text.setsysGetFirmwareVersion
                0x0000000000003f80       0x48 /opt/devkitpro/libnx/lib/libnx.a(set.o)
                0x0000000000003f80                setsysGetFirmwareVersion
 *fill*         0x0000000000003fc8        0x8 
 .text._fsCleanup
                0x0000000000003fd0       0xb4 /opt/devkitpro/libnx/lib/libnx.a(fs.o)
 *fill*         0x0000000000004084        0xc 
 .text._fsCmdNoIO
                0x0000000000004090      0x1c0 /opt/devkitpro/libnx/lib/libnx.a(fs.o)
 .text._fsFsCmdWithInPath
                0x0000000000004250      0x1e0 /opt/devkitpro/libnx/lib/libnx.a(fs.o)
 .text._fsFsCmdWithTwoInPaths
                0x0000000000004430      0x1f8 /opt/devkitpro/libnx/lib/libnx.a(fs.o)
 *fill*         0x0000000000004628        0x8 
 .text._fsFsOpenCommon
                0x0000000000004630      0x28c /opt/devkitpro/libnx/lib/libnx.a(fs.o)
 *fill*         0x00000000000048bc        0x4 
 .text._fsFsCmdWithInPathAndOutU64
                0x00000000000048c0      0x1fc /opt/devkitpro/libnx/lib/libnx.a(fs.o)
 *fill*         0x0000000000004abc        0x4 
 .text._fsObjectClose
                0x0000000000004ac0       0xf8 /opt/devkitpro/libnx/lib/libnx.a(fs.o)
 *fill*         0x0000000000004bb8        0x8 
 .text._fsCmdGetSession.constprop.0
                0x0000000000004bc0      0x17c /opt/devkitpro/libnx/lib/libnx.a(fs.o)
 *fill*         0x0000000000004d3c        0x4 
 .text.fsInitialize
                0x0000000000004d40      0x2f8 /opt/devkitpro/libnx/lib/libnx.a(fs.o)
                0x0000000000004d40                fsInitialize
 *fill*         0x0000000000005038        0x8 
 .text.fsExit   0x0000000000005040       0x48 /opt/devkitpro/libnx/lib/libnx.a(fs.o)
                0x0000000000005040                fsExit
 *fill*         0x0000000000005088        0x8 
 .text.fsOpenSdCardFileSystem
                0x0000000000005090        0x8 /opt/devkitpro/libnx/lib/libnx.a(fs.o)
                0x0000000000005090                fsOpenSdCardFileSystem
 *fill*         0x0000000000005098        0x8 
 .text.fsFsCreateFile
                0x00000000000050a0      0x1ec /opt/devkitpro/libnx/lib/libnx.a(fs.o)
                0x00000000000050a0                fsFsCreateFile
 *fill*         0x000000000000528c        0x4 
 .text.fsFsDeleteFile
                0x0000000000005290        0x8 /opt/devkitpro/libnx/lib/libnx.a(fs.o)
                0x0000000000005290                fsFsDeleteFile
 *fill*         0x0000000000005298        0x8 
 .text.fsFsCreateDirectory
                0x00000000000052a0        0x8 /opt/devkitpro/libnx/lib/libnx.a(fs.o)
                0x00000000000052a0                fsFsCreateDirectory
 *fill*         0x00000000000052a8        0x8 
 .text.fsFsDeleteDirectory
                0x00000000000052b0        0x8 /opt/devkitpro/libnx/lib/libnx.a(fs.o)
                0x00000000000052b0                fsFsDeleteDirectory
 *fill*         0x00000000000052b8        0x8 
 .text.fsFsRenameFile
                0x00000000000052c0        0x8 /opt/devkitpro/libnx/lib/libnx.a(fs.o)
                0x00000000000052c0                fsFsRenameFile
 *fill*         0x00000000000052c8        0x8 
 .text.fsFsRenameDirectory
                0x00000000000052d0        0x8 /opt/devkitpro/libnx/lib/libnx.a(fs.o)
                0x00000000000052d0                fsFsRenameDirectory
 *fill*         0x00000000000052d8        0x8 
 .text.fsFsGetEntryType
                0x00000000000052e0      0x1f0 /opt/devkitpro/libnx/lib/libnx.a(fs.o)
                0x00000000000052e0                fsFsGetEntryType
 .text.fsFsOpenFile
                0x00000000000054d0        0x8 /opt/devkitpro/libnx/lib/libnx.a(fs.o)
                0x00000000000054d0                fsFsOpenFile
 *fill*         0x00000000000054d8        0x8 
 .text.fsFsOpenDirectory
                0x00000000000054e0        0x8 /opt/devkitpro/libnx/lib/libnx.a(fs.o)
                0x00000000000054e0                fsFsOpenDirectory
 *fill*         0x00000000000054e8        0x8 
 .text.fsFsGetFreeSpace
                0x00000000000054f0        0x8 /opt/devkitpro/libnx/lib/libnx.a(fs.o)
                0x00000000000054f0                fsFsGetFreeSpace
 *fill*         0x00000000000054f8        0x8 
 .text.fsFsGetTotalSpace
                0x0000000000005500        0x8 /opt/devkitpro/libnx/lib/libnx.a(fs.o)
                0x0000000000005500                fsFsGetTotalSpace
 *fill*         0x0000000000005508        0x8 
 .text.fsFsGetFileTimeStampRaw
                0x0000000000005510      0x230 /opt/devkitpro/libnx/lib/libnx.a(fs.o)
                0x0000000000005510                fsFsGetFileTimeStampRaw
 .text.fsFsClose
                0x0000000000005740        0x4 /opt/devkitpro/libnx/lib/libnx.a(fs.o)
                0x0000000000005740                fsFsClose
 *fill*         0x0000000000005744        0xc 
 .text.fsFileRead
                0x0000000000005750      0x214 /opt/devkitpro/libnx/lib/libnx.a(fs.o)
                0x0000000000005750                fsFileRead
 *fill*         0x0000000000005964        0xc 
 .text.fsFileWrite
                0x0000000000005970      0x1f8 /opt/devkitpro/libnx/lib/libnx.a(fs.o)
                0x0000000000005970                fsFileWrite
 *fill*         0x0000000000005b68        0x8 
 .text.fsFileFlush
                0x0000000000005b70        0x8 /opt/devkitpro/libnx/lib/libnx.a(fs.o)
                0x0000000000005b70                fsFileFlush
 *fill*         0x0000000000005b78        0x8 
 .text.fsFileSetSize
                0x0000000000005b80      0x1c0 /opt/devkitpro/libnx/lib/libnx.a(fs.o)
                0x0000000000005b80                fsFileSetSize
 .text.fsFileGetSize
                0x0000000000005d40      0x1d4 /opt/devkitpro/libnx/lib/libnx.a(fs.o)
                0x0000000000005d40                fsFileGetSize
 *fill*         0x0000000000005f14        0xc 
 .text.fsFileClose
                0x0000000000005f20        0x4 /opt/devkitpro/libnx/lib/libnx.a(fs.o)
                0x0000000000005f20                fsFileClose
 *fill*         0x0000000000005f24        0xc 
 .text.fsDirClose
                0x0000000000005f30        0x4 /opt/devkitpro/libnx/lib/libnx.a(fs.o)
                0x0000000000005f30                fsDirClose
 *fill*         0x0000000000005f34        0xc 
 .text.fsDirRead
                0x0000000000005f40      0x204 /opt/devkitpro/libnx/lib/libnx.a(fs.o)
                0x0000000000005f40                fsDirRead
 *fill*         0x0000000000006144        0xc 
 .text._smCmifCmdInPid
                0x0000000000006150       0xcc /opt/devkitpro/libnx/lib/libnx.a(sm.o)
 *fill*         0x000000000000621c        0x4 
 .text._smCleanup
                0x0000000000006220       0x78 /opt/devkitpro/libnx/lib/libnx.a(sm.o)
 *fill*         0x0000000000006298        0x8 
 .text.smAddOverrideHandle
                0x00000000000062a0       0x48 /opt/devkitpro/libnx/lib/libnx.a(sm.o)
                0x00000000000062a0                smAddOverrideHandle
 *fill*         0x00000000000062e8        0x8 
 .text.smGetServiceOverride
                0x00000000000062f0       0x54 /opt/devkitpro/libnx/lib/libnx.a(sm.o)
                0x00000000000062f0                smGetServiceOverride
 *fill*         0x0000000000006344        0xc 
 .text.smInitialize
                0x0000000000006350      0x1ac /opt/devkitpro/libnx/lib/libnx.a(sm.o)
                0x0000000000006350                smInitialize
 *fill*         0x00000000000064fc        0x4 
 .text.smExit   0x0000000000006500       0x48 /opt/devkitpro/libnx/lib/libnx.a(sm.o)
                0x0000000000006500                smExit
 *fill*         0x0000000000006548        0x8 
 .text.smGetServiceOriginal
                0x0000000000006550       0xd0 /opt/devkitpro/libnx/lib/libnx.a(sm.o)
                0x0000000000006550                smGetServiceOriginal
 .text.smGetServiceWrapper
                0x0000000000006620      0x120 /opt/devkitpro/libnx/lib/libnx.a(sm.o)
                0x0000000000006620                smGetServiceWrapper
 .text._appletInfiniteSleepLoop
                0x0000000000006740       0x18 /opt/devkitpro/libnx/lib/libnx.a(applet.o)
 *fill*         0x0000000000006758        0x8 
 .text._appletCmdGetSession
                0x0000000000006760      0x108 /opt/devkitpro/libnx/lib/libnx.a(applet.o)
 *fill*         0x0000000000006868        0x8 
 .text._appletCmdInU8NoOut
                0x0000000000006870       0xcc /opt/devkitpro/libnx/lib/libnx.a(applet.o)
 *fill*         0x000000000000693c        0x4 
 .text._appletCmdInU32NoOut
                0x0000000000006940       0xcc /opt/devkitpro/libnx/lib/libnx.a(applet.o)
 *fill*         0x0000000000006a0c        0x4 
 .text._appletGetSessionProxy.constprop.0
                0x0000000000006a10      0x12c /opt/devkitpro/libnx/lib/libnx.a(applet.o)
 *fill*         0x0000000000006b3c        0x4 
 .text._appletOpenLibraryAppletProxy.constprop.0
                0x0000000000006b40      0x148 /opt/devkitpro/libnx/lib/libnx.a(applet.o)
 *fill*         0x0000000000006c88        0x8 
 .text._appletCmdGetEvent
                0x0000000000006c90       0xf8 /opt/devkitpro/libnx/lib/libnx.a(applet.o)
 *fill*         0x0000000000006d88        0x8 
 .text._appletCmdNoInOutU8.isra.0
                0x0000000000006d90       0xd4 /opt/devkitpro/libnx/lib/libnx.a(applet.o)
 *fill*         0x0000000000006e64        0xc 
 .text._appletCmdNoInOutU32.isra.0
                0x0000000000006e70       0xd4 /opt/devkitpro/libnx/lib/libnx.a(applet.o)
 *fill*         0x0000000000006f44        0xc 
 .text._appletCmdNoInOutU64.isra.0
                0x0000000000006f50       0xd4 /opt/devkitpro/libnx/lib/libnx.a(applet.o)
 *fill*         0x0000000000007024        0xc 
 .text._appletCmdNoIO.isra.0
                0x0000000000007030       0xc0 /opt/devkitpro/libnx/lib/libnx.a(applet.o)
 .text.appletSetFocusHandlingMode
                0x00000000000070f0      0x1b8 /opt/devkitpro/libnx/lib/libnx.a(applet.o)
                0x00000000000070f0                appletSetFocusHandlingMode
 *fill*         0x00000000000072a8        0x8 
 .text.appletSetCpuBoostMode
                0x00000000000072b0       0x5c /opt/devkitpro/libnx/lib/libnx.a(applet.o)
                0x00000000000072b0                appletSetCpuBoostMode
 *fill*         0x000000000000730c        0x4 
 .text.appletGetAppletResourceUserId
                0x0000000000007310        0xc /opt/devkitpro/libnx/lib/libnx.a(applet.o)
                0x0000000000007310                appletGetAppletResourceUserId
 *fill*         0x000000000000731c        0x4 
 .text._appletHolderCreateState
                0x0000000000007320      0x138 /opt/devkitpro/libnx/lib/libnx.a(applet.o)
 *fill*         0x0000000000007458        0x8 
 .text.appletHolderClose
                0x0000000000007460       0xb0 /opt/devkitpro/libnx/lib/libnx.a(applet.o)
                0x0000000000007460                appletHolderClose
 .text.appletHolderGetLibraryAppletInfo
                0x0000000000007510       0x24 /opt/devkitpro/libnx/lib/libnx.a(applet.o)
                0x0000000000007510                appletHolderGetLibraryAppletInfo
 *fill*         0x0000000000007534        0xc 
 .text.appletNotifyRunning
                0x0000000000007540       0x90 /opt/devkitpro/libnx/lib/libnx.a(applet.o)
                0x0000000000007540                appletNotifyRunning
 .text.appletSetGamePlayRecordingState
                0x00000000000075d0       0x78 /opt/devkitpro/libnx/lib/libnx.a(applet.o)
                0x00000000000075d0                appletSetGamePlayRecordingState
 *fill*         0x0000000000007648        0x8 
 .text._appletCleanup
                0x0000000000007650      0xad4 /opt/devkitpro/libnx/lib/libnx.a(applet.o)
 *fill*         0x0000000000008124        0xc 
 .text.appletExit
                0x0000000000008130       0x48 /opt/devkitpro/libnx/lib/libnx.a(applet.o)
                0x0000000000008130                appletExit
 *fill*         0x0000000000008178        0x8 
 .text.appletGetLibraryAppletInfo
                0x0000000000008180       0x40 /opt/devkitpro/libnx/lib/libnx.a(applet.o)
                0x0000000000008180                appletGetLibraryAppletInfo
 .text.appletInitialize
                0x00000000000081c0      0xc14 /opt/devkitpro/libnx/lib/libnx.a(applet.o)
                0x00000000000081c0                appletInitialize
 *fill*         0x0000000000008dd4        0xc 
 .text._appletExitProcess
                0x0000000000008de0       0x24 /opt/devkitpro/libnx/lib/libnx.a(applet.o)
 *fill*         0x0000000000008e04        0xc 
 .text._timeCleanup
                0x0000000000008e10      0x27c /opt/devkitpro/libnx/lib/libnx.a(time.o)
 *fill*         0x000000000000908c        0x4 
 .text._timeCmdGetSession.constprop.0
                0x0000000000009090      0x100 /opt/devkitpro/libnx/lib/libnx.a(time.o)
 .text._timeReadClockFromSharedMem
                0x0000000000009190      0x104 /opt/devkitpro/libnx/lib/libnx.a(time.o)
 *fill*         0x0000000000009294        0xc 
 .text.timeInitialize
                0x00000000000092a0      0x300 /opt/devkitpro/libnx/lib/libnx.a(time.o)
                0x00000000000092a0                timeInitialize
 .text.timeExit
                0x00000000000095a0       0x48 /opt/devkitpro/libnx/lib/libnx.a(time.o)
                0x00000000000095a0                timeExit
 *fill*         0x00000000000095e8        0x8 
 .text.timeGetServiceSession_SystemClock
                0x00000000000095f0       0x38 /opt/devkitpro/libnx/lib/libnx.a(time.o)
                0x00000000000095f0                timeGetServiceSession_SystemClock
 *fill*         0x0000000000009628        0x8 
 .text.timeGetCurrentTime
                0x0000000000009630       0xfc /opt/devkitpro/libnx/lib/libnx.a(time.o)
                0x0000000000009630                timeGetCurrentTime
 *fill*         0x000000000000972c        0x4 
 .text.timeToCalendarTimeWithMyRule
                0x0000000000009730      0x108 /opt/devkitpro/libnx/lib/libnx.a(time.o)
                0x0000000000009730                timeToCalendarTimeWithMyRule
 *fill*         0x0000000000009838        0x8 
 .text.timeToPosixTimeWithMyRule
                0x0000000000009840      0x114 /opt/devkitpro/libnx/lib/libnx.a(time.o)
                0x0000000000009840                timeToPosixTimeWithMyRule
 *fill*         0x0000000000009954        0xc 
 .text._hidCleanup
                0x0000000000009960      0x12c /opt/devkitpro/libnx/lib/libnx.a(hid.o)
 *fill*         0x0000000000009a8c        0x4 
 .text.hidInitialize
                0x0000000000009a90      0x26c /opt/devkitpro/libnx/lib/libnx.a(hid.o)
                0x0000000000009a90                hidInitialize
 *fill*         0x0000000000009cfc        0x4 
 .text.hidExit  0x0000000000009d00       0x48 /opt/devkitpro/libnx/lib/libnx.a(hid.o)
                0x0000000000009d00                hidExit
 *fill*         0x0000000000009d48        0x8 
 .text.hosversionGet
                0x0000000000009d50       0x14 /opt/devkitpro/libnx/lib/libnx.a(hosversion.o)
                0x0000000000009d50                hosversionGet
 *fill*         0x0000000000009d64        0xc 
 .text.hosversionSet
                0x0000000000009d70       0x10 /opt/devkitpro/libnx/lib/libnx.a(hosversion.o)
                0x0000000000009d70                hosversionSet
 .text.nxlinkSetup
                0x0000000000009d80       0xe8 /opt/devkitpro/libnx/lib/libnx.a(nxlink.o)
                0x0000000000009d80                nxlinkSetup
 *fill*         0x0000000000009e68        0x8 
 .text.__libnx_alloc
                0x0000000000009e70        0x4 /opt/devkitpro/libnx/lib/libnx.a(alloc.o)
                0x0000000000009e70                __libnx_alloc
 *fill*         0x0000000000009e74        0xc 
 .text.__libnx_free
                0x0000000000009e80        0x4 /opt/devkitpro/libnx/lib/libnx.a(alloc.o)
                0x0000000000009e80                __libnx_free
 *fill*         0x0000000000009e84        0xc 
 .text.shmemLoadRemote
                0x0000000000009e90       0x14 /opt/devkitpro/libnx/lib/libnx.a(shmem.o)
                0x0000000000009e90                shmemLoadRemote
 *fill*         0x0000000000009ea4        0xc 
 .text.shmemMap
                0x0000000000009eb0       0x70 /opt/devkitpro/libnx/lib/libnx.a(shmem.o)
                0x0000000000009eb0                shmemMap
 .text.shmemUnmap
                0x0000000000009f20       0x34 /opt/devkitpro/libnx/lib/libnx.a(shmem.o)
                0x0000000000009f20                shmemUnmap
 *fill*         0x0000000000009f54        0xc 
 .text.shmemClose
                0x0000000000009f60       0x4c /opt/devkitpro/libnx/lib/libnx.a(shmem.o)
                0x0000000000009f60                shmemClose
 *fill*         0x0000000000009fac        0x4 
 .text.waitObjects
                0x0000000000009fb0      0x57c /opt/devkitpro/libnx/lib/libnx.a(wait.o)
                0x0000000000009fb0                waitObjects
 *fill*         0x000000000000a52c        0x4 
 .text.tmemUnmap
                0x000000000000a530       0x34 /opt/devkitpro/libnx/lib/libnx.a(tmem.o)
                0x000000000000a530                tmemUnmap
 *fill*         0x000000000000a564        0xc 
 .text.tmemCloseHandle
                0x000000000000a570       0x30 /opt/devkitpro/libnx/lib/libnx.a(tmem.o)
                0x000000000000a570                tmemCloseHandle
 .text.tmemClose
                0x000000000000a5a0       0x50 /opt/devkitpro/libnx/lib/libnx.a(tmem.o)
                0x000000000000a5a0                tmemClose
 .text.eventLoadRemote
                0x000000000000a5f0        0xc /opt/devkitpro/libnx/lib/libnx.a(event.o)
                0x000000000000a5f0                eventLoadRemote
 *fill*         0x000000000000a5fc        0x4 
 .text.eventWait
                0x000000000000a600       0x34 /opt/devkitpro/libnx/lib/libnx.a(event.o)
                0x000000000000a600                eventWait
 *fill*         0x000000000000a634        0xc 
 .text.eventClose
                0x000000000000a640       0x54 /opt/devkitpro/libnx/lib/libnx.a(event.o)
                0x000000000000a640                eventClose
 *fill*         0x000000000000a694        0xc 
 .text.sessionmgrCreate
                0x000000000000a6a0      0x184 /opt/devkitpro/libnx/lib/libnx.a(sessionmgr.o)
                0x000000000000a6a0                sessionmgrCreate
 *fill*         0x000000000000a824        0xc 
 .text.sessionmgrClose
                0x000000000000a830       0x84 /opt/devkitpro/libnx/lib/libnx.a(sessionmgr.o)
                0x000000000000a830                sessionmgrClose
 *fill*         0x000000000000a8b4        0xc 
 .text.sessionmgrAttachClient
                0x000000000000a8c0       0xa8 /opt/devkitpro/libnx/lib/libnx.a(sessionmgr.o)
                0x000000000000a8c0                sessionmgrAttachClient
 *fill*         0x000000000000a968        0x8 
 .text.sessionmgrDetachClient
                0x000000000000a970       0x60 /opt/devkitpro/libnx/lib/libnx.a(sessionmgr.o)
                0x000000000000a970                sessionmgrDetachClient
 .text._apmCleanup
                0x000000000000a9d0       0xd4 /opt/devkitpro/libnx/lib/libnx.a(apm.o)
 *fill*         0x000000000000aaa4        0xc 
 .text.apmInitialize
                0x000000000000aab0      0x194 /opt/devkitpro/libnx/lib/libnx.a(apm.o)
                0x000000000000aab0                apmInitialize
 *fill*         0x000000000000ac44        0xc 
 .text.apmExit  0x000000000000ac50       0x48 /opt/devkitpro/libnx/lib/libnx.a(apm.o)
                0x000000000000ac50                apmExit
 *fill*         0x000000000000ac98        0x8 
 .text.apmSetPerformanceConfiguration
                0x000000000000aca0       0xc8 /opt/devkitpro/libnx/lib/libnx.a(apm.o)
                0x000000000000aca0                apmSetPerformanceConfiguration
 *fill*         0x000000000000ad68       0x18 
 .text          0x000000000000ad80      0x104 /opt/devkitpro/devkitA64/lib/gcc/aarch64-none-elf/15.2.0/../../../../aarch64-none-elf/lib/pic/libg.a(libc_a-memset.o)
                0x000000000000ad80                memset
 *fill*         0x000000000000ae84       0x1c 
 .text.setenv   0x000000000000aea0       0x34 /opt/devkitpro/devkitA64/lib/gcc/aarch64-none-elf/15.2.0/../../../../aarch64-none-elf/lib/pic/libg.a(libc_a-setenv.o)
                0x000000000000aea0                setenv
 *fill*         0x000000000000aed4       0x2c 
 .text          0x000000000000af00      0x134 /opt/devkitpro/devkitA64/lib/gcc/aarch64-none-elf/15.2.0/../../../../aarch64-none-elf/lib/pic/libg.a(libc_a-strcmp.o)
                0x000000000000af00                strcmp
 *fill*         0x000000000000b034        0xc 
 .text          0x000000000000b040      0x1b4 /opt/devkitpro/devkitA64/lib/gcc/aarch64-none-elf/15.2.0/../../../../aarch64-none-elf/lib/pic/libg.a(libc_a-strncmp.o)
                0x000000000000b040                strncmp
 *fill*         0x000000000000b1f4        0xc 
 .text.stdio_exit_handler
                0x000000000000b200       0x1c /opt/devkitpro/devkitA64/lib/gcc/aarch64-none-elf/15.2.0/../../../../aarch64-none-elf/lib/pic/libg.a(libc_a-findfp.o)
 *fill*         0x000000000000b21c        0x4 
 .text.cleanup_stdio
                0x000000000000b220       0x6c /opt/devkitpro/devkitA64/lib/gcc/aarch64-none-elf/15.2.0/../../../../aarch64-none-elf/lib/pic/libg.a(libc_a-findfp.o)
 *fill*         0x000000000000b28c       0x14 
 .text.global_stdio_init.part.0
                0x000000000000b2a0      0x134 /opt/devkitpro/devkitA64/lib/gcc/aarch64-none-elf/15.2.0/../../../../aarch64-none-elf/lib/pic/libg.a(libc_a-findfp.o)
 *fill*         0x000000000000b3d4        0xc 
 .text.__sfp_lock_acquire
                0x000000000000b3e0        0xc /opt/devkitpro/devkitA64/lib/gcc/aarch64-none-elf/15.2.0/../../../../aarch64-none-elf/lib/pic/libg.a(libc_a-findfp.o)
                0x000000000000b3e0                __sfp_lock_acquire
 *fill*         0x000000000000b3ec       0x14 
 .text.__sfp_lock_release
                0x000000000000b400        0xc /opt/devkitpro/devkitA64/lib/gcc/aarch64-none-elf/15.2.0/../../../../aarch64-none-elf/lib/pic/libg.a(libc_a-findfp.o)
                0x000000000000b400                __sfp_lock_release
 *fill*         0x000000000000b40c       0x14 
 .text.__sinit  0x000000000000b420       0x54 /opt/devkitpro/devkitA64/lib/gcc/aarch64-none-elf/15.2.0/../../../../aarch64-none-elf/lib/pic/libg.a(libc_a-findfp.o)
                0x000000000000b420                __sinit
 *fill*         0x000000000000b474        0xc 
 .text._strtoul_l.isra.0
                0x000000000000b480      0x1a4 /opt/devkitpro/devkitA64/lib/gcc/aarch64-none-elf/15.2.0/../../../../aarch64-none-elf/lib/pic/libg.a(libc_a-strtoul.o)
 *fill*         0x000000000000b624       0x1c 
 .text.strtoul  0x000000000000b640       0x40 /opt/devkitpro/devkitA64/lib/gcc/aarch64-none-elf/15.2.0/../../../../aarch64-none-elf/lib/pic/libg.a(libc_a-strtoul.o)
                0x000000000000b640                strtoul
 .text.__libc_init_array
                0x000000000000b680       0xa4 /opt/devkitpro/devkitA64/lib/gcc/aarch64-none-elf/15.2.0/../../../../aarch64-none-elf/lib/pic/libg.a(libc_a-init.o)
                0x000000000000b680                __libc_init_array
 *fill*         0x000000000000b724       0x1c 
 .text.strncat  0x000000000000b740       0x88 /opt/devkitpro/devkitA64/lib/gcc/aarch64-none-elf/15.2.0/../../../../aarch64-none-elf/lib/pic/libg.a(libc_a-strncat.o)
                0x000000000000b740                strncat
 *fill*         0x000000000000b7c8       0x18 
 .text._fwalk_sglue
                0x000000000000b7e0       0x98 /opt/devkitpro/devkitA64/lib/gcc/aarch64-none-elf/15.2.0/../../../../aarch64-none-elf/lib/pic/libg.a(libc_a-fwalk.o)
                0x000000000000b7e0                _fwalk_sglue
 *fill*         0x000000000000b878        0x8 
 .text.bsearch  0x000000000000b880       0xb4 /opt/devkitpro/devkitA64/lib/gcc/aarch64-none-elf/15.2.0/../../../../aarch64-none-elf/lib/pic/libg.a(libc_a-bsearch.o)
                0x000000000000b880                bsearch
 *fill*         0x000000000000b934        0xc 
 .text.__errno  0x000000000000b940       0x14 /opt/devkitpro/devkitA64/lib/gcc/aarch64-none-elf/15.2.0/../../../../aarch64-none-elf/lib/pic/libg.a(libc_a-errno.o)
                0x000000000000b940                __errno
 *fill*         0x000000000000b954        0xc 
 .text._puts_r  0x000000000000b960       0xd4 /opt/devkitpro/devkitA64/lib/gcc/aarch64-none-elf/15.2.0/../../../../aarch64-none-elf/lib/pic/libg.a(libc_a-puts.o)
                0x000000000000b960                _puts_r
 *fill*         0x000000000000ba34        0xc 
 .text.puts     0x000000000000ba40       0x1c /opt/devkitpro/devkitA64/lib/gcc/aarch64-none-elf/15.2.0/../../../../aarch64-none-elf/lib/pic/libg.a(libc_a-puts.o)
                0x000000000000ba40                puts
 *fill*         0x000000000000ba5c       0x24 
 .text          0x000000000000ba80      0x22c /opt/devkitpro/devkitA64/lib/gcc/aarch64-none-elf/15.2.0/../../../../aarch64-none-elf/lib/pic/libg.a(libc_a-memcpy.o)
                0x000000000000ba80                memmove
                0x000000000000ba80                memcpy
 *fill*         0x000000000000bcac       0x14 
 .text._malloc_r
                0x000000000000bcc0      0x840 /opt/devkitpro/devkitA64/lib/gcc/aarch64-none-elf/15.2.0/../../../../aarch64-none-elf/lib/pic/libg.a(libc_a-mallocr.o)
                0x000000000000bcc0                _malloc_r
 .text._malloc_trim_r
                0x000000000000c500      0x11c /opt/devkitpro/devkitA64/lib/gcc/aarch64-none-elf/15.2.0/../../../../aarch64-none-elf/lib/pic/libg.a(libc_a-freer.o)
                0x000000000000c500                _malloc_trim_r
 *fill*         0x000000000000c61c        0x4 
 .text._free_r  0x000000000000c620      0x2d8 /opt/devkitpro/devkitA64/lib/gcc/aarch64-none-elf/15.2.0/../../../../aarch64-none-elf/lib/pic/libg.a(libc_a-freer.o)
                0x000000000000c620                _free_r
 *fill*         0x000000000000c8f8        0x8 
 .text.printf   0x000000000000c900       0x80 /opt/devkitpro/devkitA64/lib/gcc/aarch64-none-elf/15.2.0/../../../../aarch64-none-elf/lib/pic/libg.a(libc_a-printf.o)
                0x000000000000c900                printf
 .text.malloc   0x000000000000c980       0x38 /opt/devkitpro/devkitA64/lib/gcc/aarch64-none-elf/15.2.0/../../../../aarch64-none-elf/lib/pic/libg.a(libc_a-malloc.o)
                0x000000000000c980                malloc
 *fill*         0x000000000000c9b8        0x8 
 .text.free     0x000000000000c9c0       0x1c /opt/devkitpro/devkitA64/lib/gcc/aarch64-none-elf/15.2.0/../../../../aarch64-none-elf/lib/pic/libg.a(libc_a-malloc.o)
                0x000000000000c9c0                free
 *fill*         0x000000000000c9dc        0x4 
 .text.gmtime   0x000000000000c9e0       0x28 /opt/devkitpro/devkitA64/lib/gcc/aarch64-none-elf/15.2.0/../../../../aarch64-none-elf/lib/pic/libg.a(libc_a-gmtime.o)
                0x000000000000c9e0                gmtime
 *fill*         0x000000000000ca08       0x38 
 .text          0x000000000000ca40      0x130 /opt/devkitpro/devkitA64/lib/gcc/aarch64-none-elf/15.2.0/../../../../aarch64-none-elf/lib/pic/libg.a(libc_a-strlen.o)
                0x000000000000ca40                strlen
 *fill*         0x000000000000cb70       0x10 
 .text          0x000000000000cb80       0xb8 /opt/devkitpro/devkitA64/lib/gcc/aarch64-none-elf/15.2.0/../../../../aarch64-none-elf/lib/pic/libg.a(libc_a-strnlen.o)
                0x000000000000cb80                strnlen
 *fill*         0x000000000000cc38        0x8 
 .text.__malloc_lock
                0x000000000000cc40        0xc /opt/devkitpro/devkitA64/lib/gcc/aarch64-none-elf/15.2.0/../../../../aarch64-none-elf/lib/pic/libg.a(libc_a-mlock.o)
                0x000000000000cc40                __malloc_lock
 *fill*         0x000000000000cc4c       0x14 
 .text.__malloc_unlock
                0x000000000000cc60        0xc /opt/devkitpro/devkitA64/lib/gcc/aarch64-none-elf/15.2.0/../../../../aarch64-none-elf/lib/pic/libg.a(libc_a-mlock.o)
                0x000000000000cc60                __malloc_unlock
 *fill*         0x000000000000cc6c       0x14 
 .text._setenv_r
                0x000000000000cc80      0x258 /opt/devkitpro/devkitA64/lib/gcc/aarch64-none-elf/15.2.0/../../../../aarch64-none-elf/lib/pic/libg.a(libc_a-setenv_r.o)
                0x000000000000cc80                _setenv_r
 *fill*         0x000000000000ced8        0x8 
 .text.__call_exitprocs
                0x000000000000cee0        0x4 /opt/devkitpro/devkitA64/lib/gcc/aarch64-none-elf/15.2.0/../../../../aarch64-none-elf/lib/pic/libg.a(libc_a-exit.o)
                0x000000000000cee0                __call_exitprocs
 *fill*         0x000000000000cee4       0x1c 
 .text.strncpy  0x000000000000cf00       0xac /opt/devkitpro/devkitA64/lib/gcc/aarch64-none-elf/15.2.0/../../../../aarch64-none-elf/lib/pic/libg.a(libc_a-strncpy.o)
                0x000000000000cf00                strncpy
 *fill*         0x000000000000cfac       0x14 
 .text.__sfvwrite_r
                0x000000000000cfc0      0x4a4 /opt/devkitpro/devkitA64/lib/gcc/aarch64-none-elf/15.2.0/../../../../aarch64-none-elf/lib/pic/libg.a(libc_a-fvwrite.o)
                0x000000000000cfc0                __sfvwrite_r
 *fill*         0x000000000000d464       0x1c 
 .text.__sread  0x000000000000d480       0x4c /opt/devkitpro/devkitA64/lib/gcc/aarch64-none-elf/15.2.0/../../../../aarch64-none-elf/lib/pic/libg.a(libc_a-stdio.o)
                0x000000000000d480                __sread
 *fill*         0x000000000000d4cc       0x14 
 .text.__swrite
                0x000000000000d4e0       0x70 /opt/devkitpro/devkitA64/lib/gcc/aarch64-none-elf/15.2.0/../../../../aarch64-none-elf/lib/pic/libg.a(libc_a-stdio.o)
                0x000000000000d4e0                __swrite
 *fill*         0x000000000000d550       0x10 
 .text.__sseek  0x000000000000d560       0x50 /opt/devkitpro/devkitA64/lib/gcc/aarch64-none-elf/15.2.0/../../../../aarch64-none-elf/lib/pic/libg.a(libc_a-stdio.o)
                0x000000000000d560                __sseek
 *fill*         0x000000000000d5b0       0x10 
 .text.__sclose
                0x000000000000d5c0        0x8 /opt/devkitpro/devkitA64/lib/gcc/aarch64-none-elf/15.2.0/../../../../aarch64-none-elf/lib/pic/libg.a(libc_a-stdio.o)
                0x000000000000d5c0                __sclose
 *fill*         0x000000000000d5c8       0x18 
 .text.__env_lock
                0x000000000000d5e0        0xc /opt/devkitpro/devkitA64/lib/gcc/aarch64-none-elf/15.2.0/../../../../aarch64-none-elf/lib/pic/libg.a(libc_a-envlock.o)
                0x000000000000d5e0                __env_lock
 *fill*         0x000000000000d5ec       0x14 
 .text.__env_unlock
                0x000000000000d600        0xc /opt/devkitpro/devkitA64/lib/gcc/aarch64-none-elf/15.2.0/../../../../aarch64-none-elf/lib/pic/libg.a(libc_a-envlock.o)
                0x000000000000d600                __env_unlock
 *fill*         0x000000000000d60c       0x14 
 .text._fclose_r
                0x000000000000d620      0x130 /opt/devkitpro/devkitA64/lib/gcc/aarch64-none-elf/15.2.0/../../../../aarch64-none-elf/lib/pic/libg.a(libc_a-fclose.o)
                0x000000000000d620                _fclose_r
 *fill*         0x000000000000d750       0x10 
 .text.gmtime_r
                0x000000000000d760      0x2a0 /opt/devkitpro/devkitA64/lib/gcc/aarch64-none-elf/15.2.0/../../../../aarch64-none-elf/lib/pic/libg.a(libc_a-gmtime_r.o)
                0x000000000000d760                gmtime_r
 .text._memalign_r
                0x000000000000da00      0x18c /opt/devkitpro/devkitA64/lib/gcc/aarch64-none-elf/15.2.0/../../../../aarch64-none-elf/lib/pic/libg.a(libc_a-malignr.o)
                0x000000000000da00                _memalign_r
 *fill*         0x000000000000db8c       0x34 
 .text          0x000000000000dbc0       0xdc /opt/devkitpro/devkitA64/lib/gcc/aarch64-none-elf/15.2.0/../../../../aarch64-none-elf/lib/pic/libg.a(libc_a-memchr.o)
                0x000000000000dbc0                memchr
 *fill*         0x000000000000dc9c       0x24 
 .text          0x000000000000dcc0       0xcc /opt/devkitpro/devkitA64/lib/gcc/aarch64-none-elf/15.2.0/../../../../aarch64-none-elf/lib/pic/libg.a(libc_a-strchr.o)
                0x000000000000dcc0                strchr
 .text.get_arg  0x000000000000dd8c      0x790 /opt/devkitpro/devkitA64/lib/gcc/aarch64-none-elf/15.2.0/../../../../aarch64-none-elf/lib/pic/libg.a(libc_a-vfprintf.o)
 .text._vfprintf_r
                0x000000000000e51c     0x3bd4 /opt/devkitpro/devkitA64/lib/gcc/aarch64-none-elf/15.2.0/../../../../aarch64-none-elf/lib/pic/libg.a(libc_a-vfprintf.o)
                0x000000000000e51c                _vfprintf_r
 .text.__sbprintf
                0x00000000000120f0       0xd0 /opt/devkitpro/devkitA64/lib/gcc/aarch64-none-elf/15.2.0/../../../../aarch64-none-elf/lib/pic/libg.a(libc_a-vfprintf.o)
 .text.quorem   0x00000000000121c0      0x1a4 /opt/devkitpro/devkitA64/lib/gcc/aarch64-none-elf/15.2.0/../../../../aarch64-none-elf/lib/pic/libg.a(libc_a-dtoa.o)
 *fill*         0x0000000000012364       0x1c 
 .text._dtoa_r  0x0000000000012380     0x12f0 /opt/devkitpro/devkitA64/lib/gcc/aarch64-none-elf/15.2.0/../../../../aarch64-none-elf/lib/pic/libg.a(libc_a-dtoa.o)
                0x0000000000012380                _dtoa_r
 *fill*         0x0000000000013670       0x10 
 .text._wcrtomb_r
                0x0000000000013680       0xd0 /opt/devkitpro/devkitA64/lib/gcc/aarch64-none-elf/15.2.0/../../../../aarch64-none-elf/lib/pic/libg.a(libc_a-wcrtomb.o)
                0x0000000000013680                _wcrtomb_r
 *fill*         0x0000000000013750       0x10 
 .text.__libc_fini_array
                0x0000000000013760       0x44 /opt/devkitpro/devkitA64/lib/gcc/aarch64-none-elf/15.2.0/../../../../aarch64-none-elf/lib/pic/libg.a(libc_a-fini.o)
                0x0000000000013760                __libc_fini_array
 *fill*         0x00000000000137a4       0x1c 
 .text.__sflush_r
                0x00000000000137c0      0x1ec /opt/devkitpro/devkitA64/lib/gcc/aarch64-none-elf/15.2.0/../../../../aarch64-none-elf/lib/pic/libg.a(libc_a-fflush.o)
                0x00000000000137c0                __sflush_r
 *fill*         0x00000000000139ac       0x14 
 .text._fflush_r
                0x00000000000139c0       0xbc /opt/devkitpro/devkitA64/lib/gcc/aarch64-none-elf/15.2.0/../../../../aarch64-none-elf/lib/pic/libg.a(libc_a-fflush.o)
                0x00000000000139c0                _fflush_r
 *fill*         0x0000000000013a7c        0x4 
 .text._findenv_r
                0x0000000000013a80       0xf4 /opt/devkitpro/devkitA64/lib/gcc/aarch64-none-elf/15.2.0/../../../../aarch64-none-elf/lib/pic/libg.a(libc_a-getenv_r.o)
                0x0000000000013a80                _findenv_r
 *fill*         0x0000000000013b74        0xc 
 .text._realloc_r
                0x0000000000013b80      0x568 /opt/devkitpro/devkitA64/lib/gcc/aarch64-none-elf/15.2.0/../../../../aarch64-none-elf/lib/pic/libg.a(libc_a-reallocr.o)
                0x0000000000013b80                _realloc_r
 *fill*         0x00000000000140e8       0x18 
 .text._wcsrtombs_r
                0x0000000000014100       0x10 /opt/devkitpro/devkitA64/lib/gcc/aarch64-none-elf/15.2.0/../../../../aarch64-none-elf/lib/pic/libg.a(libc_a-wcsrtombs.o)
                0x0000000000014100                _wcsrtombs_r
 *fill*         0x0000000000014110       0x10 
 .text.__swsetup_r
                0x0000000000014120      0x12c /opt/devkitpro/devkitA64/lib/gcc/aarch64-none-elf/15.2.0/../../../../aarch64-none-elf/lib/pic/libg.a(libc_a-wsetup.o)
                0x0000000000014120                __swsetup_r
 *fill*         0x000000000001424c       0x14 
 .text.frexp    0x0000000000014260       0x7c /opt/devkitpro/devkitA64/lib/gcc/aarch64-none-elf/15.2.0/../../../../aarch64-none-elf/lib/pic/libg.a(libm_a-s_frexp.o)
                0x0000000000014260                frexp
 *fill*         0x00000000000142dc        0x4 
 .text.__assert_func
                0x00000000000142e0       0x64 /opt/devkitpro/devkitA64/lib/gcc/aarch64-none-elf/15.2.0/../../../../aarch64-none-elf/lib/pic/libg.a(libc_a-assert.o)
                0x00000000000142e0                __assert_func
 *fill*         0x0000000000014344       0x1c 
 .text._Balloc  0x0000000000014360       0xa4 /opt/devkitpro/devkitA64/lib/gcc/aarch64-none-elf/15.2.0/../../../../aarch64-none-elf/lib/pic/libg.a(libc_a-mprec.o)
                0x0000000000014360                _Balloc
 *fill*         0x0000000000014404       0x1c 
 .text._Bfree   0x0000000000014420       0x20 /opt/devkitpro/devkitA64/lib/gcc/aarch64-none-elf/15.2.0/../../../../aarch64-none-elf/lib/pic/libg.a(libc_a-mprec.o)
                0x0000000000014420                _Bfree
 .text.__multadd
                0x0000000000014440      0x118 /opt/devkitpro/devkitA64/lib/gcc/aarch64-none-elf/15.2.0/../../../../aarch64-none-elf/lib/pic/libg.a(libc_a-mprec.o)
                0x0000000000014440                __multadd
 *fill*         0x0000000000014558        0x8 
 .text.__hi0bits
                0x0000000000014560       0x94 /opt/devkitpro/devkitA64/lib/gcc/aarch64-none-elf/15.2.0/../../../../aarch64-none-elf/lib/pic/libg.a(libc_a-mprec.o)
                0x0000000000014560                __hi0bits
 *fill*         0x00000000000145f4        0xc 
 .text.__lo0bits
                0x0000000000014600      0x100 /opt/devkitpro/devkitA64/lib/gcc/aarch64-none-elf/15.2.0/../../../../aarch64-none-elf/lib/pic/libg.a(libc_a-mprec.o)
                0x0000000000014600                __lo0bits
 .text.__i2b    0x0000000000014700       0x4c /opt/devkitpro/devkitA64/lib/gcc/aarch64-none-elf/15.2.0/../../../../aarch64-none-elf/lib/pic/libg.a(libc_a-mprec.o)
                0x0000000000014700                __i2b
 *fill*         0x000000000001474c       0x14 
 .text.__multiply
                0x0000000000014760      0x210 /opt/devkitpro/devkitA64/lib/gcc/aarch64-none-elf/15.2.0/../../../../aarch64-none-elf/lib/pic/libg.a(libc_a-mprec.o)
                0x0000000000014760                __multiply
 *fill*         0x0000000000014970       0x10 
 .text.__pow5mult
                0x0000000000014980      0x104 /opt/devkitpro/devkitA64/lib/gcc/aarch64-none-elf/15.2.0/../../../../aarch64-none-elf/lib/pic/libg.a(libc_a-mprec.o)
                0x0000000000014980                __pow5mult
 *fill*         0x0000000000014a84       0x1c 
 .text.__lshift
                0x0000000000014aa0      0x174 /opt/devkitpro/devkitA64/lib/gcc/aarch64-none-elf/15.2.0/../../../../aarch64-none-elf/lib/pic/libg.a(libc_a-mprec.o)
                0x0000000000014aa0                __lshift
 *fill*         0x0000000000014c14        0xc 
 .text.__mcmp   0x0000000000014c20       0x50 /opt/devkitpro/devkitA64/lib/gcc/aarch64-none-elf/15.2.0/../../../../aarch64-none-elf/lib/pic/libg.a(libc_a-mprec.o)
                0x0000000000014c20                __mcmp
 *fill*         0x0000000000014c70       0x10 
 .text.__mdiff  0x0000000000014c80      0x1c4 /opt/devkitpro/devkitA64/lib/gcc/aarch64-none-elf/15.2.0/../../../../aarch64-none-elf/lib/pic/libg.a(libc_a-mprec.o)
                0x0000000000014c80                __mdiff
 *fill*         0x0000000000014e44       0x1c 
 .text.__d2b    0x0000000000014e60      0x14c /opt/devkitpro/devkitA64/lib/gcc/aarch64-none-elf/15.2.0/../../../../aarch64-none-elf/lib/pic/libg.a(libc_a-mprec.o)
                0x0000000000014e60                __d2b
 *fill*         0x0000000000014fac       0x14 
 .text.__locale_mb_cur_max
                0x0000000000014fc0       0x2c /opt/devkitpro/devkitA64/lib/gcc/aarch64-none-elf/15.2.0/../../../../aarch64-none-elf/lib/pic/libg.a(libc_a-locale.o)
                0x0000000000014fc0                __locale_mb_cur_max
 *fill*         0x0000000000014fec       0x14 
 .text.fiprintf
                0x0000000000015000       0x80 /opt/devkitpro/devkitA64/lib/gcc/aarch64-none-elf/15.2.0/../../../../aarch64-none-elf/lib/pic/libg.a(libc_a-fiprintf.o)
                0x0000000000015000                fiprintf
 .text._wcsnrtombs_l
                0x0000000000015080      0x188 /opt/devkitpro/devkitA64/lib/gcc/aarch64-none-elf/15.2.0/../../../../aarch64-none-elf/lib/pic/libg.a(libc_a-wcsnrtombs.o)
                0x0000000000015080                _wcsnrtombs_l
 *fill*         0x0000000000015208       0x18 
 .text._wcsnrtombs_r
                0x0000000000015220       0x54 /opt/devkitpro/devkitA64/lib/gcc/aarch64-none-elf/15.2.0/../../../../aarch64-none-elf/lib/pic/libg.a(libc_a-wcsnrtombs.o)
                0x0000000000015220                _wcsnrtombs_r
 *fill*         0x0000000000015274        0xc 
 .text.__utf8_mbtowc
                0x0000000000015280      0x2dc /opt/devkitpro/devkitA64/lib/gcc/aarch64-none-elf/15.2.0/../../../../aarch64-none-elf/lib/pic/libg.a(libc_a-mbtowc_r.o)
                0x0000000000015280                __utf8_mbtowc
 *fill*         0x000000000001555c        0x4 
 .text.__sprint_r
                0x0000000000015560       0x38 /opt/devkitpro/devkitA64/lib/gcc/aarch64-none-elf/15.2.0/../../../../aarch64-none-elf/lib/pic/libg.a(libc_a-sprint_r.o)
                0x0000000000015560                __sprint_r
 *fill*         0x0000000000015598        0x8 
 .text.abort    0x00000000000155a0       0x18 /opt/devkitpro/devkitA64/lib/gcc/aarch64-none-elf/15.2.0/../../../../aarch64-none-elf/lib/pic/libg.a(libc_a-abort.o)
                0x00000000000155a0                abort
 *fill*         0x00000000000155b8        0x8 
 .text.__localeconv_l
                0x00000000000155c0        0x8 /opt/devkitpro/devkitA64/lib/gcc/aarch64-none-elf/15.2.0/../../../../aarch64-none-elf/lib/pic/libg.a(libc_a-localeconv.o)
                0x00000000000155c0                __localeconv_l
 *fill*         0x00000000000155c8       0x18 
 .text._localeconv_r
                0x00000000000155e0       0x28 /opt/devkitpro/devkitA64/lib/gcc/aarch64-none-elf/15.2.0/../../../../aarch64-none-elf/lib/pic/libg.a(libc_a-localeconv.o)
                0x00000000000155e0                _localeconv_r
 *fill*         0x0000000000015608       0x18 
 .text._calloc_r
                0x0000000000015620       0xbc /opt/devkitpro/devkitA64/lib/gcc/aarch64-none-elf/15.2.0/../../../../aarch64-none-elf/lib/pic/libg.a(libc_a-callocr.o)
                0x0000000000015620                _calloc_r
 *fill*         0x00000000000156dc        0x4 
 .text.__swhatbuf_r
                0x00000000000156e0       0xb0 /opt/devkitpro/devkitA64/lib/gcc/aarch64-none-elf/15.2.0/../../../../aarch64-none-elf/lib/pic/libg.a(libc_a-makebuf.o)
                0x00000000000156e0                __swhatbuf_r
 *fill*         0x0000000000015790       0x10 
 .text.__smakebuf_r
                0x00000000000157a0       0xe8 /opt/devkitpro/devkitA64/lib/gcc/aarch64-none-elf/15.2.0/../../../../aarch64-none-elf/lib/pic/libg.a(libc_a-makebuf.o)
                0x00000000000157a0                __smakebuf_r
 *fill*         0x0000000000015888       0x18 
 .text.__utf8_wctomb
                0x00000000000158a0       0xe0 /opt/devkitpro/devkitA64/lib/gcc/aarch64-none-elf/15.2.0/../../../../aarch64-none-elf/lib/pic/libg.a(libc_a-wctomb_r.o)
                0x00000000000158a0                __utf8_wctomb
 .text._raise_r
                0x0000000000015980       0x9c /opt/devkitpro/devkitA64/lib/gcc/aarch64-none-elf/15.2.0/../../../../aarch64-none-elf/lib/pic/libg.a(libc_a-signal.o)
                0x0000000000015980                _raise_r
 *fill*         0x0000000000015a1c        0x4 
 .text.raise    0x0000000000015a20       0x1c /opt/devkitpro/devkitA64/lib/gcc/aarch64-none-elf/15.2.0/../../../../aarch64-none-elf/lib/pic/libg.a(libc_a-signal.o)
                0x0000000000015a20                raise
 .text.get_arg  0x0000000000015a3c      0x790 /opt/devkitpro/devkitA64/lib/gcc/aarch64-none-elf/15.2.0/../../../../aarch64-none-elf/lib/pic/libg.a(libc_a-vfiprintf.o)
 .text._vfiprintf_r
                0x00000000000161cc     0x2964 /opt/devkitpro/devkitA64/lib/gcc/aarch64-none-elf/15.2.0/../../../../aarch64-none-elf/lib/pic/libg.a(libc_a-vfiprintf.o)
                0x00000000000161cc                _vfiprintf_r
 .text.__sbprintf
                0x0000000000018b30       0xd0 /opt/devkitpro/devkitA64/lib/gcc/aarch64-none-elf/15.2.0/../../../../aarch64-none-elf/lib/pic/libg.a(libc_a-vfiprintf.o)
 .text._exit    0x0000000000018c00       0x20 /opt/devkitpro/devkitA64/lib/gcc/aarch64-none-elf/15.2.0/../../../../aarch64-none-elf/lib/pic/libsysbase.a(libsysbase_libsysbase_a-_exit.o)
                0x0000000000018c00                _exit
 .text.chdir    0x0000000000018c20      0x16c /opt/devkitpro/devkitA64/lib/gcc/aarch64-none-elf/15.2.0/../../../../aarch64-none-elf/lib/pic/libsysbase.a(libsysbase_libsysbase_a-chdir.o)
                0x0000000000018c20                chdir
 *fill*         0x0000000000018d8c       0x14 
 .text._concatenate_path
                0x0000000000018da0      0x218 /opt/devkitpro/devkitA64/lib/gcc/aarch64-none-elf/15.2.0/../../../../aarch64-none-elf/lib/pic/libsysbase.a(libsysbase_libsysbase_a-concatenate.o)
                0x0000000000018da0                _concatenate_path
 *fill*         0x0000000000018fb8        0x8 
 .text._fstat_r
                0x0000000000018fc0       0x9c /opt/devkitpro/devkitA64/lib/gcc/aarch64-none-elf/15.2.0/../../../../aarch64-none-elf/lib/pic/libsysbase.a(libsysbase_libsysbase_a-fstat.o)
                0x0000000000018fc0                _fstat_r
 *fill*         0x000000000001905c        0x4 
 .text._getpid_r
                0x0000000000019060       0x10 /opt/devkitpro/devkitA64/lib/gcc/aarch64-none-elf/15.2.0/../../../../aarch64-none-elf/lib/pic/libsysbase.a(libsysbase_libsysbase_a-getpid.o)
                0x0000000000019060                _getpid_r
 *fill*         0x0000000000019070       0x10 
 .text.__getreent
                0x0000000000019080       0x20 /opt/devkitpro/devkitA64/lib/gcc/aarch64-none-elf/15.2.0/../../../../aarch64-none-elf/lib/pic/libsysbase.a(libsysbase_libsysbase_a-getreent.o)
                0x0000000000019080                __getreent
 .text.__get_handle
                0x00000000000190a0       0x60 /opt/devkitpro/devkitA64/lib/gcc/aarch64-none-elf/15.2.0/../../../../aarch64-none-elf/lib/pic/libsysbase.a(libsysbase_libsysbase_a-handle_manager.o)
                0x00000000000190a0                __get_handle
 .text._close_r
                0x0000000000019100       0xf4 /opt/devkitpro/devkitA64/lib/gcc/aarch64-none-elf/15.2.0/../../../../aarch64-none-elf/lib/pic/libsysbase.a(libsysbase_libsysbase_a-handle_manager.o)
                0x0000000000019100                _close_r
 *fill*         0x00000000000191f4        0xc 
 .text.null_write
                0x0000000000019200        0x8 /opt/devkitpro/devkitA64/lib/gcc/aarch64-none-elf/15.2.0/../../../../aarch64-none-elf/lib/pic/libsysbase.a(libsysbase_libsysbase_a-iosupport.o)
 *fill*         0x0000000000019208       0x18 
 .text.setDefaultDevice
                0x0000000000019220       0x18 /opt/devkitpro/devkitA64/lib/gcc/aarch64-none-elf/15.2.0/../../../../aarch64-none-elf/lib/pic/libsysbase.a(libsysbase_libsysbase_a-iosupport.o)
                0x0000000000019220                setDefaultDevice
 *fill*         0x0000000000019238        0x8 
 .text.FindDevice
                0x0000000000019240      0x110 /opt/devkitpro/devkitA64/lib/gcc/aarch64-none-elf/15.2.0/../../../../aarch64-none-elf/lib/pic/libsysbase.a(libsysbase_libsysbase_a-iosupport.o)
                0x0000000000019240                FindDevice
 *fill*         0x0000000000019350       0x10 
 .text.RemoveDevice
                0x0000000000019360       0x34 /opt/devkitpro/devkitA64/lib/gcc/aarch64-none-elf/15.2.0/../../../../aarch64-none-elf/lib/pic/libsysbase.a(libsysbase_libsysbase_a-iosupport.o)
                0x0000000000019360                RemoveDevice
 *fill*         0x0000000000019394        0xc 
 .text.AddDevice
                0x00000000000193a0       0xc4 /opt/devkitpro/devkitA64/lib/gcc/aarch64-none-elf/15.2.0/../../../../aarch64-none-elf/lib/pic/libsysbase.a(libsysbase_libsysbase_a-iosupport.o)
                0x00000000000193a0                AddDevice
 *fill*         0x0000000000019464       0x1c 
 .text.GetDeviceOpTab
                0x0000000000019480       0x34 /opt/devkitpro/devkitA64/lib/gcc/aarch64-none-elf/15.2.0/../../../../aarch64-none-elf/lib/pic/libsysbase.a(libsysbase_libsysbase_a-iosupport.o)
                0x0000000000019480                GetDeviceOpTab
 *fill*         0x00000000000194b4        0xc 
 .text._isatty_r
                0x00000000000194c0        0x8 /opt/devkitpro/devkitA64/lib/gcc/aarch64-none-elf/15.2.0/../../../../aarch64-none-elf/lib/pic/libsysbase.a(libsysbase_libsysbase_a-isatty.o)
                0x00000000000194c0                _isatty_r
 *fill*         0x00000000000194c8       0x18 
 .text._kill_r  0x00000000000194e0       0x10 /opt/devkitpro/devkitA64/lib/gcc/aarch64-none-elf/15.2.0/../../../../aarch64-none-elf/lib/pic/libsysbase.a(libsysbase_libsysbase_a-kill.o)
                0x00000000000194e0                _kill_r
 *fill*         0x00000000000194f0       0x10 
 .text._lseek_r
                0x0000000000019500       0xa0 /opt/devkitpro/devkitA64/lib/gcc/aarch64-none-elf/15.2.0/../../../../aarch64-none-elf/lib/pic/libsysbase.a(libsysbase_libsysbase_a-lseek.o)
                0x0000000000019500                _lseek_r
 .text._read_r  0x00000000000195a0       0xb0 /opt/devkitpro/devkitA64/lib/gcc/aarch64-none-elf/15.2.0/../../../../aarch64-none-elf/lib/pic/libsysbase.a(libsysbase_libsysbase_a-read.o)
                0x00000000000195a0                _read_r
 *fill*         0x0000000000019650       0x10 
 .text._sbrk_r  0x0000000000019660       0x78 /opt/devkitpro/devkitA64/lib/gcc/aarch64-none-elf/15.2.0/../../../../aarch64-none-elf/lib/pic/libsysbase.a(libsysbase_libsysbase_a-sbrk.o)
                0x0000000000019660                _sbrk_r
 *fill*         0x00000000000196d8        0x8 
 .text.__libc_lock_acquire
                0x00000000000196e0       0x14 /opt/devkitpro/devkitA64/lib/gcc/aarch64-none-elf/15.2.0/../../../../aarch64-none-elf/lib/pic/libsysbase.a(libsysbase_libsysbase_a-syscall_support.o)
                0x00000000000196e0                __libc_lock_acquire
 *fill*         0x00000000000196f4        0xc 
 .text.__libc_lock_release
                0x0000000000019700       0x14 /opt/devkitpro/devkitA64/lib/gcc/aarch64-none-elf/15.2.0/../../../../aarch64-none-elf/lib/pic/libsysbase.a(libsysbase_libsysbase_a-syscall_support.o)
                0x0000000000019700                __libc_lock_release
 *fill*         0x0000000000019714        0xc 
 .text.__libc_lock_acquire_recursive
                0x0000000000019720       0x14 /opt/devkitpro/devkitA64/lib/gcc/aarch64-none-elf/15.2.0/../../../../aarch64-none-elf/lib/pic/libsysbase.a(libsysbase_libsysbase_a-syscall_support.o)
                0x0000000000019720                __libc_lock_acquire_recursive
 *fill*         0x0000000000019734        0xc 
 .text.__libc_lock_release_recursive
                0x0000000000019740       0x14 /opt/devkitpro/devkitA64/lib/gcc/aarch64-none-elf/15.2.0/../../../../aarch64-none-elf/lib/pic/libsysbase.a(libsysbase_libsysbase_a-syscall_support.o)
                0x0000000000019740                __libc_lock_release_recursive
 *fill*         0x0000000000019754        0xc 
 .text._write_r
                0x0000000000019760       0xb0 /opt/devkitpro/devkitA64/lib/gcc/aarch64-none-elf/15.2.0/../../../../aarch64-none-elf/lib/pic/libsysbase.a(libsysbase_libsysbase_a-write.o)
                0x0000000000019760                _write_r
 *fill*         0x0000000000019810       0x10 
 .text.__trunctfdf2
                0x0000000000019820      0x380 /opt/devkitpro/devkitA64/lib/gcc/aarch64-none-elf/15.2.0/pic/libgcc.a(trunctfdf2.o)
                0x0000000000019820                __trunctfdf2
 .text.__sfp_handle_exceptions
                0x0000000000019ba0       0x70 /opt/devkitpro/devkitA64/lib/gcc/aarch64-none-elf/15.2.0/pic/libgcc.a(sfp-exceptions.o)
                0x0000000000019ba0                __sfp_handle_exceptions
 *fill*         0x0000000000019c10       0x30 
 .text          0x0000000000019c40      0x104 /opt/devkitpro/devkitA64/lib/gcc/aarch64-none-elf/15.2.0/../../../../aarch64-none-elf/lib/pic/libg.a(libc_a-strrchr.o)
                0x0000000000019c40                strrchr
                0x0000000000019d48                . = ALIGN (0x8)
 *fill*         0x0000000000019d44        0x4 

.init           0x0000000000019d48       0x38
 *(.init)
 .init          0x0000000000019d48       0x18 /opt/devkitpro/devkitA64/lib/gcc/aarch64-none-elf/15.2.0/pic/crti.o
                0x0000000000019d48                _init
 .init          0x0000000000019d60       0x1c /opt/devkitpro/devkitA64/lib/gcc/aarch64-none-elf/15.2.0/pic/crtn.o
                0x0000000000019d80                . = ALIGN (0x8)
 *fill*         0x0000000000019d7c        0x4 

.plt            0x0000000000019d80        0x0
 *(.plt)
 .plt           0x0000000000019d80        0x0 /opt/devkitpro/devkitA64/lib/gcc/aarch64-none-elf/15.2.0/pic/crti.o
 *(.iplt)
                0x0000000000019d80                . = ALIGN (0x8)

.fini           0x0000000000019d80       0x38
 *(.fini)
 .fini          0x0000000000019d80       0x18 /opt/devkitpro/devkitA64/lib/gcc/aarch64-none-elf/15.2.0/pic/crti.o
                0x0000000000019d80                _fini
 .fini          0x0000000000019d98       0x1c /opt/devkitpro/devkitA64/lib/gcc/aarch64-none-elf/15.2.0/pic/crtn.o
                0x0000000000019db8                . = ALIGN (0x8)
 *fill*         0x0000000000019db4        0x4 
                0x000000000001a000                . = ALIGN (0x1000)
                [!provide]                        PROVIDE (__rodata_start = .)

.nx-module-name
                0x000000000001a000       0x14
 *(.nx-module-name)
 .nx-module-name
                0x000000000001a000       0x14 /opt/devkitpro/devkitA64/lib/gcc/aarch64-none-elf/15.2.0/pic/crti.o

.rela.dyn       0x000000000001a018        0x0
 *(.rela.*)
 .rela.got      0x000000000001a018        0x0 /opt/devkitpro/devkitA64/lib/gcc/aarch64-none-elf/15.2.0/pic/crti.o
 .rela.plt      0x000000000001a018        0x0 /opt/devkitpro/devkitA64/lib/gcc/aarch64-none-elf/15.2.0/pic/crti.o
 .rela.bss      0x000000000001a018        0x0 /opt/devkitpro/devkitA64/lib/gcc/aarch64-none-elf/15.2.0/pic/crti.o
 .rela.data.rel.ro
                0x000000000001a018        0x0 /opt/devkitpro/devkitA64/lib/gcc/aarch64-none-elf/15.2.0/pic/crti.o
 .rela.init_array
                0x000000000001a018        0x0 /opt/devkitpro/devkitA64/lib/gcc/aarch64-none-elf/15.2.0/pic/crti.o
 .rela.fini_array
                0x000000000001a018        0x0 /opt/devkitpro/devkitA64/lib/gcc/aarch64-none-elf/15.2.0/pic/crti.o
 .rela.ifunc    0x000000000001a018        0x0 /opt/devkitpro/devkitA64/lib/gcc/aarch64-none-elf/15.2.0/pic/crti.o
 .rela.data.rel.ro.local.fsdev_devoptab
                0x000000000001a018        0x0 /opt/devkitpro/devkitA64/lib/gcc/aarch64-none-elf/15.2.0/pic/crti.o
 .rela.data.rel.__sglue
                0x000000000001a018        0x0 /opt/devkitpro/devkitA64/lib/gcc/aarch64-none-elf/15.2.0/pic/crti.o
 .rela.data.rel.__malloc_av_
                0x000000000001a018        0x0 /opt/devkitpro/devkitA64/lib/gcc/aarch64-none-elf/15.2.0/pic/crti.o
 .rela.data.rel._impure_ptr
                0x000000000001a018        0x0 /opt/devkitpro/devkitA64/lib/gcc/aarch64-none-elf/15.2.0/pic/crti.o
 .rela.data.rel._impure_data
                0x000000000001a018        0x0 /opt/devkitpro/devkitA64/lib/gcc/aarch64-none-elf/15.2.0/pic/crti.o
 .rela.data.rel.local.environ
                0x000000000001a018        0x0 /opt/devkitpro/devkitA64/lib/gcc/aarch64-none-elf/15.2.0/pic/crti.o
 .rela.data.rel.__global_locale
                0x000000000001a018        0x0 /opt/devkitpro/devkitA64/lib/gcc/aarch64-none-elf/15.2.0/pic/crti.o
 .rela.data.rel.local.handles
                0x000000000001a018        0x0 /opt/devkitpro/devkitA64/lib/gcc/aarch64-none-elf/15.2.0/pic/crti.o
 .rela.data.rel.devoptab_list
                0x000000000001a018        0x0 /opt/devkitpro/devkitA64/lib/gcc/aarch64-none-elf/15.2.0/pic/crti.o
 .rela.data.rel.ro.local.dotab_stdnull
                0x000000000001a018        0x0 /opt/devkitpro/devkitA64/lib/gcc/aarch64-none-elf/15.2.0/pic/crti.o

.relr.dyn       0x000000000001a018       0x78
 *(.relr.*)
 .relr.dyn      0x000000000001a018       0x78 /opt/devkitpro/devkitA64/lib/gcc/aarch64-none-elf/15.2.0/pic/crti.o

.hash           0x000000000001a090       0x18
 *(.hash)
 .hash          0x000000000001a090       0x18 /opt/devkitpro/devkitA64/lib/gcc/aarch64-none-elf/15.2.0/pic/crti.o

.gnu.hash
 *(.gnu.hash)

.dynsym         0x000000000001a0a8       0x48
 *(.dynsym)
 .dynsym        0x000000000001a0a8       0x48 /opt/devkitpro/devkitA64/lib/gcc/aarch64-none-elf/15.2.0/pic/crti.o

.dynstr         0x000000000001a0f0        0x1
 *(.dynstr)
 .dynstr        0x000000000001a0f0        0x1 /opt/devkitpro/devkitA64/lib/gcc/aarch64-none-elf/15.2.0/pic/crti.o

.rodata         0x000000000001a100      0xa40
 *(.rodata .rodata.* .gnu.linkonce.r.*)
 .rodata.str1.8
                0x000000000001a100      0x35c build/src/main.o
                                        0x158 (size before relaxing)
 .rodata.envSetup
                0x000000000001a45c       0x11 /opt/devkitpro/libnx/lib/libnx.a(env.o)
 .rodata.__libnx_init_time.str1.8
                0x000000000001a46d        0x0 /opt/devkitpro/libnx/lib/libnx.a(newlib.o)
                                          0x3 (size before relaxing)
 .rodata.fsdev_fixpath.str1.8
                0x000000000001a46d        0x0 /opt/devkitpro/libnx/lib/libnx.a(fs_dev.o)
                                          0x2 (size before relaxing)
 .rodata._fsdevUnmountDeviceStruct.part.0.str1.8
                0x000000000001a46d        0x0 /opt/devkitpro/libnx/lib/libnx.a(fs_dev.o)
                                          0x2 (size before relaxing)
 .rodata.fsdevMountDevice.str1.8
                0x000000000001a46d        0x0 /opt/devkitpro/libnx/lib/libnx.a(fs_dev.o)
                                         0x10 (size before relaxing)
 .rodata.fsdevMountSdmc.str1.8
                0x000000000001a46d        0x0 /opt/devkitpro/libnx/lib/libnx.a(fs_dev.o)
                                          0x5 (size before relaxing)
 *fill*         0x000000000001a46d        0x3 
 .rodata.error_table
                0x000000000001a470       0x20 /opt/devkitpro/libnx/lib/libnx.a(fs_dev.o)
 .rodata.cst16  0x000000000001a490       0x30 /opt/devkitpro/libnx/lib/libnx.a(fs_dev.o)
                                         0x20 (size before relaxing)
 .rodata.smInitialize.str1.8
                0x000000000001a4c0        0x0 /opt/devkitpro/libnx/lib/libnx.a(sm.o)
                                          0x4 (size before relaxing)
 .rodata.CSWTCH.1000
                0x000000000001a4c0       0x14 /opt/devkitpro/libnx/lib/libnx.a(applet.o)
 .rodata.nxlinkSetup.str1.8
                0x000000000001a4d4        0x0 /opt/devkitpro/libnx/lib/libnx.a(nxlink.o)
                                          0x9 (size before relaxing)
 .rodata._puts_r.str1.8
                0x000000000001a4d4        0x0 /opt/devkitpro/devkitA64/lib/gcc/aarch64-none-elf/15.2.0/../../../../aarch64-none-elf/lib/pic/libg.a(libc_a-puts.o)
                                          0x2 (size before relaxing)
 .rodata.cst16  0x000000000001a4d4        0x0 /opt/devkitpro/devkitA64/lib/gcc/aarch64-none-elf/15.2.0/../../../../aarch64-none-elf/lib/pic/libg.a(libc_a-mallocr.o)
                                         0x10 (size before relaxing)
 *fill*         0x000000000001a4d4        0x4 
 .rodata._ctype_
                0x000000000001a4d8      0x101 /opt/devkitpro/devkitA64/lib/gcc/aarch64-none-elf/15.2.0/../../../../aarch64-none-elf/lib/pic/libg.a(libc_a-ctype_.o)
                0x000000000001a4d8                _ctype_
 *fill*         0x000000000001a5d9        0x3 
 .rodata.get_arg
                0x000000000001a5dc       0x40 /opt/devkitpro/devkitA64/lib/gcc/aarch64-none-elf/15.2.0/../../../../aarch64-none-elf/lib/pic/libg.a(libc_a-vfprintf.o)
 .rodata._vfprintf_r.str1.1
                0x000000000001a61c       0x3b /opt/devkitpro/devkitA64/lib/gcc/aarch64-none-elf/15.2.0/../../../../aarch64-none-elf/lib/pic/libg.a(libc_a-vfprintf.o)
 *fill*         0x000000000001a657        0x1 
 .rodata._vfprintf_r
                0x000000000001a658       0xb6 /opt/devkitpro/devkitA64/lib/gcc/aarch64-none-elf/15.2.0/../../../../aarch64-none-elf/lib/pic/libg.a(libc_a-vfprintf.o)
 *fill*         0x000000000001a70e        0x2 
 .rodata.zeroes.0
                0x000000000001a710       0x10 /opt/devkitpro/devkitA64/lib/gcc/aarch64-none-elf/15.2.0/../../../../aarch64-none-elf/lib/pic/libg.a(libc_a-vfprintf.o)
 .rodata.blanks.1
                0x000000000001a720       0x10 /opt/devkitpro/devkitA64/lib/gcc/aarch64-none-elf/15.2.0/../../../../aarch64-none-elf/lib/pic/libg.a(libc_a-vfprintf.o)
 .rodata._dtoa_r.str1.8
                0x000000000001a730        0x0 /opt/devkitpro/devkitA64/lib/gcc/aarch64-none-elf/15.2.0/../../../../aarch64-none-elf/lib/pic/libg.a(libc_a-dtoa.o)
                                         0xaa (size before relaxing)
 .rodata.cst8   0x000000000001a730       0x18 /opt/devkitpro/devkitA64/lib/gcc/aarch64-none-elf/15.2.0/../../../../aarch64-none-elf/lib/pic/libg.a(libc_a-dtoa.o)
 .rodata.__action_table
                0x000000000001a748       0x6c /opt/devkitpro/devkitA64/lib/gcc/aarch64-none-elf/15.2.0/../../../../aarch64-none-elf/lib/pic/libg.a(libc_a-svfiprintf.o)
                0x000000000001a748                __action_table
 *fill*         0x000000000001a7b4        0x4 
 .rodata.__state_table
                0x000000000001a7b8       0x6c /opt/devkitpro/devkitA64/lib/gcc/aarch64-none-elf/15.2.0/../../../../aarch64-none-elf/lib/pic/libg.a(libc_a-svfiprintf.o)
                0x000000000001a7b8                __state_table
 *fill*         0x000000000001a824        0x4 
 .rodata.__chclass
                0x000000000001a828      0x100 /opt/devkitpro/devkitA64/lib/gcc/aarch64-none-elf/15.2.0/../../../../aarch64-none-elf/lib/pic/libg.a(libc_a-svfiprintf.o)
                0x000000000001a828                __chclass
 .rodata.__assert_func.str1.8
                0x000000000001a928        0x0 /opt/devkitpro/devkitA64/lib/gcc/aarch64-none-elf/15.2.0/../../../../aarch64-none-elf/lib/pic/libg.a(libc_a-assert.o)
                                         0x47 (size before relaxing)
 .rodata.__multadd.str1.8
                0x000000000001a928        0x0 /opt/devkitpro/devkitA64/lib/gcc/aarch64-none-elf/15.2.0/../../../../aarch64-none-elf/lib/pic/libg.a(libc_a-mprec.o)
                                         0x8b (size before relaxing)
 .rodata.p05.0  0x000000000001a928        0xc /opt/devkitpro/devkitA64/lib/gcc/aarch64-none-elf/15.2.0/../../../../aarch64-none-elf/lib/pic/libg.a(libc_a-mprec.o)
 *fill*         0x000000000001a934        0x4 
 .rodata.__mprec_bigtens
                0x000000000001a938       0x28 /opt/devkitpro/devkitA64/lib/gcc/aarch64-none-elf/15.2.0/../../../../aarch64-none-elf/lib/pic/libg.a(libc_a-mprec.o)
                0x000000000001a938                __mprec_bigtens
 .rodata.__mprec_tens
                0x000000000001a960       0xc8 /opt/devkitpro/devkitA64/lib/gcc/aarch64-none-elf/15.2.0/../../../../aarch64-none-elf/lib/pic/libg.a(libc_a-mprec.o)
                0x000000000001a960                __mprec_tens
 .rodata.str1.8
                0x000000000001aa28        0x0 /opt/devkitpro/devkitA64/lib/gcc/aarch64-none-elf/15.2.0/../../../../aarch64-none-elf/lib/pic/libg.a(libc_a-locale.o)
                                         0x64 (size before relaxing)
 .rodata.get_arg
                0x000000000001aa28       0x40 /opt/devkitpro/devkitA64/lib/gcc/aarch64-none-elf/15.2.0/../../../../aarch64-none-elf/lib/pic/libg.a(libc_a-vfiprintf.o)
 .rodata._vfiprintf_r.str1.1
                0x000000000001aa68        0x0 /opt/devkitpro/devkitA64/lib/gcc/aarch64-none-elf/15.2.0/../../../../aarch64-none-elf/lib/pic/libg.a(libc_a-vfiprintf.o)
                                         0x29 (size before relaxing)
 .rodata._vfiprintf_r
                0x000000000001aa68       0xb6 /opt/devkitpro/devkitA64/lib/gcc/aarch64-none-elf/15.2.0/../../../../aarch64-none-elf/lib/pic/libg.a(libc_a-vfiprintf.o)
 *fill*         0x000000000001ab1e        0x2 
 .rodata.zeroes.0
                0x000000000001ab20       0x10 /opt/devkitpro/devkitA64/lib/gcc/aarch64-none-elf/15.2.0/../../../../aarch64-none-elf/lib/pic/libg.a(libc_a-vfiprintf.o)
 .rodata.blanks.1
                0x000000000001ab30       0x10 /opt/devkitpro/devkitA64/lib/gcc/aarch64-none-elf/15.2.0/../../../../aarch64-none-elf/lib/pic/libg.a(libc_a-vfiprintf.o)
 .rodata.AddDevice.str1.8
                0x000000000001ab40        0x0 /opt/devkitpro/devkitA64/lib/gcc/aarch64-none-elf/15.2.0/../../../../aarch64-none-elf/lib/pic/libsysbase.a(libsysbase_libsysbase_a-iosupport.o)
                                          0x8 (size before relaxing)
                0x000000000001ab40                . = ALIGN (0x8)

.tls.align      0x000000000001ab40        0x8
                0x000000000001ab40        0x8 QUAD 0x8 MAX (ALIGNOF (.tdata), ALIGNOF (.tbss))
                0x000000000001ab40                PROVIDE (__tls_align = ADDR (.tls.align))

.gcc_except_table
 *(.gcc_except_table .gcc_except_table.*)

.eh_frame_hdr   0x000000000001ab48        0x0
 *(.eh_frame_hdr)
 *(.eh_frame_entry .eh_frame_entry.*)

.eh_frame       0x000000000001ab48     0x3400
 *(.eh_frame)
 .eh_frame      0x000000000001ab48       0x48 /opt/devkitpro/devkitA64/lib/gcc/aarch64-none-elf/15.2.0/pic/crtbegin.o
 .eh_frame      0x000000000001ab90       0x28 build/src/main.o
                                         0x38 (size before relaxing)
 .eh_frame      0x000000000001abb8       0x38 /opt/devkitpro/libnx/lib/libnx.a(dynamic.o)
                                         0x48 (size before relaxing)
 .eh_frame      0x000000000001abf0       0xa8 /opt/devkitpro/libnx/lib/libnx.a(init.o)
                                         0xb8 (size before relaxing)
 .eh_frame      0x000000000001ac98      0x148 /opt/devkitpro/libnx/lib/libnx.a(env.o)
                                        0x210 (size before relaxing)
 .eh_frame      0x000000000001ade0       0xf0 /opt/devkitpro/libnx/lib/libnx.a(newlib.o)
                                        0x3f8 (size before relaxing)
 .eh_frame      0x000000000001aed0       0x18 /opt/devkitpro/libnx/lib/libnx.a(diag.o)
                                         0x30 (size before relaxing)
 .eh_frame      0x000000000001aee8       0x38 /opt/devkitpro/libnx/lib/libnx.a(argv.o)
                                         0x48 (size before relaxing)
 .eh_frame      0x000000000001af20      0x6b0 /opt/devkitpro/libnx/lib/libnx.a(fs_dev.o)
                                        0x9b0 (size before relaxing)
 .eh_frame      0x000000000001b5d0       0x18 /opt/devkitpro/libnx/lib/libnx.a(decode_utf8.o)
                                         0x28 (size before relaxing)
 .eh_frame      0x000000000001b5e8      0x1b8 /opt/devkitpro/libnx/lib/libnx.a(svc.o)
                                        0xa00 (size before relaxing)
 .eh_frame      0x000000000001b7a0       0x28 /opt/devkitpro/libnx/lib/libnx.a(exception.o)
                                         0x40 (size before relaxing)
 .eh_frame      0x000000000001b7c8       0x18 /opt/devkitpro/libnx/lib/libnx.a(readtp.o)
                                         0x28 (size before relaxing)
 .eh_frame      0x000000000001b7e0       0x98 /opt/devkitpro/libnx/lib/libnx.a(mutex.o)
                                         0xe0 (size before relaxing)
 .eh_frame      0x000000000001b878      0x140 /opt/devkitpro/libnx/lib/libnx.a(virtmem.o)
                                        0x218 (size before relaxing)
 .eh_frame      0x000000000001b9b8       0x30 /opt/devkitpro/libnx/lib/libnx.a(condvar.o)
                                         0x40 (size before relaxing)
 .eh_frame      0x000000000001b9e8       0x58 /opt/devkitpro/libnx/lib/libnx.a(random.o)
                                         0x70 (size before relaxing)
 .eh_frame      0x000000000001ba40       0x28 /opt/devkitpro/libnx/lib/libnx.a(thread.o)
                                        0x298 (size before relaxing)
 .eh_frame      0x000000000001ba68       0xd0 /opt/devkitpro/libnx/lib/libnx.a(set.o)
                                       0x2b38 (size before relaxing)
 .eh_frame      0x000000000001bb38      0x470 /opt/devkitpro/libnx/lib/libnx.a(fs.o)
                                       0x1680 (size before relaxing)
 .eh_frame      0x000000000001bfa8      0x128 /opt/devkitpro/libnx/lib/libnx.a(sm.o)
                                        0x2c0 (size before relaxing)
 .eh_frame      0x000000000001c0d0      0x480 /opt/devkitpro/libnx/lib/libnx.a(applet.o)
                                       0x3860 (size before relaxing)
 .eh_frame      0x000000000001c550      0x170 /opt/devkitpro/libnx/lib/libnx.a(time.o)
                                        0x378 (size before relaxing)
 .eh_frame      0x000000000001c6c0       0x88 /opt/devkitpro/libnx/lib/libnx.a(hid.o)
                                       0x1a50 (size before relaxing)
 .eh_frame      0x000000000001c748       0x28 /opt/devkitpro/libnx/lib/libnx.a(hosversion.o)
                                         0x50 (size before relaxing)
 .eh_frame      0x000000000001c770       0x30 /opt/devkitpro/libnx/lib/libnx.a(nxlink.o)
                                         0x40 (size before relaxing)
 .eh_frame      0x000000000001c7a0       0x28 /opt/devkitpro/libnx/lib/libnx.a(alloc.o)
                                         0x50 (size before relaxing)
 .eh_frame      0x000000000001c7c8       0x78 /opt/devkitpro/libnx/lib/libnx.a(shmem.o)
                                         0xa0 (size before relaxing)
 .eh_frame      0x000000000001c840       0x48 /opt/devkitpro/libnx/lib/libnx.a(wait.o)
                                         0xb0 (size before relaxing)
 .eh_frame      0x000000000001c888       0x68 /opt/devkitpro/libnx/lib/libnx.a(tmem.o)
                                        0x128 (size before relaxing)
 .eh_frame      0x000000000001c8f0       0x60 /opt/devkitpro/libnx/lib/libnx.a(event.o)
                                         0xc0 (size before relaxing)
 .eh_frame      0x000000000001c950      0x100 /opt/devkitpro/libnx/lib/libnx.a(sessionmgr.o)
                                        0x110 (size before relaxing)
 .eh_frame      0x000000000001ca50       0xb0 /opt/devkitpro/libnx/lib/libnx.a(apm.o)
                                        0x138 (size before relaxing)
 .eh_frame      0x000000000001cb00       0x18 /opt/devkitpro/devkitA64/lib/gcc/aarch64-none-elf/15.2.0/../../../../aarch64-none-elf/lib/pic/libg.a(libc_a-memset.o)
                                         0x28 (size before relaxing)
 .eh_frame      0x000000000001cb18       0x28 /opt/devkitpro/devkitA64/lib/gcc/aarch64-none-elf/15.2.0/../../../../aarch64-none-elf/lib/pic/libg.a(libc_a-setenv.o)
                                         0x58 (size before relaxing)
 .eh_frame      0x000000000001cb40       0x18 /opt/devkitpro/devkitA64/lib/gcc/aarch64-none-elf/15.2.0/../../../../aarch64-none-elf/lib/pic/libg.a(libc_a-strcmp.o)
                                         0x28 (size before relaxing)
 .eh_frame      0x000000000001cb58       0x18 /opt/devkitpro/devkitA64/lib/gcc/aarch64-none-elf/15.2.0/../../../../aarch64-none-elf/lib/pic/libg.a(libc_a-strncmp.o)
                                         0x28 (size before relaxing)
 .eh_frame      0x000000000001cb70       0xc8 /opt/devkitpro/devkitA64/lib/gcc/aarch64-none-elf/15.2.0/../../../../aarch64-none-elf/lib/pic/libg.a(libc_a-findfp.o)
                                        0x188 (size before relaxing)
 .eh_frame      0x000000000001cc38       0x38 /opt/devkitpro/devkitA64/lib/gcc/aarch64-none-elf/15.2.0/../../../../aarch64-none-elf/lib/pic/libg.a(libc_a-strtoul.o)
                                         0x98 (size before relaxing)
 .eh_frame      0x000000000001cc70       0x28 /opt/devkitpro/devkitA64/lib/gcc/aarch64-none-elf/15.2.0/../../../../aarch64-none-elf/lib/pic/libg.a(libc_a-init.o)
                                         0x40 (size before relaxing)
 .eh_frame      0x000000000001cc98       0x18 /opt/devkitpro/devkitA64/lib/gcc/aarch64-none-elf/15.2.0/../../../../aarch64-none-elf/lib/pic/libg.a(libc_a-strncat.o)
                                         0x28 (size before relaxing)
 .eh_frame      0x000000000001ccb0       0x38 /opt/devkitpro/devkitA64/lib/gcc/aarch64-none-elf/15.2.0/../../../../aarch64-none-elf/lib/pic/libg.a(libc_a-fwalk.o)
                                         0x50 (size before relaxing)
 .eh_frame      0x000000000001cce8       0x68 /opt/devkitpro/devkitA64/lib/gcc/aarch64-none-elf/15.2.0/../../../../aarch64-none-elf/lib/pic/libg.a(libc_a-bsearch.o)
                                         0x78 (size before relaxing)